Archive member included to satisfy reference by file (symbol)

c:/program files (x86)/atmel/studio/7.0/toolchain/arm/arm-gnu-toolchain/bin/../lib/gcc/arm-none-eabi/6.3.1/../../../../arm-none-eabi/lib/thumb/v7-m\libc.a(lib_a-exit.o)
                              c:/program files (x86)/atmel/studio/7.0/toolchain/arm/arm-gnu-toolchain/bin/../lib/gcc/arm-none-eabi/6.3.1/../../../../arm-none-eabi/lib/thumb/v7-m/crt0.o (exit)
c:/program files (x86)/atmel/studio/7.0/toolchain/arm/arm-gnu-toolchain/bin/../lib/gcc/arm-none-eabi/6.3.1/../../../../arm-none-eabi/lib/thumb/v7-m\libc.a(lib_a-impure.o)
                              c:/program files (x86)/atmel/studio/7.0/toolchain/arm/arm-gnu-toolchain/bin/../lib/gcc/arm-none-eabi/6.3.1/../../../../arm-none-eabi/lib/thumb/v7-m\libc.a(lib_a-exit.o) (_global_impure_ptr)
c:/program files (x86)/atmel/studio/7.0/toolchain/arm/arm-gnu-toolchain/bin/../lib/gcc/arm-none-eabi/6.3.1/../../../../arm-none-eabi/lib/thumb/v7-m\libc.a(lib_a-init.o)
                              c:/program files (x86)/atmel/studio/7.0/toolchain/arm/arm-gnu-toolchain/bin/../lib/gcc/arm-none-eabi/6.3.1/../../../../arm-none-eabi/lib/thumb/v7-m/crt0.o (__libc_init_array)
c:/program files (x86)/atmel/studio/7.0/toolchain/arm/arm-gnu-toolchain/bin/../lib/gcc/arm-none-eabi/6.3.1/../../../../arm-none-eabi/lib/thumb/v7-m\libc.a(lib_a-iprintf.o)
                              src/ConsoleFunctions.o (iprintf)
c:/program files (x86)/atmel/studio/7.0/toolchain/arm/arm-gnu-toolchain/bin/../lib/gcc/arm-none-eabi/6.3.1/../../../../arm-none-eabi/lib/thumb/v7-m\libc.a(lib_a-itoa.o)
                              src/lcdApplication.o (itoa)
c:/program files (x86)/atmel/studio/7.0/toolchain/arm/arm-gnu-toolchain/bin/../lib/gcc/arm-none-eabi/6.3.1/../../../../arm-none-eabi/lib/thumb/v7-m\libc.a(lib_a-memset.o)
                              c:/program files (x86)/atmel/studio/7.0/toolchain/arm/arm-gnu-toolchain/bin/../lib/gcc/arm-none-eabi/6.3.1/../../../../arm-none-eabi/lib/thumb/v7-m/crt0.o (memset)
c:/program files (x86)/atmel/studio/7.0/toolchain/arm/arm-gnu-toolchain/bin/../lib/gcc/arm-none-eabi/6.3.1/../../../../arm-none-eabi/lib/thumb/v7-m\libc.a(lib_a-setbuf.o)
                              src/ASF/thirdparty/wireless/addons/sio2host/uart/sio2host.o (setbuf)
c:/program files (x86)/atmel/studio/7.0/toolchain/arm/arm-gnu-toolchain/bin/../lib/gcc/arm-none-eabi/6.3.1/../../../../arm-none-eabi/lib/thumb/v7-m\libc.a(lib_a-setvbuf.o)
                              c:/program files (x86)/atmel/studio/7.0/toolchain/arm/arm-gnu-toolchain/bin/../lib/gcc/arm-none-eabi/6.3.1/../../../../arm-none-eabi/lib/thumb/v7-m\libc.a(lib_a-setbuf.o) (setvbuf)
c:/program files (x86)/atmel/studio/7.0/toolchain/arm/arm-gnu-toolchain/bin/../lib/gcc/arm-none-eabi/6.3.1/../../../../arm-none-eabi/lib/thumb/v7-m\libc.a(lib_a-utoa.o)
                              c:/program files (x86)/atmel/studio/7.0/toolchain/arm/arm-gnu-toolchain/bin/../lib/gcc/arm-none-eabi/6.3.1/../../../../arm-none-eabi/lib/thumb/v7-m\libc.a(lib_a-itoa.o) (__utoa)
c:/program files (x86)/atmel/studio/7.0/toolchain/arm/arm-gnu-toolchain/bin/../lib/gcc/arm-none-eabi/6.3.1/../../../../arm-none-eabi/lib/thumb/v7-m\libc.a(lib_a-vfiprintf.o)
                              c:/program files (x86)/atmel/studio/7.0/toolchain/arm/arm-gnu-toolchain/bin/../lib/gcc/arm-none-eabi/6.3.1/../../../../arm-none-eabi/lib/thumb/v7-m\libc.a(lib_a-iprintf.o) (_vfiprintf_r)
c:/program files (x86)/atmel/studio/7.0/toolchain/arm/arm-gnu-toolchain/bin/../lib/gcc/arm-none-eabi/6.3.1/../../../../arm-none-eabi/lib/thumb/v7-m\libc.a(lib_a-wsetup.o)
                              c:/program files (x86)/atmel/studio/7.0/toolchain/arm/arm-gnu-toolchain/bin/../lib/gcc/arm-none-eabi/6.3.1/../../../../arm-none-eabi/lib/thumb/v7-m\libc.a(lib_a-vfiprintf.o) (__swsetup_r)
c:/program files (x86)/atmel/studio/7.0/toolchain/arm/arm-gnu-toolchain/bin/../lib/gcc/arm-none-eabi/6.3.1/../../../../arm-none-eabi/lib/thumb/v7-m\libc.a(lib_a-__call_atexit.o)
                              c:/program files (x86)/atmel/studio/7.0/toolchain/arm/arm-gnu-toolchain/bin/../lib/gcc/arm-none-eabi/6.3.1/../../../../arm-none-eabi/lib/thumb/v7-m\libc.a(lib_a-exit.o) (__call_exitprocs)
c:/program files (x86)/atmel/studio/7.0/toolchain/arm/arm-gnu-toolchain/bin/../lib/gcc/arm-none-eabi/6.3.1/../../../../arm-none-eabi/lib/thumb/v7-m\libc.a(lib_a-atexit.o)
                              c:/program files (x86)/atmel/studio/7.0/toolchain/arm/arm-gnu-toolchain/bin/../lib/gcc/arm-none-eabi/6.3.1/../../../../arm-none-eabi/lib/thumb/v7-m\libc.a(lib_a-__call_atexit.o) (atexit)
c:/program files (x86)/atmel/studio/7.0/toolchain/arm/arm-gnu-toolchain/bin/../lib/gcc/arm-none-eabi/6.3.1/../../../../arm-none-eabi/lib/thumb/v7-m\libc.a(lib_a-fflush.o)
                              c:/program files (x86)/atmel/studio/7.0/toolchain/arm/arm-gnu-toolchain/bin/../lib/gcc/arm-none-eabi/6.3.1/../../../../arm-none-eabi/lib/thumb/v7-m\libc.a(lib_a-setvbuf.o) (_fflush_r)
[...]
Memory Configuration

Name             Origin             Length             Attributes
rom              0x00080000         0x00080000         xr
sram0            0x20000000         0x00010000         xrw
sram1            0x20080000         0x00008000         xrw
ram              0x20070000         0x00018000         xrw
*default*        0x00000000         0xffffffff

Linker script and memory map

LOAD c:/program files (x86)/atmel/studio/7.0/toolchain/arm/arm-gnu-toolchain/bin/../lib/gcc/arm-none-eabi/6.3.1/thumb/v7-m/crti.o
LOAD c:/program files (x86)/atmel/studio/7.0/toolchain/arm/arm-gnu-toolchain/bin/../lib/gcc/arm-none-eabi/6.3.1/thumb/v7-m/crtbegin.o
LOAD c:/program files (x86)/atmel/studio/7.0/toolchain/arm/arm-gnu-toolchain/bin/../lib/gcc/arm-none-eabi/6.3.1/../../../../arm-none-eabi/lib/thumb/v7-m/crt0.o
LOAD src/ASF/common/services/serial/usart_serial.o
LOAD src/ASF/common/utils/stdio/read.o
LOAD src/ASF/common/utils/stdio/write.o
LOAD src/ASF/sam/drivers/tc/tc.o
LOAD src/ASF/sam/drivers/uart/uart.o
LOAD src/ASF/sam/drivers/usart/usart.o
LOAD src/ASF/thirdparty/wireless/addons/sio2host/uart/sio2host.o
LOAD src/ConsoleFunctions.o
LOAD src/DelayFunctions.o
LOAD src/lcdApplication.o
LOAD src/LCDFunctions.o
LOAD src/createHamming.o
LOAD src/usart0.o
LOAD src/ASF/common/services/clock/sam3x/sysclk.o
LOAD src/ASF/common/utils/interrupt/interrupt_sam_nvic.o
LOAD src/ASF/sam/boards/arduino_due_x/init.o
LOAD src/ASF/sam/drivers/pio/pio.o
LOAD src/ASF/sam/drivers/pio/pio_handler.o
LOAD src/ASF/sam/drivers/pmc/pmc.o
LOAD src/ASF/sam/drivers/pmc/sleep.o
LOAD src/ASF/sam/utils/cmsis/sam3x/source/templates/exceptions.o
LOAD src/ASF/sam/utils/cmsis/sam3x/source/templates/gcc/startup_sam3x.o
LOAD src/ASF/sam/utils/cmsis/sam3x/source/templates/system_sam3x.o
LOAD src/ASF/sam/utils/syscalls/gcc/syscalls.o
LOAD src/main.o
START GROUP
LOAD ../src/ASF/thirdparty/CMSIS/Lib/GCC\libarm_cortexM3l_math.a
LOAD c:/program files (x86)/atmel/studio/7.0/toolchain/arm/arm-gnu-toolchain/bin/../lib/gcc/arm-none-eabi/6.3.1/../../../../arm-none-eabi/lib/thumb/v7-m\libm.a
END GROUP
START GROUP
LOAD c:/program files (x86)/atmel/studio/7.0/toolchain/arm/arm-gnu-toolchain/bin/../lib/gcc/arm-none-eabi/6.3.1/thumb/v7-m\libgcc.a
LOAD c:/program files (x86)/atmel/studio/7.0/toolchain/arm/arm-gnu-toolchain/bin/../lib/gcc/arm-none-eabi/6.3.1/../../../../arm-none-eabi/lib/thumb/v7-m\libc.a
END GROUP
LOAD c:/program files (x86)/atmel/studio/7.0/toolchain/arm/arm-gnu-toolchain/bin/../lib/gcc/arm-none-eabi/6.3.1/thumb/v7-m/crtend.o
LOAD c:/program files (x86)/atmel/studio/7.0/toolchain/arm/arm-gnu-toolchain/bin/../lib/gcc/arm-none-eabi/6.3.1/thumb/v7-m/crtn.o
                0x00002000                __stack_size__ = DEFINED (__stack_size__)?__stack_size__:0x2000
                0x20087ffc                __ram_end__ = ((ORIGIN (ram) + LENGTH (ram)) - 0x4)

.text           0x00080000     0x41dc
                0x00080000                . = ALIGN (0x4)
                0x00080000                _sfixed = .
 *(.vectors .vectors.*)
 .vectors       0x00080000       0xf4 src/ASF/sam/utils/cmsis/sam3x/source/templates/gcc/startup_sam3x.o
                0x00080000                exception_table
 *(.text .text.* .gnu.linkonce.t.*)
 .text          0x000800f4       0x6c c:/program files (x86)/atmel/studio/7.0/toolchain/arm/arm-gnu-toolchain/bin/../lib/gcc/arm-none-eabi/6.3.1/thumb/v7-m/crtbegin.o
 .text.usart_serial_read_packet
                0x00080160       0xc8 src/ASF/common/services/serial/usart_serial.o
                0x00080160                usart_serial_read_packet
 .text._read    0x00080228       0x3c src/ASF/common/utils/stdio/read.o
                0x00080228                _read
 .text._write   0x00080264       0x50 src/ASF/common/utils/stdio/write.o
                0x00080264                _write
 .text.tc_init  0x000802b4       0x18 src/ASF/sam/drivers/tc/tc.o
                0x000802b4                tc_init
 .text.tc_set_block_mode
                0x000802cc        0x6 src/ASF/sam/drivers/tc/tc.o
                0x000802cc                tc_set_block_mode
 .text.tc_start
                0x000802d2        0x8 src/ASF/sam/drivers/tc/tc.o
                0x000802d2                tc_start
 .text.tc_stop  0x000802da        0x8 src/ASF/sam/drivers/tc/tc.o
                0x000802da                tc_stop
 .text.tc_read_cv
                0x000802e2        0x8 src/ASF/sam/drivers/tc/tc.o
                0x000802e2                tc_read_cv
 .text.uart_init
                0x000802ea       0x36 src/ASF/sam/drivers/uart/uart.o
                0x000802ea                uart_init
 .text.uart_write
                0x00080320       0x10 src/ASF/sam/drivers/uart/uart.o
                0x00080320                uart_write
 .text.uart_read
                0x00080330       0x12 src/ASF/sam/drivers/uart/uart.o
                0x00080330                uart_read
 .text.usart_write
                0x00080342       0x14 src/ASF/sam/drivers/usart/usart.o
                0x00080342                usart_write
 .text.usart_read
                0x00080356       0x18 src/ASF/sam/drivers/usart/usart.o
                0x00080356                usart_read
 *fill*         0x0008036e        0x2 
 .text.USART0_Handler
                0x00080370       0x60 src/ASF/thirdparty/wireless/addons/sio2host/uart/sio2host.o
                0x00080370                USART0_Handler
 .text.usart_serial_getchar
                0x000803d0       0xac src/ConsoleFunctions.o
 .text.usart_serial_putchar
                0x0008047c       0x9c src/ConsoleFunctions.o
 .text.configureConsole
                0x00080518       0x94 src/ConsoleFunctions.o
                0x00080518                configureConsole
 .text.delayInit
                0x000805ac       0x3c src/DelayFunctions.o
                0x000805ac                delayInit
 .text.delayMicroseconds
                0x000805e8       0x3c src/DelayFunctions.o
                0x000805e8                delayMicroseconds
 .text.lcdWrite4DigitNumber
                0x00080624       0x40 src/lcdApplication.o
                0x00080624                lcdWrite4DigitNumber
 .text.lcdWrite
                0x00080664       0x94 src/LCDFunctions.o
                0x00080664                lcdWrite
 .text.lcdInit  0x000806f8       0xe8 src/LCDFunctions.o
                0x000806f8                lcdInit
 .text.lcdClearDisplay
                0x000807e0       0x20 src/LCDFunctions.o
                0x000807e0                lcdClearDisplay
 .text.createHammingCode
                0x00080800       0x7c src/createHamming.o
                0x00080800                createHammingCode
 .text.usart0_init
                0x0008087c       0x50 src/usart0.o
                0x0008087c                usart0_init
 .text.usart0_transmit
                0x000808cc       0x24 src/usart0.o
                0x000808cc                usart0_transmit
 .text.usart0_send_Packet
                0x000808f0       0x24 src/usart0.o
                0x000808f0                usart0_send_Packet
 .text.sysclk_init
                0x00080914       0x64 src/ASF/common/services/clock/sam3x/sysclk.o
                0x00080914                sysclk_init
 .text.board_init
                0x00080978       0x70 src/ASF/sam/boards/arduino_due_x/init.o
                0x00080978                board_init
 .text.pio_set_peripheral
                0x000809e8       0x3e src/ASF/sam/drivers/pio/pio.o
                0x000809e8                pio_set_peripheral
 .text.pio_set_input
                0x00080a26       0x32 src/ASF/sam/drivers/pio/pio.o
                0x00080a26                pio_set_input
 .text.pio_set_output
                0x00080a58       0x26 src/ASF/sam/drivers/pio/pio.o
                0x00080a58                pio_set_output
 .text.pio_get_interrupt_status
                0x00080a7e        0x4 src/ASF/sam/drivers/pio/pio.o
                0x00080a7e                pio_get_interrupt_status
 .text.pio_get_interrupt_mask
                0x00080a82        0x4 src/ASF/sam/drivers/pio/pio.o
                0x00080a82                pio_get_interrupt_mask
 *fill*         0x00080a86        0x2 
 .text.pio_configure_pin
                0x00080a88       0xd0 src/ASF/sam/drivers/pio/pio.o
                0x00080a88                pio_configure_pin
 .text.pio_configure_pin_group
                0x00080b58       0x9c src/ASF/sam/drivers/pio/pio.o
                0x00080b58                pio_configure_pin_group
 .text.pio_handler_process
                0x00080bf4       0x50 src/ASF/sam/drivers/pio/pio_handler.o
                0x00080bf4                pio_handler_process
 .text.PIOA_Handler
                0x00080c44       0x14 src/ASF/sam/drivers/pio/pio_handler.o
                0x00080c44                PIOA_Handler
 .text.PIOB_Handler
                0x00080c58       0x14 src/ASF/sam/drivers/pio/pio_handler.o
                0x00080c58                PIOB_Handler
 .text.PIOC_Handler
                0x00080c6c       0x14 src/ASF/sam/drivers/pio/pio_handler.o
                0x00080c6c                PIOC_Handler
 .text.PIOD_Handler
                0x00080c80       0x14 src/ASF/sam/drivers/pio/pio_handler.o
                0x00080c80                PIOD_Handler
 .text.pmc_switch_mck_to_pllack
                0x00080c94       0x64 src/ASF/sam/drivers/pmc/pmc.o
                0x00080c94                pmc_switch_mck_to_pllack
 .text.pmc_switch_mainck_to_xtal
                0x00080cf8       0x54 src/ASF/sam/drivers/pmc/pmc.o
                0x00080cf8                pmc_switch_mainck_to_xtal
 .text.pmc_osc_is_ready_mainck
                0x00080d4c       0x10 src/ASF/sam/drivers/pmc/pmc.o
                0x00080d4c                pmc_osc_is_ready_mainck
 .text.pmc_disable_pllack
                0x00080d5c       0x10 src/ASF/sam/drivers/pmc/pmc.o
                0x00080d5c                pmc_disable_pllack
 .text.pmc_is_locked_pllack
                0x00080d6c       0x10 src/ASF/sam/drivers/pmc/pmc.o
                0x00080d6c                pmc_is_locked_pllack
 .text.pmc_enable_periph_clk
                0x00080d7c       0x54 src/ASF/sam/drivers/pmc/pmc.o
                0x00080d7c                pmc_enable_periph_clk
 .text.Dummy_Handler
                0x00080dd0        0x2 src/ASF/sam/utils/cmsis/sam3x/source/templates/exceptions.o
                0x00080dd0                DACC_Handler
                0x00080dd0                DebugMon_Handler
                0x00080dd0                DMAC_Handler
                0x00080dd0                TRNG_Handler
                0x00080dd0                HardFault_Handler
                0x00080dd0                TC2_Handler
                0x00080dd0                SysTick_Handler
                0x00080dd0                USART3_Handler
                0x00080dd0                TWI1_Handler
                0x00080dd0                PendSV_Handler
                0x00080dd0                NMI_Handler
                0x00080dd0                TC7_Handler
                0x00080dd0                ADC_Handler
                0x00080dd0                SMC_Handler
                0x00080dd0                RTT_Handler
                0x00080dd0                EFC1_Handler
                0x00080dd0                RTC_Handler
                0x00080dd0                UsageFault_Handler
                0x00080dd0                TC6_Handler
                0x00080dd0                WDT_Handler
                0x00080dd0                CAN0_Handler
                0x00080dd0                TC4_Handler
                0x00080dd0                TC1_Handler
                0x00080dd0                HSMCI_Handler
                0x00080dd0                TC3_Handler
                0x00080dd0                Dummy_Handler
                0x00080dd0                TWI0_Handler
                0x00080dd0                USART1_Handler
                0x00080dd0                SSC_Handler
                0x00080dd0                EFC0_Handler
                0x00080dd0                PMC_Handler
                0x00080dd0                PWM_Handler
                0x00080dd0                CAN1_Handler
                0x00080dd0                MemManage_Handler
                0x00080dd0                SUPC_Handler
                0x00080dd0                SVC_Handler
                0x00080dd0                TC8_Handler
                0x00080dd0                USART2_Handler
                0x00080dd0                EMAC_Handler
                0x00080dd0                UART_Handler
                0x00080dd0                BusFault_Handler
                0x00080dd0                RSTC_Handler
                0x00080dd0                TC0_Handler
                0x00080dd0                TC5_Handler
                0x00080dd0                UOTGHS_Handler
                0x00080dd0                SPI0_Handler
 *fill*         0x00080dd2        0x2 
 .text.Reset_Handler
                0x00080dd4       0x98 src/ASF/sam/utils/cmsis/sam3x/source/templates/gcc/startup_sam3x.o
                0x00080dd4                Reset_Handler
 .text.SystemCoreClockUpdate
                0x00080e6c      0x118 src/ASF/sam/utils/cmsis/sam3x/source/templates/system_sam3x.o
                0x00080e6c                SystemCoreClockUpdate
 .text._sbrk    0x00080f84       0x38 src/ASF/sam/utils/syscalls/gcc/syscalls.o
                0x00080f84                _sbrk
 .text._close   0x00080fbc        0x6 src/ASF/sam/utils/syscalls/gcc/syscalls.o
                0x00080fbc                _close
 .text._fstat   0x00080fc2        0xa src/ASF/sam/utils/syscalls/gcc/syscalls.o
                0x00080fc2                _fstat
 .text._isatty  0x00080fcc        0x4 src/ASF/sam/utils/syscalls/gcc/syscalls.o
                0x00080fcc                _isatty
 .text._lseek   0x00080fd0        0x4 src/ASF/sam/utils/syscalls/gcc/syscalls.o
                0x00080fd0                _lseek
 .text.main     0x00080fd4       0xf0 src/main.o
                0x00080fd4                main
 .text.__libc_init_array
                0x000810c4       0x50 c:/program files (x86)/atmel/studio/7.0/toolchain/arm/arm-gnu-toolchain/bin/../lib/gcc/arm-none-eabi/6.3.1/../../../../arm-none-eabi/lib/thumb/v7-m\libc.a(lib_a-init.o)
                0x000810c4                __libc_init_array
 .text.iprintf  0x00081114       0x28 c:/program files (x86)/atmel/studio/7.0/toolchain/arm/arm-gnu-toolchain/bin/../lib/gcc/arm-none-eabi/6.3.1/../../../../arm-none-eabi/lib/thumb/v7-m\libc.a(lib_a-iprintf.o)
                0x00081114                iprintf
 .text.__itoa   0x0008113c       0x30 c:/program files (x86)/atmel/studio/7.0/toolchain/arm/arm-gnu-toolchain/bin/../lib/gcc/arm-none-eabi/6.3.1/../../../../arm-none-eabi/lib/thumb/v7-m\libc.a(lib_a-itoa.o)
                0x0008113c                __itoa
 .text.itoa     0x0008116c        0x4 c:/program files (x86)/atmel/studio/7.0/toolchain/arm/arm-gnu-toolchain/bin/../lib/gcc/arm-none-eabi/6.3.1/../../../../arm-none-eabi/lib/thumb/v7-m\libc.a(lib_a-itoa.o)
                0x0008116c                itoa
 .text.memset   0x00081170       0x9c c:/program files (x86)/atmel/studio/7.0/toolchain/arm/arm-gnu-toolchain/bin/../lib/gcc/arm-none-eabi/6.3.1/../../../../arm-none-eabi/lib/thumb/v7-m\libc.a(lib_a-memset.o)
                0x00081170                memset
 .text.setbuf   0x0008120c       0x10 c:/program files (x86)/atmel/studio/7.0/toolchain/arm/arm-gnu-toolchain/bin/../lib/gcc/arm-none-eabi/6.3.1/../../../../arm-none-eabi/lib/thumb/v7-m\libc.a(lib_a-setbuf.o)
                0x0008120c                setbuf
 .text.setvbuf  0x0008121c      0x190 c:/program files (x86)/atmel/studio/7.0/toolchain/arm/arm-gnu-toolchain/bin/../lib/gcc/arm-none-eabi/6.3.1/../../../../arm-none-eabi/lib/thumb/v7-m\libc.a(lib_a-setvbuf.o)
                0x0008121c                setvbuf
 .text.__utoa   0x000813ac       0x80 c:/program files (x86)/atmel/studio/7.0/toolchain/arm/arm-gnu-toolchain/bin/../lib/gcc/arm-none-eabi/6.3.1/../../../../arm-none-eabi/lib/thumb/v7-m\libc.a(lib_a-utoa.o)
                0x000813ac                __utoa
 .text.__sprint_r.part.0
                0x0008142c       0x80 c:/program files (x86)/atmel/studio/7.0/toolchain/arm/arm-gnu-toolchain/bin/../lib/gcc/arm-none-eabi/6.3.1/../../../../arm-none-eabi/lib/thumb/v7-m\libc.a(lib_a-vfiprintf.o)
 .text._vfiprintf_r
                0x000814ac      0xc88 c:/program files (x86)/atmel/studio/7.0/toolchain/arm/arm-gnu-toolchain/bin/../lib/gcc/arm-none-eabi/6.3.1/../../../../arm-none-eabi/lib/thumb/v7-m\libc.a(lib_a-vfiprintf.o)
                0x000814ac                _vfiprintf_r
 .text.__sbprintf
                0x00082134       0x88 c:/program files (x86)/atmel/studio/7.0/toolchain/arm/arm-gnu-toolchain/bin/../lib/gcc/arm-none-eabi/6.3.1/../../../../arm-none-eabi/lib/thumb/v7-m\libc.a(lib_a-vfiprintf.o)
 .text.__swsetup_r
                0x000821bc       0xc8 c:/program files (x86)/atmel/studio/7.0/toolchain/arm/arm-gnu-toolchain/bin/../lib/gcc/arm-none-eabi/6.3.1/../../../../arm-none-eabi/lib/thumb/v7-m\libc.a(lib_a-wsetup.o)
                0x000821bc                __swsetup_r
 .text.startup.register_fini
                0x00082284       0x14 c:/program files (x86)/atmel/studio/7.0/toolchain/arm/arm-gnu-toolchain/bin/../lib/gcc/arm-none-eabi/6.3.1/../../../../arm-none-eabi/lib/thumb/v7-m\libc.a(lib_a-__call_atexit.o)
 .text.atexit   0x00082298        0xc c:/program files (x86)/atmel/studio/7.0/toolchain/arm/arm-gnu-toolchain/bin/../lib/gcc/arm-none-eabi/6.3.1/../../../../arm-none-eabi/lib/thumb/v7-m\libc.a(lib_a-atexit.o)
                0x00082298                atexit
 .text.__sflush_r
                0x000822a4      0x138 c:/program files (x86)/atmel/studio/7.0/toolchain/arm/arm-gnu-toolchain/bin/../lib/gcc/arm-none-eabi/6.3.1/../../../../arm-none-eabi/lib/thumb/v7-m\libc.a(lib_a-fflush.o)
                0x000822a4                __sflush_r
 .text._fflush_r
                0x000823dc       0x54 c:/program files (x86)/atmel/studio/7.0/toolchain/arm/arm-gnu-toolchain/bin/../lib/gcc/arm-none-eabi/6.3.1/../../../../arm-none-eabi/lib/thumb/v7-m\libc.a(lib_a-fflush.o)
                0x000823dc                _fflush_r
 .text._cleanup_r
                0x00082430        0xc c:/program files (x86)/atmel/studio/7.0/toolchain/arm/arm-gnu-toolchain/bin/../lib/gcc/arm-none-eabi/6.3.1/../../../../arm-none-eabi/lib/thumb/v7-m\libc.a(lib_a-findfp.o)
                0x00082430                _cleanup_r
 .text.std.isra.0
                0x0008243c       0x50 c:/program files (x86)/atmel/studio/7.0/toolchain/arm/arm-gnu-toolchain/bin/../lib/gcc/arm-none-eabi/6.3.1/../../../../arm-none-eabi/lib/thumb/v7-m\libc.a(lib_a-findfp.o)
 .text.__sinit  0x0008248c       0x60 c:/program files (x86)/atmel/studio/7.0/toolchain/arm/arm-gnu-toolchain/bin/../lib/gcc/arm-none-eabi/6.3.1/../../../../arm-none-eabi/lib/thumb/v7-m\libc.a(lib_a-findfp.o)
                0x0008248c                __sinit
 .text.__sfp_lock_acquire
                0x000824ec        0xc c:/program files (x86)/atmel/studio/7.0/toolchain/arm/arm-gnu-toolchain/bin/../lib/gcc/arm-none-eabi/6.3.1/../../../../arm-none-eabi/lib/thumb/v7-m\libc.a(lib_a-findfp.o)
                0x000824ec                __sfp_lock_acquire
 .text.__sfp_lock_release
                0x000824f8        0xc c:/program files (x86)/atmel/studio/7.0/toolchain/arm/arm-gnu-toolchain/bin/../lib/gcc/arm-none-eabi/6.3.1/../../../../arm-none-eabi/lib/thumb/v7-m\libc.a(lib_a-findfp.o)
                0x000824f8                __sfp_lock_release
 .text.__libc_fini_array
                0x00082504       0x34 c:/program files (x86)/atmel/studio/7.0/toolchain/arm/arm-gnu-toolchain/bin/../lib/gcc/arm-none-eabi/6.3.1/../../../../arm-none-eabi/lib/thumb/v7-m\libc.a(lib_a-fini.o)
                0x00082504                __libc_fini_array
 .text.__fputwc
                0x00082538       0x98 c:/program files (x86)/atmel/studio/7.0/toolchain/arm/arm-gnu-toolchain/bin/../lib/gcc/arm-none-eabi/6.3.1/../../../../arm-none-eabi/lib/thumb/v7-m\libc.a(lib_a-fputwc.o)
                0x00082538                __fputwc
 .text._fputwc_r
                0x000825d0       0x68 c:/program files (x86)/atmel/studio/7.0/toolchain/arm/arm-gnu-toolchain/bin/../lib/gcc/arm-none-eabi/6.3.1/../../../../arm-none-eabi/lib/thumb/v7-m\libc.a(lib_a-fputwc.o)
                0x000825d0                _fputwc_r
 .text._malloc_trim_r
                0x00082638       0xa0 c:/program files (x86)/atmel/studio/7.0/toolchain/arm/arm-gnu-toolchain/bin/../lib/gcc/arm-none-eabi/6.3.1/../../../../arm-none-eabi/lib/thumb/v7-m\libc.a(lib_a-freer.o)
                0x00082638                _malloc_trim_r
 .text._free_r  0x000826d8      0x1cc c:/program files (x86)/atmel/studio/7.0/toolchain/arm/arm-gnu-toolchain/bin/../lib/gcc/arm-none-eabi/6.3.1/../../../../arm-none-eabi/lib/thumb/v7-m\libc.a(lib_a-freer.o)
                0x000826d8                _free_r
 .text.__sfvwrite_r
                0x000828a4      0x2f4 c:/program files (x86)/atmel/studio/7.0/toolchain/arm/arm-gnu-toolchain/bin/../lib/gcc/arm-none-eabi/6.3.1/../../../../arm-none-eabi/lib/thumb/v7-m\libc.a(lib_a-fvwrite.o)
                0x000828a4                __sfvwrite_r
 .text._fwalk_reent
                0x00082b98       0x50 c:/program files (x86)/atmel/studio/7.0/toolchain/arm/arm-gnu-toolchain/bin/../lib/gcc/arm-none-eabi/6.3.1/../../../../arm-none-eabi/lib/thumb/v7-m\libc.a(lib_a-fwalk.o)
                0x00082b98                _fwalk_reent
 .text.__locale_mb_cur_max
                0x00082be8       0x1c c:/program files (x86)/atmel/studio/7.0/toolchain/arm/arm-gnu-toolchain/bin/../lib/gcc/arm-none-eabi/6.3.1/../../../../arm-none-eabi/lib/thumb/v7-m\libc.a(lib_a-locale.o)
                0x00082be8                __locale_mb_cur_max
 .text.__retarget_lock_init_recursive
                0x00082c04        0x4 c:/program files (x86)/atmel/studio/7.0/toolchain/arm/arm-gnu-toolchain/bin/../lib/gcc/arm-none-eabi/6.3.1/../../../../arm-none-eabi/lib/thumb/v7-m\libc.a(lib_a-lock.o)
                0x00082c04                __retarget_lock_init_recursive
 .text.__retarget_lock_close_recursive
                0x00082c08        0x4 c:/program files (x86)/atmel/studio/7.0/toolchain/arm/arm-gnu-toolchain/bin/../lib/gcc/arm-none-eabi/6.3.1/../../../../arm-none-eabi/lib/thumb/v7-m\libc.a(lib_a-lock.o)
                0x00082c08                __retarget_lock_close_recursive
 .text.__retarget_lock_acquire_recursive
                0x00082c0c        0x4 c:/program files (x86)/atmel/studio/7.0/toolchain/arm/arm-gnu-toolchain/bin/../lib/gcc/arm-none-eabi/6.3.1/../../../../arm-none-eabi/lib/thumb/v7-m\libc.a(lib_a-lock.o)
                0x00082c0c                __retarget_lock_acquire_recursive
 .text.__retarget_lock_release_recursive
                0x00082c10        0x4 c:/program files (x86)/atmel/studio/7.0/toolchain/arm/arm-gnu-toolchain/bin/../lib/gcc/arm-none-eabi/6.3.1/../../../../arm-none-eabi/lib/thumb/v7-m\libc.a(lib_a-lock.o)
                0x00082c10                __retarget_lock_release_recursive
 .text.__swhatbuf_r
                0x00082c14       0x5c c:/program files (x86)/atmel/studio/7.0/toolchain/arm/arm-gnu-toolchain/bin/../lib/gcc/arm-none-eabi/6.3.1/../../../../arm-none-eabi/lib/thumb/v7-m\libc.a(lib_a-makebuf.o)
                0x00082c14                __swhatbuf_r
 .text.__smakebuf_r
                0x00082c70       0x94 c:/program files (x86)/atmel/studio/7.0/toolchain/arm/arm-gnu-toolchain/bin/../lib/gcc/arm-none-eabi/6.3.1/../../../../arm-none-eabi/lib/thumb/v7-m\libc.a(lib_a-makebuf.o)
                0x00082c70                __smakebuf_r
 .text.malloc   0x00082d04       0x10 c:/program files (x86)/atmel/studio/7.0/toolchain/arm/arm-gnu-toolchain/bin/../lib/gcc/arm-none-eabi/6.3.1/../../../../arm-none-eabi/lib/thumb/v7-m\libc.a(lib_a-malloc.o)
                0x00082d04                malloc
 .text._malloc_r
                0x00082d14      0x544 c:/program files (x86)/atmel/studio/7.0/toolchain/arm/arm-gnu-toolchain/bin/../lib/gcc/arm-none-eabi/6.3.1/../../../../arm-none-eabi/lib/thumb/v7-m\libc.a(lib_a-mallocr.o)
                0x00082d14                _malloc_r
 .text.__ascii_mbtowc
                0x00083258       0x2c c:/program files (x86)/atmel/studio/7.0/toolchain/arm/arm-gnu-toolchain/bin/../lib/gcc/arm-none-eabi/6.3.1/../../../../arm-none-eabi/lib/thumb/v7-m\libc.a(lib_a-mbtowc_r.o)
                0x00083258                __ascii_mbtowc
 .text.memchr   0x00083284       0x8c c:/program files (x86)/atmel/studio/7.0/toolchain/arm/arm-gnu-toolchain/bin/../lib/gcc/arm-none-eabi/6.3.1/../../../../arm-none-eabi/lib/thumb/v7-m\libc.a(lib_a-memchr-stub.o)
                0x00083284                memchr
 .text          0x00083310       0xec c:/program files (x86)/atmel/studio/7.0/toolchain/arm/arm-gnu-toolchain/bin/../lib/gcc/arm-none-eabi/6.3.1/../../../../arm-none-eabi/lib/thumb/v7-m\libc.a(lib_a-memcpy.o)
                0x00083310                memcpy
 .text.memmove  0x000833fc       0xc8 c:/program files (x86)/atmel/studio/7.0/toolchain/arm/arm-gnu-toolchain/bin/../lib/gcc/arm-none-eabi/6.3.1/../../../../arm-none-eabi/lib/thumb/v7-m\libc.a(lib_a-memmove.o)
                0x000833fc                memmove
 .text.__malloc_lock
                0x000834c4        0xc c:/program files (x86)/atmel/studio/7.0/toolchain/arm/arm-gnu-toolchain/bin/../lib/gcc/arm-none-eabi/6.3.1/../../../../arm-none-eabi/lib/thumb/v7-m\libc.a(lib_a-mlock.o)
                0x000834c4                __malloc_lock
 .text.__malloc_unlock
                0x000834d0        0xc c:/program files (x86)/atmel/studio/7.0/toolchain/arm/arm-gnu-toolchain/bin/../lib/gcc/arm-none-eabi/6.3.1/../../../../arm-none-eabi/lib/thumb/v7-m\libc.a(lib_a-mlock.o)
                0x000834d0                __malloc_unlock
 .text._realloc_r
                0x000834dc      0x36c c:/program files (x86)/atmel/studio/7.0/toolchain/arm/arm-gnu-toolchain/bin/../lib/gcc/arm-none-eabi/6.3.1/../../../../arm-none-eabi/lib/thumb/v7-m\libc.a(lib_a-reallocr.o)
                0x000834dc                _realloc_r
 .text._sbrk_r  0x00083848       0x24 c:/program files (x86)/atmel/studio/7.0/toolchain/arm/arm-gnu-toolchain/bin/../lib/gcc/arm-none-eabi/6.3.1/../../../../arm-none-eabi/lib/thumb/v7-m\libc.a(lib_a-sbrkr.o)
                0x00083848                _sbrk_r
 .text.__sread  0x0008386c       0x24 c:/program files (x86)/atmel/studio/7.0/toolchain/arm/arm-gnu-toolchain/bin/../lib/gcc/arm-none-eabi/6.3.1/../../../../arm-none-eabi/lib/thumb/v7-m\libc.a(lib_a-stdio.o)
                0x0008386c                __sread
 .text.__swrite
                0x00083890       0x3c c:/program files (x86)/atmel/studio/7.0/toolchain/arm/arm-gnu-toolchain/bin/../lib/gcc/arm-none-eabi/6.3.1/../../../../arm-none-eabi/lib/thumb/v7-m\libc.a(lib_a-stdio.o)
                0x00083890                __swrite
 .text.__sseek  0x000838cc       0x20 c:/program files (x86)/atmel/studio/7.0/toolchain/arm/arm-gnu-toolchain/bin/../lib/gcc/arm-none-eabi/6.3.1/../../../../arm-none-eabi/lib/thumb/v7-m\libc.a(lib_a-stdio.o)
                0x000838cc                __sseek
 .text.__sclose
                0x000838ec        0x8 c:/program files (x86)/atmel/studio/7.0/toolchain/arm/arm-gnu-toolchain/bin/../lib/gcc/arm-none-eabi/6.3.1/../../../../arm-none-eabi/lib/thumb/v7-m\libc.a(lib_a-stdio.o)
                0x000838ec                __sclose
 .text.strlen   0x000838f4       0x5c c:/program files (x86)/atmel/studio/7.0/toolchain/arm/arm-gnu-toolchain/bin/../lib/gcc/arm-none-eabi/6.3.1/../../../../arm-none-eabi/lib/thumb/v7-m\libc.a(lib_a-strlen-stub.o)
                0x000838f4                strlen
 .text.__swbuf_r
                0x00083950       0xb0 c:/program files (x86)/atmel/studio/7.0/toolchain/arm/arm-gnu-toolchain/bin/../lib/gcc/arm-none-eabi/6.3.1/../../../../arm-none-eabi/lib/thumb/v7-m\libc.a(lib_a-wbuf.o)
                0x00083950                __swbuf_r
 .text._wcrtomb_r
                0x00083a00       0x54 c:/program files (x86)/atmel/studio/7.0/toolchain/arm/arm-gnu-toolchain/bin/../lib/gcc/arm-none-eabi/6.3.1/../../../../arm-none-eabi/lib/thumb/v7-m\libc.a(lib_a-wcrtomb.o)
                0x00083a00                _wcrtomb_r
 .text.__ascii_wctomb
                0x00083a54       0x18 c:/program files (x86)/atmel/studio/7.0/toolchain/arm/arm-gnu-toolchain/bin/../lib/gcc/arm-none-eabi/6.3.1/../../../../arm-none-eabi/lib/thumb/v7-m\libc.a(lib_a-wctomb_r.o)
                0x00083a54                __ascii_wctomb
 .text._write_r
                0x00083a6c       0x2c c:/program files (x86)/atmel/studio/7.0/toolchain/arm/arm-gnu-toolchain/bin/../lib/gcc/arm-none-eabi/6.3.1/../../../../arm-none-eabi/lib/thumb/v7-m\libc.a(lib_a-writer.o)
                0x00083a6c                _write_r
 .text.__register_exitproc
                0x00083a98       0xc4 c:/program files (x86)/atmel/studio/7.0/toolchain/arm/arm-gnu-toolchain/bin/../lib/gcc/arm-none-eabi/6.3.1/../../../../arm-none-eabi/lib/thumb/v7-m\libc.a(lib_a-__atexit.o)
                0x00083a98                __register_exitproc
 .text._close_r
                0x00083b5c       0x24 c:/program files (x86)/atmel/studio/7.0/toolchain/arm/arm-gnu-toolchain/bin/../lib/gcc/arm-none-eabi/6.3.1/../../../../arm-none-eabi/lib/thumb/v7-m\libc.a(lib_a-closer.o)
                0x00083b5c                _close_r
 .text._fclose_r
                0x00083b80       0xc4 c:/program files (x86)/atmel/studio/7.0/toolchain/arm/arm-gnu-toolchain/bin/../lib/gcc/arm-none-eabi/6.3.1/../../../../arm-none-eabi/lib/thumb/v7-m\libc.a(lib_a-fclose.o)
                0x00083b80                _fclose_r
 .text._fstat_r
                0x00083c44       0x28 c:/program files (x86)/atmel/studio/7.0/toolchain/arm/arm-gnu-toolchain/bin/../lib/gcc/arm-none-eabi/6.3.1/../../../../arm-none-eabi/lib/thumb/v7-m\libc.a(lib_a-fstatr.o)
                0x00083c44                _fstat_r
 .text._isatty_r
                0x00083c6c       0x24 c:/program files (x86)/atmel/studio/7.0/toolchain/arm/arm-gnu-toolchain/bin/../lib/gcc/arm-none-eabi/6.3.1/../../../../arm-none-eabi/lib/thumb/v7-m\libc.a(lib_a-isattyr.o)
                0x00083c6c                _isatty_r
 .text._lseek_r
                0x00083c90       0x2c c:/program files (x86)/atmel/studio/7.0/toolchain/arm/arm-gnu-toolchain/bin/../lib/gcc/arm-none-eabi/6.3.1/../../../../arm-none-eabi/lib/thumb/v7-m\libc.a(lib_a-lseekr.o)
                0x00083c90                _lseek_r
 .text._read_r  0x00083cbc       0x2c c:/program files (x86)/atmel/studio/7.0/toolchain/arm/arm-gnu-toolchain/bin/../lib/gcc/arm-none-eabi/6.3.1/../../../../arm-none-eabi/lib/thumb/v7-m\libc.a(lib_a-readr.o)
                0x00083cbc                _read_r
 .text          0x00083ce8       0x30 c:/program files (x86)/atmel/studio/7.0/toolchain/arm/arm-gnu-toolchain/bin/../lib/gcc/arm-none-eabi/6.3.1/thumb/v7-m\libgcc.a(_aeabi_uldivmod.o)
                0x00083ce8                __aeabi_uldivmod
 .text          0x00083d18      0x2dc c:/program files (x86)/atmel/studio/7.0/toolchain/arm/arm-gnu-toolchain/bin/../lib/gcc/arm-none-eabi/6.3.1/thumb/v7-m\libgcc.a(_udivmoddi4.o)
                0x00083d18                __udivmoddi4
 .text          0x00083ff4        0x4 c:/program files (x86)/atmel/studio/7.0/toolchain/arm/arm-gnu-toolchain/bin/../lib/gcc/arm-none-eabi/6.3.1/thumb/v7-m\libgcc.a(_dvmd_tls.o)
                0x00083ff4                __aeabi_idiv0
                0x00083ff4                __aeabi_ldiv0
 *(.glue_7t)
 .glue_7t       0x00083ff8        0x0 linker stubs
 *(.glue_7)
 .glue_7        0x00083ff8        0x0 linker stubs
 *(.rodata .rodata* .gnu.linkonce.r.*)
 .rodata.configureConsole.str1.4
                0x00083ff8       0x1f src/ConsoleFunctions.o
 *fill*         0x00084017        0x1 
 .rodata        0x00084018       0x10 src/LCDFunctions.o
 .rodata._global_impure_ptr
                0x00084028        0x4 c:/program files (x86)/atmel/studio/7.0/toolchain/arm/arm-gnu-toolchain/bin/../lib/gcc/arm-none-eabi/6.3.1/../../../../arm-none-eabi/lib/thumb/v7-m\libc.a(lib_a-impure.o)
                0x00084028                _global_impure_ptr
 .rodata.__utoa.str1.4
                0x0008402c       0x25 c:/program files (x86)/atmel/studio/7.0/toolchain/arm/arm-gnu-toolchain/bin/../lib/gcc/arm-none-eabi/6.3.1/../../../../arm-none-eabi/lib/thumb/v7-m\libc.a(lib_a-utoa.o)
 *fill*         0x00084051        0x3 
 .rodata._vfiprintf_r.str1.4
                0x00084054       0x2f c:/program files (x86)/atmel/studio/7.0/toolchain/arm/arm-gnu-toolchain/bin/../lib/gcc/arm-none-eabi/6.3.1/../../../../arm-none-eabi/lib/thumb/v7-m\libc.a(lib_a-vfiprintf.o)
 *fill*         0x00084083        0x1 
 .rodata.blanks.7217
                0x00084084       0x10 c:/program files (x86)/atmel/studio/7.0/toolchain/arm/arm-gnu-toolchain/bin/../lib/gcc/arm-none-eabi/6.3.1/../../../../arm-none-eabi/lib/thumb/v7-m\libc.a(lib_a-vfiprintf.o)
 .rodata.zeroes.7218
                0x00084094       0x10 c:/program files (x86)/atmel/studio/7.0/toolchain/arm/arm-gnu-toolchain/bin/../lib/gcc/arm-none-eabi/6.3.1/../../../../arm-none-eabi/lib/thumb/v7-m\libc.a(lib_a-vfiprintf.o)
 .rodata._setlocale_r.str1.4
                0x000840a4        0xa c:/program files (x86)/atmel/studio/7.0/toolchain/arm/arm-gnu-toolchain/bin/../lib/gcc/arm-none-eabi/6.3.1/../../../../arm-none-eabi/lib/thumb/v7-m\libc.a(lib_a-locale.o)
                                  0xd (size before relaxing)
 *fill*         0x000840ae        0x2 
 .rodata.str1.4
                0x000840b0        0x4 c:/program files (x86)/atmel/studio/7.0/toolchain/arm/arm-gnu-toolchain/bin/../lib/gcc/arm-none-eabi/6.3.1/../../../../arm-none-eabi/lib/thumb/v7-m\libc.a(lib_a-locale.o)
                                  0x2 (size before relaxing)
 .rodata._ctype_
                0x000840b4      0x101 c:/program files (x86)/atmel/studio/7.0/toolchain/arm/arm-gnu-toolchain/bin/../lib/gcc/arm-none-eabi/6.3.1/../../../../arm-none-eabi/lib/thumb/v7-m\libc.a(lib_a-ctype_.o)
                0x000840b4                _ctype_
 *(.ARM.extab* .gnu.linkonce.armextab.*)
                0x000841b8                . = ALIGN (0x4)
 *fill*         0x000841b5        0x3 
 *(.init)
 .init          0x000841b8        0x4 c:/program files (x86)/atmel/studio/7.0/toolchain/arm/arm-gnu-toolchain/bin/../lib/gcc/arm-none-eabi/6.3.1/thumb/v7-m/crti.o
                0x000841b8                _init
 .init          0x000841bc        0x8 c:/program files (x86)/atmel/studio/7.0/toolchain/arm/arm-gnu-toolchain/bin/../lib/gcc/arm-none-eabi/6.3.1/thumb/v7-m/crtn.o
                0x000841c4                . = ALIGN (0x4)
                0x000841c4                __preinit_array_start = .
 *(.preinit_array)
                0x000841c4                __preinit_array_end = .
                0x000841c4                . = ALIGN (0x4)
                0x000841c4                __init_array_start = .
 *(SORT(.init_array.*))
 .init_array.00000
                0x000841c4        0x4 c:/program files (x86)/atmel/studio/7.0/toolchain/arm/arm-gnu-toolchain/bin/../lib/gcc/arm-none-eabi/6.3.1/../../../../arm-none-eabi/lib/thumb/v7-m\libc.a(lib_a-__call_atexit.o)
 *(.init_array)
 .init_array    0x000841c8        0x4 c:/program files (x86)/atmel/studio/7.0/toolchain/arm/arm-gnu-toolchain/bin/../lib/gcc/arm-none-eabi/6.3.1/thumb/v7-m/crtbegin.o
                0x000841cc                __init_array_end = .
                0x000841cc                . = ALIGN (0x4)
 *crtbegin.o(.ctors)
 *(EXCLUDE_FILE(*crtend.o) .ctors)
 *(SORT(.ctors.*))
 *crtend.o(.ctors)
                0x000841cc                . = ALIGN (0x4)
 *(.fini)
 .fini          0x000841cc        0x4 c:/program files (x86)/atmel/studio/7.0/toolchain/arm/arm-gnu-toolchain/bin/../lib/gcc/arm-none-eabi/6.3.1/thumb/v7-m/crti.o
                0x000841cc                _fini
 .fini          0x000841d0        0x8 c:/program files (x86)/atmel/studio/7.0/toolchain/arm/arm-gnu-toolchain/bin/../lib/gcc/arm-none-eabi/6.3.1/thumb/v7-m/crtn.o
                0x000841d8                . = ALIGN (0x4)
                0x000841d8                __fini_array_start = .
 *(.fini_array)
 .fini_array    0x000841d8        0x4 c:/program files (x86)/atmel/studio/7.0/toolchain/arm/arm-gnu-toolchain/bin/../lib/gcc/arm-none-eabi/6.3.1/thumb/v7-m/crtbegin.o
 *(SORT(.fini_array.*))
                0x000841dc                __fini_array_end = .
 *crtbegin.o(.dtors)
 *(EXCLUDE_FILE(*crtend.o) .dtors)
 *(SORT(.dtors.*))
 *crtend.o(.dtors)
                0x000841dc                . = ALIGN (0x4)
                0x000841dc                _efixed = .
                [!provide]                PROVIDE (__exidx_start, .)

.vfp11_veneer   0x000841dc        0x0
 .vfp11_veneer  0x000841dc        0x0 linker stubs

.v4_bx          0x000841dc        0x0
 .v4_bx         0x000841dc        0x0 linker stubs

.iplt           0x000841dc        0x0
 .iplt          0x000841dc        0x0 c:/program files (x86)/atmel/studio/7.0/toolchain/arm/arm-gnu-toolchain/bin/../lib/gcc/arm-none-eabi/6.3.1/thumb/v7-m/crtbegin.o

.ARM.exidx      0x000841dc        0x8
 *(.ARM.exidx* .gnu.linkonce.armexidx.*)
 .ARM.exidx     0x000841dc        0x8 c:/program files (x86)/atmel/studio/7.0/toolchain/arm/arm-gnu-toolchain/bin/../lib/gcc/arm-none-eabi/6.3.1/thumb/v7-m\libgcc.a(_udivmoddi4.o)
                [!provide]                PROVIDE (__exidx_end, .)

.eh_frame       0x000841e4        0x0
 .eh_frame      0x000841e4        0x0 c:/program files (x86)/atmel/studio/7.0/toolchain/arm/arm-gnu-toolchain/bin/../lib/gcc/arm-none-eabi/6.3.1/thumb/v7-m/crtbegin.o

.rel.dyn        0x000841e4        0x0
 .rel.iplt      0x000841e4        0x0 c:/program files (x86)/atmel/studio/7.0/toolchain/arm/arm-gnu-toolchain/bin/../lib/gcc/arm-none-eabi/6.3.1/thumb/v7-m/crtbegin.o

.jcr            0x000841e4        0x0
 .jcr           0x000841e4        0x0 c:/program files (x86)/atmel/studio/7.0/toolchain/arm/arm-gnu-toolchain/bin/../lib/gcc/arm-none-eabi/6.3.1/thumb/v7-m/crtbegin.o

.igot.plt       0x000841e4        0x0
 .igot.plt      0x000841e4        0x0 c:/program files (x86)/atmel/studio/7.0/toolchain/arm/arm-gnu-toolchain/bin/../lib/gcc/arm-none-eabi/6.3.1/thumb/v7-m/crtbegin.o
                0x000841e4                . = ALIGN (0x4)
                0x000841e4                _etext = .

.relocate       0x20070000      0xaf8 load address 0x000841e4
                0x20070000                . = ALIGN (0x4)
                0x20070000                _srelocate = .
 *(.ramfunc .ramfunc.*)
 .ramfunc       0x20070000      0x12c src/ASF/sam/utils/cmsis/sam3x/source/templates/system_sam3x.o
                0x20070000                SystemInit
                0x200700a4                system_init_flash
 *(.data .data.*)
 .data.g_interrupt_enabled
                0x2007012c        0x1 src/ASF/common/utils/interrupt/interrupt_sam_nvic.o
                0x2007012c                g_interrupt_enabled
 *fill*         0x2007012d        0x3 
 .data.SystemCoreClock
                0x20070130        0x4 src/ASF/sam/utils/cmsis/sam3x/source/templates/system_sam3x.o
                0x20070130                SystemCoreClock
 .data.test1    0x20070134        0x4 src/main.o
                0x20070134                test1
 .data.test2    0x20070138        0x4 src/main.o
                0x20070138                test2
 .data.test3    0x2007013c        0x4 src/main.o
                0x2007013c                test3
 .data.test4    0x20070140        0x4 src/main.o
                0x20070140                test4
 .data.testaddr
                0x20070144        0x4 src/main.o
                0x20070144                testaddr
 .data._impure_ptr
                0x20070148        0x4 c:/program files (x86)/atmel/studio/7.0/toolchain/arm/arm-gnu-toolchain/bin/../lib/gcc/arm-none-eabi/6.3.1/../../../../arm-none-eabi/lib/thumb/v7-m\libc.a(lib_a-impure.o)
                0x20070148                _impure_ptr
 *fill*         0x2007014c        0x4 
 .data.impure_data
                0x20070150      0x428 c:/program files (x86)/atmel/studio/7.0/toolchain/arm/arm-gnu-toolchain/bin/../lib/gcc/arm-none-eabi/6.3.1/../../../../arm-none-eabi/lib/thumb/v7-m\libc.a(lib_a-impure.o)
 .data.__atexit_recursive_mutex
                0x20070578        0x4 c:/program files (x86)/atmel/studio/7.0/toolchain/arm/arm-gnu-toolchain/bin/../lib/gcc/arm-none-eabi/6.3.1/../../../../arm-none-eabi/lib/thumb/v7-m\libc.a(lib_a-__call_atexit.o)
                0x20070578                __atexit_recursive_mutex
 .data.__global_locale
                0x2007057c      0x16c c:/program files (x86)/atmel/studio/7.0/toolchain/arm/arm-gnu-toolchain/bin/../lib/gcc/arm-none-eabi/6.3.1/../../../../arm-none-eabi/lib/thumb/v7-m\libc.a(lib_a-locale.o)
                0x2007057c                __global_locale
 .data.__malloc_av_
                0x200706e8      0x408 c:/program files (x86)/atmel/studio/7.0/toolchain/arm/arm-gnu-toolchain/bin/../lib/gcc/arm-none-eabi/6.3.1/../../../../arm-none-eabi/lib/thumb/v7-m\libc.a(lib_a-mallocr.o)
                0x200706e8                __malloc_av_
 .data.__malloc_sbrk_base
                0x20070af0        0x4 c:/program files (x86)/atmel/studio/7.0/toolchain/arm/arm-gnu-toolchain/bin/../lib/gcc/arm-none-eabi/6.3.1/../../../../arm-none-eabi/lib/thumb/v7-m\libc.a(lib_a-mallocr.o)
                0x20070af0                __malloc_sbrk_base
 .data.__malloc_trim_threshold
                0x20070af4        0x4 c:/program files (x86)/atmel/studio/7.0/toolchain/arm/arm-gnu-toolchain/bin/../lib/gcc/arm-none-eabi/6.3.1/../../../../arm-none-eabi/lib/thumb/v7-m\libc.a(lib_a-mallocr.o)
                0x20070af4                __malloc_trim_threshold
                0x20070af8                . = ALIGN (0x4)
                0x20070af8                _erelocate = .

.bss            0x20070af8      0x1b8 load address 0x00084cdc
                0x20070af8                . = ALIGN (0x4)
                0x20070af8                _sbss = .
                0x20070af8                _szero = .
 *(.bss .bss.*)
 .bss           0x20070af8       0x1c c:/program files (x86)/atmel/studio/7.0/toolchain/arm/arm-gnu-toolchain/bin/../lib/gcc/arm-none-eabi/6.3.1/thumb/v7-m/crtbegin.o
 .bss.serial_rx_buf
                0x20070b14       0x9c src/ASF/thirdparty/wireless/addons/sio2host/uart/sio2host.o
 .bss.serial_rx_buf_tail
                0x20070bb0        0x1 src/ASF/thirdparty/wireless/addons/sio2host/uart/sio2host.o
 *fill*         0x20070bb1        0x3 
 .bss.gs_interrupt_sources
                0x20070bb4       0x70 src/ASF/sam/drivers/pio/pio_handler.o
 .bss.heap.5297
                0x20070c24        0x4 src/ASF/sam/utils/syscalls/gcc/syscalls.o
 .bss.__malloc_current_mallinfo
                0x20070c28       0x28 c:/program files (x86)/atmel/studio/7.0/toolchain/arm/arm-gnu-toolchain/bin/../lib/gcc/arm-none-eabi/6.3.1/../../../../arm-none-eabi/lib/thumb/v7-m\libc.a(lib_a-mallocr.o)
                0x20070c28                __malloc_current_mallinfo
 .bss.__malloc_max_sbrked_mem
                0x20070c50        0x4 c:/program files (x86)/atmel/studio/7.0/toolchain/arm/arm-gnu-toolchain/bin/../lib/gcc/arm-none-eabi/6.3.1/../../../../arm-none-eabi/lib/thumb/v7-m\libc.a(lib_a-mallocr.o)
                0x20070c50                __malloc_max_sbrked_mem
 .bss.__malloc_max_total_mem
                0x20070c54        0x4 c:/program files (x86)/atmel/studio/7.0/toolchain/arm/arm-gnu-toolchain/bin/../lib/gcc/arm-none-eabi/6.3.1/../../../../arm-none-eabi/lib/thumb/v7-m\libc.a(lib_a-mallocr.o)
                0x20070c54                __malloc_max_total_mem
 .bss.__malloc_top_pad
                0x20070c58        0x4 c:/program files (x86)/atmel/studio/7.0/toolchain/arm/arm-gnu-toolchain/bin/../lib/gcc/arm-none-eabi/6.3.1/../../../../arm-none-eabi/lib/thumb/v7-m\libc.a(lib_a-mallocr.o)
                0x20070c58                __malloc_top_pad
 *(COMMON)
 COMMON         0x20070c5c        0x4 src/ASF/common/utils/stdio/read.o
                0x20070c5c                ptr_get
 COMMON         0x20070c60        0x8 src/ASF/common/utils/stdio/write.o
                0x20070c60                ptr_put
                0x20070c64                stdio_base
 COMMON         0x20070c68       0x20 src/createHamming.o
                0x20070c68                dataTosend
 COMMON         0x20070c88       0x21 c:/program files (x86)/atmel/studio/7.0/toolchain/arm/arm-gnu-toolchain/bin/../lib/gcc/arm-none-eabi/6.3.1/../../../../arm-none-eabi/lib/thumb/v7-m\libc.a(lib_a-lock.o)
                0x20070c88                __lock___atexit_recursive_mutex
                0x20070c8c                __lock___arc4random_mutex
                0x20070c90                __lock___env_recursive_mutex
                0x20070c94                __lock___sinit_recursive_mutex
                0x20070c98                __lock___malloc_recursive_mutex
                0x20070c9c                __lock___at_quick_exit_mutex
                0x20070ca0                __lock___dd_hash_mutex
                0x20070ca4                __lock___tz_mutex
                0x20070ca8                __lock___sfp_recursive_mutex
 *fill*         0x20070ca9        0x3 
 COMMON         0x20070cac        0x4 c:/program files (x86)/atmel/studio/7.0/toolchain/arm/arm-gnu-toolchain/bin/../lib/gcc/arm-none-eabi/6.3.1/../../../../arm-none-eabi/lib/thumb/v7-m\libc.a(lib_a-reent.o)
                0x20070cac                errno
                0x20070cb0                . = ALIGN (0x4)
                0x20070cb0                _ebss = .
                0x20070cb0                _ezero = .

.stack          0x20070cb0     0x2000 load address 0x00084e94
                0x20070cb0                . = ALIGN (0x8)
                0x20070cb0                _sstack = .
                0x20072cb0                . = (. + __stack_size__)
 *fill*         0x20070cb0     0x2000 
                0x20072cb0                . = ALIGN (0x8)
                0x20072cb0                _estack = .
                0x20072cb0                . = ALIGN (0x4)
                0x20072cb0                _end = .
OUTPUT(ExaminationsprojektDA264aDUE.elf elf32-littlearm)

.ARM.attributes
                0x00000000       0x29
 .ARM.attributes
                0x00000000       0x1d c:/program files (x86)/atmel/studio/7.0/toolchain/arm/arm-gnu-toolchain/bin/../lib/gcc/arm-none-eabi/6.3.1/thumb/v7-m/crti.o
 .ARM.attributes
                0x0000001d       0x2d c:/program files (x86)/atmel/studio/7.0/toolchain/arm/arm-gnu-toolchain/bin/../lib/gcc/arm-none-eabi/6.3.1/thumb/v7-m/crtbegin.o
 .ARM.attributes
                0x0000004a       0x33 src/ASF/common/services/serial/usart_serial.o
 .ARM.attributes
                0x0000007d       0x33 src/ASF/common/utils/stdio/read.o
 .ARM.attributes
                0x000000b0       0x33 src/ASF/common/utils/stdio/write.o
 .ARM.attributes
                0x000000e3       0x33 src/ASF/sam/drivers/tc/tc.o
 .ARM.attributes
                0x00000116       0x33 src/ASF/sam/drivers/uart/uart.o
 .ARM.attributes
                0x00000149       0x33 src/ASF/sam/drivers/usart/usart.o
 .ARM.attributes
                0x0000017c       0x33 src/ASF/thirdparty/wireless/addons/sio2host/uart/sio2host.o
 .ARM.attributes
                0x000001af       0x33 src/ConsoleFunctions.o
 .ARM.attributes
                0x000001e2       0x33 src/DelayFunctions.o
 .ARM.attributes
                0x00000215       0x33 src/lcdApplication.o
 .ARM.attributes
                0x00000248       0x33 src/LCDFunctions.o
 .ARM.attributes
                0x0000027b       0x33 src/createHamming.o
 .ARM.attributes
                0x000002ae       0x33 src/usart0.o
 .ARM.attributes
                0x000002e1       0x33 src/ASF/common/services/clock/sam3x/sysclk.o
 .ARM.attributes
                0x00000314       0x33 src/ASF/common/utils/interrupt/interrupt_sam_nvic.o
 .ARM.attributes
                0x00000347       0x33 src/ASF/sam/boards/arduino_due_x/init.o
 .ARM.attributes
                0x0000037a       0x33 src/ASF/sam/drivers/pio/pio.o
 .ARM.attributes
                0x000003ad       0x33 src/ASF/sam/drivers/pio/pio_handler.o
 .ARM.attributes
                0x000003e0       0x33 src/ASF/sam/drivers/pmc/pmc.o
 .ARM.attributes
                0x00000413       0x33 src/ASF/sam/utils/cmsis/sam3x/source/templates/exceptions.o
 .ARM.attributes
                0x00000446       0x33 src/ASF/sam/utils/cmsis/sam3x/source/templates/gcc/startup_sam3x.o
 .ARM.attributes
                0x00000479       0x33 src/ASF/sam/utils/cmsis/sam3x/source/templates/system_sam3x.o
 .ARM.attributes
                0x000004ac       0x33 src/ASF/sam/utils/syscalls/gcc/syscalls.o
 .ARM.attributes
                0x000004df       0x33 src/main.o
 .ARM.attributes
                0x00000512       0x2d c:/program files (x86)/atmel/studio/7.0/toolchain/arm/arm-gnu-toolchain/bin/../lib/gcc/arm-none-eabi/6.3.1/../../../../arm-none-eabi/lib/thumb/v7-m\libc.a(lib_a-impure.o)
 .ARM.attributes
                0x0000053f       0x2d c:/program files (x86)/atmel/studio/7.0/toolchain/arm/arm-gnu-toolchain/bin/../lib/gcc/arm-none-eabi/6.3.1/../../../../arm-none-eabi/lib/thumb/v7-m\libc.a(lib_a-init.o)
 .ARM.attributes
                0x0000056c       0x2d c:/program files (x86)/atmel/studio/7.0/toolchain/arm/arm-gnu-toolchain/bin/../lib/gcc/arm-none-eabi/6.3.1/../../../../arm-none-eabi/lib/thumb/v7-m\libc.a(lib_a-iprintf.o)
 .ARM.attributes
                0x00000599       0x2d c:/program files (x86)/atmel/studio/7.0/toolchain/arm/arm-gnu-toolchain/bin/../lib/gcc/arm-none-eabi/6.3.1/../../../../arm-none-eabi/lib/thumb/v7-m\libc.a(lib_a-itoa.o)
 .ARM.attributes
                0x000005c6       0x2d c:/program files (x86)/atmel/studio/7.0/toolchain/arm/arm-gnu-toolchain/bin/../lib/gcc/arm-none-eabi/6.3.1/../../../../arm-none-eabi/lib/thumb/v7-m\libc.a(lib_a-memset.o)
 .ARM.attributes
                0x000005f3       0x2d c:/program files (x86)/atmel/studio/7.0/toolchain/arm/arm-gnu-toolchain/bin/../lib/gcc/arm-none-eabi/6.3.1/../../../../arm-none-eabi/lib/thumb/v7-m\libc.a(lib_a-setbuf.o)
 .ARM.attributes
                0x00000620       0x2d c:/program files (x86)/atmel/studio/7.0/toolchain/arm/arm-gnu-toolchain/bin/../lib/gcc/arm-none-eabi/6.3.1/../../../../arm-none-eabi/lib/thumb/v7-m\libc.a(lib_a-setvbuf.o)
 .ARM.attributes
                0x0000064d       0x2d c:/program files (x86)/atmel/studio/7.0/toolchain/arm/arm-gnu-toolchain/bin/../lib/gcc/arm-none-eabi/6.3.1/../../../../arm-none-eabi/lib/thumb/v7-m\libc.a(lib_a-utoa.o)
 .ARM.attributes
                0x0000067a       0x2d c:/program files (x86)/atmel/studio/7.0/toolchain/arm/arm-gnu-toolchain/bin/../lib/gcc/arm-none-eabi/6.3.1/../../../../arm-none-eabi/lib/thumb/v7-m\libc.a(lib_a-vfiprintf.o)
 .ARM.attributes
                0x000006a7       0x2d c:/program files (x86)/atmel/studio/7.0/toolchain/arm/arm-gnu-toolchain/bin/../lib/gcc/arm-none-eabi/6.3.1/../../../../arm-none-eabi/lib/thumb/v7-m\libc.a(lib_a-wsetup.o)
 .ARM.attributes
                0x000006d4       0x2d c:/program files (x86)/atmel/studio/7.0/toolchain/arm/arm-gnu-toolchain/bin/../lib/gcc/arm-none-eabi/6.3.1/../../../../arm-none-eabi/lib/thumb/v7-m\libc.a(lib_a-__call_atexit.o)
 .ARM.attributes
                0x00000701       0x2d c:/program files (x86)/atmel/studio/7.0/toolchain/arm/arm-gnu-toolchain/bin/../lib/gcc/arm-none-eabi/6.3.1/../../../../arm-none-eabi/lib/thumb/v7-m\libc.a(lib_a-atexit.o)
 .ARM.attributes
                0x0000072e       0x2d c:/program files (x86)/atmel/studio/7.0/toolchain/arm/arm-gnu-toolchain/bin/../lib/gcc/arm-none-eabi/6.3.1/../../../../arm-none-eabi/lib/thumb/v7-m\libc.a(lib_a-fflush.o)
 .ARM.attributes
                0x0000075b       0x2d c:/program files (x86)/atmel/studio/7.0/toolchain/arm/arm-gnu-toolchain/bin/../lib/gcc/arm-none-eabi/6.3.1/../../../../arm-none-eabi/lib/thumb/v7-m\libc.a(lib_a-findfp.o)
 .ARM.attributes
                0x00000788       0x2d c:/program files (x86)/atmel/studio/7.0/toolchain/arm/arm-gnu-toolchain/bin/../lib/gcc/arm-none-eabi/6.3.1/../../../../arm-none-eabi/lib/thumb/v7-m\libc.a(lib_a-fini.o)
 .ARM.attributes
                0x000007b5       0x2d c:/program files (x86)/atmel/studio/7.0/toolchain/arm/arm-gnu-toolchain/bin/../lib/gcc/arm-none-eabi/6.3.1/../../../../arm-none-eabi/lib/thumb/v7-m\libc.a(lib_a-fputwc.o)
 .ARM.attributes
                0x000007e2       0x2d c:/program files (x86)/atmel/studio/7.0/toolchain/arm/arm-gnu-toolchain/bin/../lib/gcc/arm-none-eabi/6.3.1/../../../../arm-none-eabi/lib/thumb/v7-m\libc.a(lib_a-freer.o)
 .ARM.attributes
                0x0000080f       0x2d c:/program files (x86)/atmel/studio/7.0/toolchain/arm/arm-gnu-toolchain/bin/../lib/gcc/arm-none-eabi/6.3.1/../../../../arm-none-eabi/lib/thumb/v7-m\libc.a(lib_a-fvwrite.o)
 .ARM.attributes
                0x0000083c       0x2d c:/program files (x86)/atmel/studio/7.0/toolchain/arm/arm-gnu-toolchain/bin/../lib/gcc/arm-none-eabi/6.3.1/../../../../arm-none-eabi/lib/thumb/v7-m\libc.a(lib_a-fwalk.o)
 .ARM.attributes
                0x00000869       0x2d c:/program files (x86)/atmel/studio/7.0/toolchain/arm/arm-gnu-toolchain/bin/../lib/gcc/arm-none-eabi/6.3.1/../../../../arm-none-eabi/lib/thumb/v7-m\libc.a(lib_a-locale.o)
 .ARM.attributes
                0x00000896       0x2d c:/program files (x86)/atmel/studio/7.0/toolchain/arm/arm-gnu-toolchain/bin/../lib/gcc/arm-none-eabi/6.3.1/../../../../arm-none-eabi/lib/thumb/v7-m\libc.a(lib_a-lock.o)
 .ARM.attributes
                0x000008c3       0x2d c:/program files (x86)/atmel/studio/7.0/toolchain/arm/arm-gnu-toolchain/bin/../lib/gcc/arm-none-eabi/6.3.1/../../../../arm-none-eabi/lib/thumb/v7-m\libc.a(lib_a-makebuf.o)
 .ARM.attributes
                0x000008f0       0x2d c:/program files (x86)/atmel/studio/7.0/toolchain/arm/arm-gnu-toolchain/bin/../lib/gcc/arm-none-eabi/6.3.1/../../../../arm-none-eabi/lib/thumb/v7-m\libc.a(lib_a-malloc.o)
 .ARM.attributes
                0x0000091d       0x2d c:/program files (x86)/atmel/studio/7.0/toolchain/arm/arm-gnu-toolchain/bin/../lib/gcc/arm-none-eabi/6.3.1/../../../../arm-none-eabi/lib/thumb/v7-m\libc.a(lib_a-mallocr.o)
 .ARM.attributes
                0x0000094a       0x2d c:/program files (x86)/atmel/studio/7.0/toolchain/arm/arm-gnu-toolchain/bin/../lib/gcc/arm-none-eabi/6.3.1/../../../../arm-none-eabi/lib/thumb/v7-m\libc.a(lib_a-mbtowc_r.o)
 .ARM.attributes
                0x00000977       0x2d c:/program files (x86)/atmel/studio/7.0/toolchain/arm/arm-gnu-toolchain/bin/../lib/gcc/arm-none-eabi/6.3.1/../../../../arm-none-eabi/lib/thumb/v7-m\libc.a(lib_a-memchr-stub.o)
 .ARM.attributes
                0x000009a4       0x1b c:/program files (x86)/atmel/studio/7.0/toolchain/arm/arm-gnu-toolchain/bin/../lib/gcc/arm-none-eabi/6.3.1/../../../../arm-none-eabi/lib/thumb/v7-m\libc.a(lib_a-memcpy.o)
 .ARM.attributes
                0x000009bf       0x2d c:/program files (x86)/atmel/studio/7.0/toolchain/arm/arm-gnu-toolchain/bin/../lib/gcc/arm-none-eabi/6.3.1/../../../../arm-none-eabi/lib/thumb/v7-m\libc.a(lib_a-memmove.o)
 .ARM.attributes
                0x000009ec       0x2d c:/program files (x86)/atmel/studio/7.0/toolchain/arm/arm-gnu-toolchain/bin/../lib/gcc/arm-none-eabi/6.3.1/../../../../arm-none-eabi/lib/thumb/v7-m\libc.a(lib_a-mlock.o)
 .ARM.attributes
                0x00000a19       0x2d c:/program files (x86)/atmel/studio/7.0/toolchain/arm/arm-gnu-toolchain/bin/../lib/gcc/arm-none-eabi/6.3.1/../../../../arm-none-eabi/lib/thumb/v7-m\libc.a(lib_a-reallocr.o)
 .ARM.attributes
                0x00000a46       0x2d c:/program files (x86)/atmel/studio/7.0/toolchain/arm/arm-gnu-toolchain/bin/../lib/gcc/arm-none-eabi/6.3.1/../../../../arm-none-eabi/lib/thumb/v7-m\libc.a(lib_a-sbrkr.o)
 .ARM.attributes
                0x00000a73       0x2d c:/program files (x86)/atmel/studio/7.0/toolchain/arm/arm-gnu-toolchain/bin/../lib/gcc/arm-none-eabi/6.3.1/../../../../arm-none-eabi/lib/thumb/v7-m\libc.a(lib_a-stdio.o)
 .ARM.attributes
                0x00000aa0       0x2d c:/program files (x86)/atmel/studio/7.0/toolchain/arm/arm-gnu-toolchain/bin/../lib/gcc/arm-none-eabi/6.3.1/../../../../arm-none-eabi/lib/thumb/v7-m\libc.a(lib_a-strlen-stub.o)
 .ARM.attributes
                0x00000acd       0x2d c:/program files (x86)/atmel/studio/7.0/toolchain/arm/arm-gnu-toolchain/bin/../lib/gcc/arm-none-eabi/6.3.1/../../../../arm-none-eabi/lib/thumb/v7-m\libc.a(lib_a-wbuf.o)
 .ARM.attributes
                0x00000afa       0x2d c:/program files (x86)/atmel/studio/7.0/toolchain/arm/arm-gnu-toolchain/bin/../lib/gcc/arm-none-eabi/6.3.1/../../../../arm-none-eabi/lib/thumb/v7-m\libc.a(lib_a-wcrtomb.o)
 .ARM.attributes
                0x00000b27       0x2d c:/program files (x86)/atmel/studio/7.0/toolchain/arm/arm-gnu-toolchain/bin/../lib/gcc/arm-none-eabi/6.3.1/../../../../arm-none-eabi/lib/thumb/v7-m\libc.a(lib_a-wctomb_r.o)
 .ARM.attributes
                0x00000b54       0x2d c:/program files (x86)/atmel/studio/7.0/toolchain/arm/arm-gnu-toolchain/bin/../lib/gcc/arm-none-eabi/6.3.1/../../../../arm-none-eabi/lib/thumb/v7-m\libc.a(lib_a-writer.o)
 .ARM.attributes
                0x00000b81       0x2d c:/program files (x86)/atmel/studio/7.0/toolchain/arm/arm-gnu-toolchain/bin/../lib/gcc/arm-none-eabi/6.3.1/../../../../arm-none-eabi/lib/thumb/v7-m\libc.a(lib_a-__atexit.o)
 .ARM.attributes
                0x00000bae       0x2d c:/program files (x86)/atmel/studio/7.0/toolchain/arm/arm-gnu-toolchain/bin/../lib/gcc/arm-none-eabi/6.3.1/../../../../arm-none-eabi/lib/thumb/v7-m\libc.a(lib_a-closer.o)
 .ARM.attributes
                0x00000bdb       0x2d c:/program files (x86)/atmel/studio/7.0/toolchain/arm/arm-gnu-toolchain/bin/../lib/gcc/arm-none-eabi/6.3.1/../../../../arm-none-eabi/lib/thumb/v7-m\libc.a(lib_a-ctype_.o)
 .ARM.attributes
                0x00000c08       0x2d c:/program files (x86)/atmel/studio/7.0/toolchain/arm/arm-gnu-toolchain/bin/../lib/gcc/arm-none-eabi/6.3.1/../../../../arm-none-eabi/lib/thumb/v7-m\libc.a(lib_a-fclose.o)
 .ARM.attributes
                0x00000c35       0x2d c:/program files (x86)/atmel/studio/7.0/toolchain/arm/arm-gnu-toolchain/bin/../lib/gcc/arm-none-eabi/6.3.1/../../../../arm-none-eabi/lib/thumb/v7-m\libc.a(lib_a-fstatr.o)
 .ARM.attributes
                0x00000c62       0x2d c:/program files (x86)/atmel/studio/7.0/toolchain/arm/arm-gnu-toolchain/bin/../lib/gcc/arm-none-eabi/6.3.1/../../../../arm-none-eabi/lib/thumb/v7-m\libc.a(lib_a-isattyr.o)
 .ARM.attributes
                0x00000c8f       0x2d c:/program files (x86)/atmel/studio/7.0/toolchain/arm/arm-gnu-toolchain/bin/../lib/gcc/arm-none-eabi/6.3.1/../../../../arm-none-eabi/lib/thumb/v7-m\libc.a(lib_a-lseekr.o)
 .ARM.attributes
                0x00000cbc       0x2d c:/program files (x86)/atmel/studio/7.0/toolchain/arm/arm-gnu-toolchain/bin/../lib/gcc/arm-none-eabi/6.3.1/../../../../arm-none-eabi/lib/thumb/v7-m\libc.a(lib_a-readr.o)
 .ARM.attributes
                0x00000ce9       0x2d c:/program files (x86)/atmel/studio/7.0/toolchain/arm/arm-gnu-toolchain/bin/../lib/gcc/arm-none-eabi/6.3.1/../../../../arm-none-eabi/lib/thumb/v7-m\libc.a(lib_a-reent.o)
 .ARM.attributes
                0x00000d16       0x1d c:/program files (x86)/atmel/studio/7.0/toolchain/arm/arm-gnu-toolchain/bin/../lib/gcc/arm-none-eabi/6.3.1/thumb/v7-m\libgcc.a(_aeabi_uldivmod.o)
 .ARM.attributes
                0x00000d33       0x2d c:/program files (x86)/atmel/studio/7.0/toolchain/arm/arm-gnu-toolchain/bin/../lib/gcc/arm-none-eabi/6.3.1/thumb/v7-m\libgcc.a(_udivmoddi4.o)
 .ARM.attributes
                0x00000d60       0x1d c:/program files (x86)/atmel/studio/7.0/toolchain/arm/arm-gnu-toolchain/bin/../lib/gcc/arm-none-eabi/6.3.1/thumb/v7-m\libgcc.a(_dvmd_tls.o)
 .ARM.attributes
                0x00000d7d       0x1d c:/program files (x86)/atmel/studio/7.0/toolchain/arm/arm-gnu-toolchain/bin/../lib/gcc/arm-none-eabi/6.3.1/thumb/v7-m/crtn.o

.comment        0x00000000       0x59
 .comment       0x00000000       0x59 src/ASF/common/services/serial/usart_serial.o
                                 0x5a (size before relaxing)
 .comment       0x00000059       0x5a src/ASF/common/utils/stdio/read.o
 .comment       0x00000059       0x5a src/ASF/common/utils/stdio/write.o
 .comment       0x00000059       0x5a src/ASF/sam/drivers/tc/tc.o
 .comment       0x00000059       0x5a src/ASF/sam/drivers/uart/uart.o
 .comment       0x00000059       0x5a src/ASF/sam/drivers/usart/usart.o
 .comment       0x00000059       0x5a src/ASF/thirdparty/wireless/addons/sio2host/uart/sio2host.o
 .comment       0x00000059       0x5a src/ConsoleFunctions.o
 .comment       0x00000059       0x5a src/DelayFunctions.o
 .comment       0x00000059       0x5a src/lcdApplication.o
 .comment       0x00000059       0x5a src/LCDFunctions.o
 .comment       0x00000059       0x5a src/createHamming.o
 .comment       0x00000059       0x5a src/usart0.o
 .comment       0x00000059       0x5a src/ASF/common/services/clock/sam3x/sysclk.o
 .comment       0x00000059       0x5a src/ASF/common/utils/interrupt/interrupt_sam_nvic.o
 .comment       0x00000059       0x5a src/ASF/sam/boards/arduino_due_x/init.o
 .comment       0x00000059       0x5a src/ASF/sam/drivers/pio/pio.o
 .comment       0x00000059       0x5a src/ASF/sam/drivers/pio/pio_handler.o
 .comment       0x00000059       0x5a src/ASF/sam/drivers/pmc/pmc.o
 .comment       0x00000059       0x5a src/ASF/sam/utils/cmsis/sam3x/source/templates/exceptions.o
 .comment       0x00000059       0x5a src/ASF/sam/utils/cmsis/sam3x/source/templates/gcc/startup_sam3x.o
 .comment       0x00000059       0x5a src/ASF/sam/utils/cmsis/sam3x/source/templates/system_sam3x.o
 .comment       0x00000059       0x5a src/ASF/sam/utils/syscalls/gcc/syscalls.o
 .comment       0x00000059       0x5a src/main.o

.debug_info     0x00000000    0x1b2f7
 .debug_info    0x00000000     0x113c src/ASF/common/services/serial/usart_serial.o
 .debug_info    0x0000113c      0xac9 src/ASF/common/utils/stdio/read.o
 .debug_info    0x00001c05      0xac6 src/ASF/common/utils/stdio/write.o
 .debug_info    0x000026cb     0x1260 src/ASF/sam/drivers/tc/tc.o
 .debug_info    0x0000392b     0x119e src/ASF/sam/drivers/uart/uart.o
 .debug_info    0x00004ac9     0x24e6 src/ASF/sam/drivers/usart/usart.o
 .debug_info    0x00006faf     0x19a3 src/ASF/thirdparty/wireless/addons/sio2host/uart/sio2host.o
 .debug_info    0x00008952     0x13a7 src/ConsoleFunctions.o
 .debug_info    0x00009cf9      0xdc5 src/DelayFunctions.o
 .debug_info    0x0000aabe      0xb9d src/lcdApplication.o
 .debug_info    0x0000b65b     0x1fea src/LCDFunctions.o
 .debug_info    0x0000d645      0xa35 src/createHamming.o
 .debug_info    0x0000e07a     0x101e src/usart0.o
 .debug_info    0x0000f098     0x11ad src/ASF/common/services/clock/sam3x/sysclk.o
 .debug_info    0x00010245      0xb01 src/ASF/common/utils/interrupt/interrupt_sam_nvic.o
 .debug_info    0x00010d46     0x1054 src/ASF/sam/boards/arduino_due_x/init.o
 .debug_info    0x00011d9a     0x1c61 src/ASF/sam/drivers/pio/pio.o
 .debug_info    0x000139fb     0x17b0 src/ASF/sam/drivers/pio/pio_handler.o
 .debug_info    0x000151ab     0x1995 src/ASF/sam/drivers/pmc/pmc.o
 .debug_info    0x00016b40      0xa39 src/ASF/sam/utils/cmsis/sam3x/source/templates/exceptions.o
 .debug_info    0x00017579      0xd1b src/ASF/sam/utils/cmsis/sam3x/source/templates/gcc/startup_sam3x.o
 .debug_info    0x00018294      0xdc2 src/ASF/sam/utils/cmsis/sam3x/source/templates/system_sam3x.o
 .debug_info    0x00019056      0xddf src/ASF/sam/utils/syscalls/gcc/syscalls.o
 .debug_info    0x00019e35     0x14c2 src/main.o

.debug_abbrev   0x00000000     0x3eb1
 .debug_abbrev  0x00000000      0x2b1 src/ASF/common/services/serial/usart_serial.o
 .debug_abbrev  0x000002b1      0x1fe src/ASF/common/utils/stdio/read.o
 .debug_abbrev  0x000004af      0x1e9 src/ASF/common/utils/stdio/write.o
 .debug_abbrev  0x00000698      0x293 src/ASF/sam/drivers/tc/tc.o
 .debug_abbrev  0x0000092b      0x288 src/ASF/sam/drivers/uart/uart.o
 .debug_abbrev  0x00000bb3      0x406 src/ASF/sam/drivers/usart/usart.o
 .debug_abbrev  0x00000fb9      0x3ea src/ASF/thirdparty/wireless/addons/sio2host/uart/sio2host.o
 .debug_abbrev  0x000013a3      0x337 src/ConsoleFunctions.o
 .debug_abbrev  0x000016da      0x219 src/DelayFunctions.o
 .debug_abbrev  0x000018f3      0x201 src/lcdApplication.o
 .debug_abbrev  0x00001af4      0x2fe src/LCDFunctions.o
 .debug_abbrev  0x00001df2      0x1c6 src/createHamming.o
 .debug_abbrev  0x00001fb8      0x251 src/usart0.o
 .debug_abbrev  0x00002209      0x330 src/ASF/common/services/clock/sam3x/sysclk.o
 .debug_abbrev  0x00002539      0x212 src/ASF/common/utils/interrupt/interrupt_sam_nvic.o
 .debug_abbrev  0x0000274b      0x262 src/ASF/sam/boards/arduino_due_x/init.o
 .debug_abbrev  0x000029ad      0x3c7 src/ASF/sam/drivers/pio/pio.o
 .debug_abbrev  0x00002d74      0x31a src/ASF/sam/drivers/pio/pio_handler.o
 .debug_abbrev  0x0000308e      0x306 src/ASF/sam/drivers/pmc/pmc.o
 .debug_abbrev  0x00003394      0x1a4 src/ASF/sam/utils/cmsis/sam3x/source/templates/exceptions.o
 .debug_abbrev  0x00003538      0x1f2 src/ASF/sam/utils/cmsis/sam3x/source/templates/gcc/startup_sam3x.o
 .debug_abbrev  0x0000372a      0x1f4 src/ASF/sam/utils/cmsis/sam3x/source/templates/system_sam3x.o
 .debug_abbrev  0x0000391e      0x264 src/ASF/sam/utils/syscalls/gcc/syscalls.o
 .debug_abbrev  0x00003b82      0x32f src/main.o

.debug_loc      0x00000000     0x5144
 .debug_loc     0x00000000      0x2a7 src/ASF/common/services/serial/usart_serial.o
 .debug_loc     0x000002a7       0xb3 src/ASF/common/utils/stdio/read.o
 .debug_loc     0x0000035a      0x12b src/ASF/common/utils/stdio/write.o
 .debug_loc     0x00000485      0x5a4 src/ASF/sam/drivers/tc/tc.o
 .debug_loc     0x00000a29      0x241 src/ASF/sam/drivers/uart/uart.o
 .debug_loc     0x00000c6a     0x1062 src/ASF/sam/drivers/usart/usart.o
 .debug_loc     0x00001ccc      0x5b0 src/ASF/thirdparty/wireless/addons/sio2host/uart/sio2host.o
 .debug_loc     0x0000227c      0x34a src/ConsoleFunctions.o
 .debug_loc     0x000025c6       0x6c src/DelayFunctions.o
 .debug_loc     0x00002632       0xcf src/lcdApplication.o
 .debug_loc     0x00002701      0x80c src/LCDFunctions.o
 .debug_loc     0x00002f0d      0x205 src/createHamming.o
 .debug_loc     0x00003112       0xee src/usart0.o
 .debug_loc     0x00003200      0x183 src/ASF/common/services/clock/sam3x/sysclk.o
 .debug_loc     0x00003383       0x70 src/ASF/sam/boards/arduino_due_x/init.o
 .debug_loc     0x000033f3      0xacc src/ASF/sam/drivers/pio/pio.o
 .debug_loc     0x00003ebf      0x525 src/ASF/sam/drivers/pio/pio_handler.o
 .debug_loc     0x000043e4      0xaeb src/ASF/sam/drivers/pmc/pmc.o
 .debug_loc     0x00004ecf       0x6b src/ASF/sam/utils/cmsis/sam3x/source/templates/gcc/startup_sam3x.o
 .debug_loc     0x00004f3a      0x149 src/ASF/sam/utils/syscalls/gcc/syscalls.o
 .debug_loc     0x00005083       0xc1 src/main.o

.debug_aranges  0x00000000      0xb48
 .debug_aranges
                0x00000000       0x28 src/ASF/common/services/serial/usart_serial.o
 .debug_aranges
                0x00000028       0x20 src/ASF/common/utils/stdio/read.o
 .debug_aranges
                0x00000048       0x20 src/ASF/common/utils/stdio/write.o
 .debug_aranges
                0x00000068       0xd0 src/ASF/sam/drivers/tc/tc.o
 .debug_aranges
                0x00000138       0xe8 src/ASF/sam/drivers/uart/uart.o
 .debug_aranges
                0x00000220      0x2a8 src/ASF/sam/drivers/usart/usart.o
 .debug_aranges
                0x000004c8       0x60 src/ASF/thirdparty/wireless/addons/sio2host/uart/sio2host.o
 .debug_aranges
                0x00000528       0x30 src/ConsoleFunctions.o
 .debug_aranges
                0x00000558       0x28 src/DelayFunctions.o
 .debug_aranges
                0x00000580       0x28 src/lcdApplication.o
 .debug_aranges
                0x000005a8       0x30 src/LCDFunctions.o
 .debug_aranges
                0x000005d8       0x20 src/createHamming.o
 .debug_aranges
                0x000005f8       0x38 src/usart0.o
 .debug_aranges
                0x00000630       0x40 src/ASF/common/services/clock/sam3x/sysclk.o
 .debug_aranges
                0x00000670       0x28 src/ASF/common/utils/interrupt/interrupt_sam_nvic.o
 .debug_aranges
                0x00000698       0x20 src/ASF/sam/boards/arduino_due_x/init.o
 .debug_aranges
                0x000006b8      0x148 src/ASF/sam/drivers/pio/pio.o
 .debug_aranges
                0x00000800       0x58 src/ASF/sam/drivers/pio/pio_handler.o
 .debug_aranges
                0x00000858      0x200 src/ASF/sam/drivers/pmc/pmc.o
 .debug_aranges
                0x00000a58       0x20 src/ASF/sam/utils/cmsis/sam3x/source/templates/exceptions.o
 .debug_aranges
                0x00000a78       0x20 src/ASF/sam/utils/cmsis/sam3x/source/templates/gcc/startup_sam3x.o
 .debug_aranges
                0x00000a98       0x30 src/ASF/sam/utils/cmsis/sam3x/source/templates/system_sam3x.o
 .debug_aranges
                0x00000ac8       0x60 src/ASF/sam/utils/syscalls/gcc/syscalls.o
 .debug_aranges
                0x00000b28       0x20 src/main.o

.debug_ranges   0x00000000      0xa58
 .debug_ranges  0x00000000       0x48 src/ASF/common/services/serial/usart_serial.o
 .debug_ranges  0x00000048       0x10 src/ASF/common/utils/stdio/read.o
 .debug_ranges  0x00000058       0x10 src/ASF/common/utils/stdio/write.o
 .debug_ranges  0x00000068       0xc0 src/ASF/sam/drivers/tc/tc.o
 .debug_ranges  0x00000128       0xd8 src/ASF/sam/drivers/uart/uart.o
 .debug_ranges  0x00000200      0x298 src/ASF/sam/drivers/usart/usart.o
 .debug_ranges  0x00000498       0x50 src/ASF/thirdparty/wireless/addons/sio2host/uart/sio2host.o
 .debug_ranges  0x000004e8       0x20 src/ConsoleFunctions.o
 .debug_ranges  0x00000508       0x18 src/DelayFunctions.o
 .debug_ranges  0x00000520       0x18 src/lcdApplication.o
 .debug_ranges  0x00000538       0x38 src/LCDFunctions.o
 .debug_ranges  0x00000570       0x28 src/createHamming.o
 .debug_ranges  0x00000598       0x28 src/usart0.o
 .debug_ranges  0x000005c0       0x30 src/ASF/common/services/clock/sam3x/sysclk.o
 .debug_ranges  0x000005f0       0x18 src/ASF/common/utils/interrupt/interrupt_sam_nvic.o
 .debug_ranges  0x00000608       0x10 src/ASF/sam/boards/arduino_due_x/init.o
 .debug_ranges  0x00000618      0x150 src/ASF/sam/drivers/pio/pio.o
 .debug_ranges  0x00000768       0x60 src/ASF/sam/drivers/pio/pio_handler.o
 .debug_ranges  0x000007c8      0x1f0 src/ASF/sam/drivers/pmc/pmc.o
 .debug_ranges  0x000009b8       0x10 src/ASF/sam/utils/cmsis/sam3x/source/templates/exceptions.o
 .debug_ranges  0x000009c8       0x10 src/ASF/sam/utils/cmsis/sam3x/source/templates/gcc/startup_sam3x.o
 .debug_ranges  0x000009d8       0x20 src/ASF/sam/utils/cmsis/sam3x/source/templates/system_sam3x.o
 .debug_ranges  0x000009f8       0x50 src/ASF/sam/utils/syscalls/gcc/syscalls.o
 .debug_ranges  0x00000a48       0x10 src/main.o

.debug_macro    0x00000000    0x1b8dd
 .debug_macro   0x00000000      0x60a src/ASF/common/services/serial/usart_serial.o
 .debug_macro   0x0000060a      0x8ce src/ASF/common/services/serial/usart_serial.o
 .debug_macro   0x00000ed8      0x621 src/ASF/common/services/serial/usart_serial.o
 .debug_macro   0x000014f9      0x16d src/ASF/common/services/serial/usart_serial.o
 .debug_macro   0x00001666       0x76 src/ASF/common/services/serial/usart_serial.o
 .debug_macro   0x000016dc       0x16 src/ASF/common/services/serial/usart_serial.o
 .debug_macro   0x000016f2      0x6e4 src/ASF/common/services/serial/usart_serial.o
 .debug_macro   0x00001dd6       0x22 src/ASF/common/services/serial/usart_serial.o
 .debug_macro   0x00001df8       0x87 src/ASF/common/services/serial/usart_serial.o
 .debug_macro   0x00001e7f       0x51 src/ASF/common/services/serial/usart_serial.o
 .debug_macro   0x00001ed0       0xef src/ASF/common/services/serial/usart_serial.o
 .debug_macro   0x00001fbf       0x6a src/ASF/common/services/serial/usart_serial.o
 .debug_macro   0x00002029      0x1df src/ASF/common/services/serial/usart_serial.o
 .debug_macro   0x00002208       0x20 src/ASF/common/services/serial/usart_serial.o
 .debug_macro   0x00002228       0x3a src/ASF/common/services/serial/usart_serial.o
 .debug_macro   0x00002262       0x2d src/ASF/common/services/serial/usart_serial.o
 .debug_macro   0x0000228f      0xbb1 src/ASF/common/services/serial/usart_serial.o
 .debug_macro   0x00002e40      0xab6 src/ASF/common/services/serial/usart_serial.o
 .debug_macro   0x000038f6      0x569 src/ASF/common/services/serial/usart_serial.o
 .debug_macro   0x00003e5f      0x2b5 src/ASF/common/services/serial/usart_serial.o
 .debug_macro   0x00004114      0x31a src/ASF/common/services/serial/usart_serial.o
 .debug_macro   0x0000442e      0x74f src/ASF/common/services/serial/usart_serial.o
 .debug_macro   0x00004b7d       0x82 src/ASF/common/services/serial/usart_serial.o
 .debug_macro   0x00004bff      0x57b src/ASF/common/services/serial/usart_serial.o
 .debug_macro   0x0000517a       0x1c src/ASF/common/services/serial/usart_serial.o
 .debug_macro   0x00005196      0x6b7 src/ASF/common/services/serial/usart_serial.o
 .debug_macro   0x0000584d      0x52d src/ASF/common/services/serial/usart_serial.o
 .debug_macro   0x00005d7a       0xbe src/ASF/common/services/serial/usart_serial.o
 .debug_macro   0x00005e38     0x2342 src/ASF/common/services/serial/usart_serial.o
 .debug_macro   0x0000817a      0x85d src/ASF/common/services/serial/usart_serial.o
 .debug_macro   0x000089d7      0xdc9 src/ASF/common/services/serial/usart_serial.o
 .debug_macro   0x000097a0       0x7c src/ASF/common/services/serial/usart_serial.o
 .debug_macro   0x0000981c      0x263 src/ASF/common/services/serial/usart_serial.o
 .debug_macro   0x00009a7f       0x58 src/ASF/common/services/serial/usart_serial.o
 .debug_macro   0x00009ad7      0x9a7 src/ASF/common/services/serial/usart_serial.o
 .debug_macro   0x0000a47e      0x248 src/ASF/common/services/serial/usart_serial.o
 .debug_macro   0x0000a6c6      0x4df src/ASF/common/services/serial/usart_serial.o
 .debug_macro   0x0000aba5      0x6b3 src/ASF/common/services/serial/usart_serial.o
 .debug_macro   0x0000b258      0x59f src/ASF/common/services/serial/usart_serial.o
 .debug_macro   0x0000b7f7       0x46 src/ASF/common/services/serial/usart_serial.o
 .debug_macro   0x0000b83d      0x34d src/ASF/common/services/serial/usart_serial.o
 .debug_macro   0x0000bb8a      0x28c src/ASF/common/services/serial/usart_serial.o
 .debug_macro   0x0000be16     0x14d7 src/ASF/common/services/serial/usart_serial.o
 .debug_macro   0x0000d2ed      0x7ba src/ASF/common/services/serial/usart_serial.o
 .debug_macro   0x0000daa7       0x76 src/ASF/common/services/serial/usart_serial.o
 .debug_macro   0x0000db1d       0x82 src/ASF/common/services/serial/usart_serial.o
 .debug_macro   0x0000db9f       0x76 src/ASF/common/services/serial/usart_serial.o
 .debug_macro   0x0000dc15       0x4c src/ASF/common/services/serial/usart_serial.o
 .debug_macro   0x0000dc61      0x105 src/ASF/common/services/serial/usart_serial.o
 .debug_macro   0x0000dd66      0x105 src/ASF/common/services/serial/usart_serial.o
 .debug_macro   0x0000de6b      0x105 src/ASF/common/services/serial/usart_serial.o
 .debug_macro   0x0000df70       0x88 src/ASF/common/services/serial/usart_serial.o
 .debug_macro   0x0000dff8       0x88 src/ASF/common/services/serial/usart_serial.o
 .debug_macro   0x0000e080      0x3b4 src/ASF/common/services/serial/usart_serial.o
 .debug_macro   0x0000e434       0xb8 src/ASF/common/services/serial/usart_serial.o
 .debug_macro   0x0000e4ec       0xb8 src/ASF/common/services/serial/usart_serial.o
 .debug_macro   0x0000e5a4       0xb8 src/ASF/common/services/serial/usart_serial.o
 .debug_macro   0x0000e65c       0xb8 src/ASF/common/services/serial/usart_serial.o
 .debug_macro   0x0000e714      0x2b8 src/ASF/common/services/serial/usart_serial.o
 .debug_macro   0x0000e9cc      0x125 src/ASF/common/services/serial/usart_serial.o
 .debug_macro   0x0000eaf1      0x225 src/ASF/common/services/serial/usart_serial.o
 .debug_macro   0x0000ed16      0x225 src/ASF/common/services/serial/usart_serial.o
 .debug_macro   0x0000ef3b       0x2e src/ASF/common/services/serial/usart_serial.o
 .debug_macro   0x0000ef69       0xac src/ASF/common/services/serial/usart_serial.o
 .debug_macro   0x0000f015      0x14d src/ASF/common/services/serial/usart_serial.o
 .debug_macro   0x0000f162       0x7c src/ASF/common/services/serial/usart_serial.o
 .debug_macro   0x0000f1de      0x205 src/ASF/common/services/serial/usart_serial.o
 .debug_macro   0x0000f3e3       0x64 src/ASF/common/services/serial/usart_serial.o
 .debug_macro   0x0000f447       0xa6 src/ASF/common/services/serial/usart_serial.o
 .debug_macro   0x0000f4ed       0x7c src/ASF/common/services/serial/usart_serial.o
 .debug_macro   0x0000f569       0x16 src/ASF/common/services/serial/usart_serial.o
 .debug_macro   0x0000f57f       0x22 src/ASF/common/services/serial/usart_serial.o
 .debug_macro   0x0000f5a1       0x22 src/ASF/common/services/serial/usart_serial.o
 .debug_macro   0x0000f5c3      0x115 src/ASF/common/services/serial/usart_serial.o
 .debug_macro   0x0000f6d8      0x115 src/ASF/common/services/serial/usart_serial.o
 .debug_macro   0x0000f7ed      0x115 src/ASF/common/services/serial/usart_serial.o
 .debug_macro   0x0000f902      0x115 src/ASF/common/services/serial/usart_serial.o
 .debug_macro   0x0000fa17       0x1c src/ASF/common/services/serial/usart_serial.o
 .debug_macro   0x0000fa33       0x2e src/ASF/common/services/serial/usart_serial.o
 .debug_macro   0x0000fa61       0x22 src/ASF/common/services/serial/usart_serial.o
 .debug_macro   0x0000fa83       0x1c src/ASF/common/services/serial/usart_serial.o
 .debug_macro   0x0000fa9f       0x58 src/ASF/common/services/serial/usart_serial.o
 .debug_macro   0x0000faf7       0x10 src/ASF/common/services/serial/usart_serial.o
 .debug_macro   0x0000fb07      0x273 src/ASF/common/services/serial/usart_serial.o
 .debug_macro   0x0000fd7a      0xd43 src/ASF/common/services/serial/usart_serial.o
 .debug_macro   0x00010abd      0x131 src/ASF/common/services/serial/usart_serial.o
 .debug_macro   0x00010bee       0x58 src/ASF/common/services/serial/usart_serial.o
 .debug_macro   0x00010c46       0x35 src/ASF/common/services/serial/usart_serial.o
 .debug_macro   0x00010c7b       0x9c src/ASF/common/services/serial/usart_serial.o
 .debug_macro   0x00010d17       0x16 src/ASF/common/services/serial/usart_serial.o
 .debug_macro   0x00010d2d       0x35 src/ASF/common/services/serial/usart_serial.o
 .debug_macro   0x00010d62      0x353 src/ASF/common/services/serial/usart_serial.o
 .debug_macro   0x000110b5       0x10 src/ASF/common/services/serial/usart_serial.o
 .debug_macro   0x000110c5       0x58 src/ASF/common/services/serial/usart_serial.o
 .debug_macro   0x0001111d       0x1f src/ASF/common/services/serial/usart_serial.o
 .debug_macro   0x0001113c       0x43 src/ASF/common/services/serial/usart_serial.o
 .debug_macro   0x0001117f       0x20 src/ASF/common/services/serial/usart_serial.o
 .debug_macro   0x0001119f      0x187 src/ASF/common/services/serial/usart_serial.o
 .debug_macro   0x00011326       0x10 src/ASF/common/services/serial/usart_serial.o
 .debug_macro   0x00011336       0x1c src/ASF/common/services/serial/usart_serial.o
 .debug_macro   0x00011352       0x52 src/ASF/common/services/serial/usart_serial.o
 .debug_macro   0x000113a4       0x40 src/ASF/common/services/serial/usart_serial.o
 .debug_macro   0x000113e4       0x10 src/ASF/common/services/serial/usart_serial.o
 .debug_macro   0x000113f4       0x40 src/ASF/common/services/serial/usart_serial.o
 .debug_macro   0x00011434       0xd7 src/ASF/common/services/serial/usart_serial.o
 .debug_macro   0x0001150b       0x16 src/ASF/common/services/serial/usart_serial.o
 .debug_macro   0x00011521      0x18b src/ASF/common/services/serial/usart_serial.o
 .debug_macro   0x000116ac       0x22 src/ASF/common/services/serial/usart_serial.o
 .debug_macro   0x000116ce       0x16 src/ASF/common/services/serial/usart_serial.o
 .debug_macro   0x000116e4       0x16 src/ASF/common/services/serial/usart_serial.o
 .debug_macro   0x000116fa       0x29 src/ASF/common/services/serial/usart_serial.o
 .debug_macro   0x00011723       0x6e src/ASF/common/services/serial/usart_serial.o
 .debug_macro   0x00011791       0x45 src/ASF/common/services/serial/usart_serial.o
 .debug_macro   0x000117d6      0x3ca src/ASF/common/services/serial/usart_serial.o
 .debug_macro   0x00011ba0       0x34 src/ASF/common/services/serial/usart_serial.o
 .debug_macro   0x00011bd4      0x279 src/ASF/common/services/serial/usart_serial.o
 .debug_macro   0x00011e4d      0x790 src/ASF/common/services/serial/usart_serial.o
 .debug_macro   0x000125dd       0x5e src/ASF/common/services/serial/usart_serial.o
 .debug_macro   0x0001263b       0x64 src/ASF/common/services/serial/usart_serial.o
 .debug_macro   0x0001269f       0x5f src/ASF/common/services/serial/usart_serial.o
 .debug_macro   0x000126fe       0x90 src/ASF/common/services/serial/usart_serial.o
 .debug_macro   0x0001278e       0x1c src/ASF/common/services/serial/usart_serial.o
 .debug_macro   0x000127aa       0x2e src/ASF/common/services/serial/usart_serial.o
 .debug_macro   0x000127d8       0x1c src/ASF/common/services/serial/usart_serial.o
 .debug_macro   0x000127f4      0x550 src/ASF/common/utils/stdio/read.o
 .debug_macro   0x00012d44      0x550 src/ASF/common/utils/stdio/write.o
 .debug_macro   0x00013294      0x56c src/ASF/sam/drivers/tc/tc.o
 .debug_macro   0x00013800       0x52 src/ASF/sam/drivers/tc/tc.o
 .debug_macro   0x00013852       0x8d src/ASF/sam/drivers/tc/tc.o
 .debug_macro   0x000138df       0x16 src/ASF/sam/drivers/tc/tc.o
 .debug_macro   0x000138f5       0x57 src/ASF/sam/drivers/tc/tc.o
 .debug_macro   0x0001394c       0x1c src/ASF/sam/drivers/tc/tc.o
 .debug_macro   0x00013968      0x55f src/ASF/sam/drivers/uart/uart.o
 .debug_macro   0x00013ec7       0x16 src/ASF/sam/drivers/uart/uart.o
 .debug_macro   0x00013edd      0x59b src/ASF/sam/drivers/usart/usart.o
 .debug_macro   0x00014478       0x28 src/ASF/sam/drivers/usart/usart.o
 .debug_macro   0x000144a0      0x696 src/ASF/thirdparty/wireless/addons/sio2host/uart/sio2host.o
 .debug_macro   0x00014b36       0x94 src/ASF/thirdparty/wireless/addons/sio2host/uart/sio2host.o
 .debug_macro   0x00014bca       0x40 src/ASF/thirdparty/wireless/addons/sio2host/uart/sio2host.o
 .debug_macro   0x00014c0a       0x6a src/ASF/thirdparty/wireless/addons/sio2host/uart/sio2host.o
 .debug_macro   0x00014c74       0x34 src/ASF/thirdparty/wireless/addons/sio2host/uart/sio2host.o
 .debug_macro   0x00014ca8       0x40 src/ASF/thirdparty/wireless/addons/sio2host/uart/sio2host.o
 .debug_macro   0x00014ce8      0x68a src/ConsoleFunctions.o
 .debug_macro   0x00015372       0x97 src/ConsoleFunctions.o
 .debug_macro   0x00015409       0xf6 src/ConsoleFunctions.o
 .debug_macro   0x000154ff       0x70 src/ConsoleFunctions.o
 .debug_macro   0x0001556f       0x58 src/ConsoleFunctions.o
 .debug_macro   0x000155c7      0x68c src/DelayFunctions.o
 .debug_macro   0x00015c53      0x6a7 src/lcdApplication.o
 .debug_macro   0x000162fa       0x34 src/lcdApplication.o
 .debug_macro   0x0001632e      0x6ad src/LCDFunctions.o
 .debug_macro   0x000169db       0x82 src/LCDFunctions.o
 .debug_macro   0x00016a5d      0x45d src/LCDFunctions.o
 .debug_macro   0x00016eba       0xfd src/LCDFunctions.o
 .debug_macro   0x00016fb7       0x26 src/LCDFunctions.o
 .debug_macro   0x00016fdd       0xa2 src/LCDFunctions.o
 .debug_macro   0x0001707f       0x34 src/LCDFunctions.o
 .debug_macro   0x000170b3      0x189 src/createHamming.o
 .debug_macro   0x0001723c      0x6c0 src/usart0.o
 .debug_macro   0x000178fc      0x5d1 src/ASF/common/services/clock/sam3x/sysclk.o
 .debug_macro   0x00017ecd      0x273 src/ASF/common/services/clock/sam3x/sysclk.o
 .debug_macro   0x00018140      0x55a src/ASF/common/utils/interrupt/interrupt_sam_nvic.o
 .debug_macro   0x0001869a       0x3f src/ASF/common/utils/interrupt/interrupt_sam_nvic.o
 .debug_macro   0x000186d9      0x616 src/ASF/sam/boards/arduino_due_x/init.o
 .debug_macro   0x00018cef      0x56b src/ASF/sam/drivers/pio/pio.o
 .debug_macro   0x0001925a       0x8e src/ASF/sam/drivers/pio/pio.o
 .debug_macro   0x000192e8      0x56f src/ASF/sam/drivers/pio/pio_handler.o
 .debug_macro   0x00019857      0x565 src/ASF/sam/drivers/pmc/pmc.o
 .debug_macro   0x00019dbc       0x58 src/ASF/sam/drivers/pmc/pmc.o
 .debug_macro   0x00019e14      0x564 src/ASF/sam/utils/cmsis/sam3x/source/templates/exceptions.o
 .debug_macro   0x0001a378      0x572 src/ASF/sam/utils/cmsis/sam3x/source/templates/gcc/startup_sam3x.o
 .debug_macro   0x0001a8ea      0x572 src/ASF/sam/utils/cmsis/sam3x/source/templates/system_sam3x.o
 .debug_macro   0x0001ae5c      0x1d6 src/ASF/sam/utils/syscalls/gcc/syscalls.o
 .debug_macro   0x0001b032       0x4c src/ASF/sam/utils/syscalls/gcc/syscalls.o
 .debug_macro   0x0001b07e       0x16 src/ASF/sam/utils/syscalls/gcc/syscalls.o
 .debug_macro   0x0001b094       0x10 src/ASF/sam/utils/syscalls/gcc/syscalls.o
 .debug_macro   0x0001b0a4       0x10 src/ASF/sam/utils/syscalls/gcc/syscalls.o
 .debug_macro   0x0001b0b4       0x35 src/ASF/sam/utils/syscalls/gcc/syscalls.o
 .debug_macro   0x0001b0e9      0x122 src/ASF/sam/utils/syscalls/gcc/syscalls.o
 .debug_macro   0x0001b20b      0x6d2 src/main.o

.debug_line     0x00000000    0x13676
 .debug_line    0x00000000      0xd98 src/ASF/common/services/serial/usart_serial.o
 .debug_line    0x00000d98      0xb48 src/ASF/common/utils/stdio/read.o
 .debug_line    0x000018e0      0xb40 src/ASF/common/utils/stdio/write.o
 .debug_line    0x00002420      0xce6 src/ASF/sam/drivers/tc/tc.o
 .debug_line    0x00003106      0xcfb src/ASF/sam/drivers/uart/uart.o
 .debug_line    0x00003e01     0x1222 src/ASF/sam/drivers/usart/usart.o
 .debug_line    0x00005023     0x106d src/ASF/thirdparty/wireless/addons/sio2host/uart/sio2host.o
 .debug_line    0x00006090      0xf6e src/ConsoleFunctions.o
 .debug_line    0x00006ffe      0xecd src/DelayFunctions.o
 .debug_line    0x00007ecb      0xef3 src/lcdApplication.o
 .debug_line    0x00008dbe      0xfc1 src/LCDFunctions.o
 .debug_line    0x00009d7f      0x355 src/createHamming.o
 .debug_line    0x0000a0d4      0xf11 src/usart0.o
 .debug_line    0x0000afe5      0xcba src/ASF/common/services/clock/sam3x/sysclk.o
 .debug_line    0x0000bc9f      0xb62 src/ASF/common/utils/interrupt/interrupt_sam_nvic.o
 .debug_line    0x0000c801      0xd48 src/ASF/sam/boards/arduino_due_x/init.o
 .debug_line    0x0000d549      0xeca src/ASF/sam/drivers/pio/pio.o
 .debug_line    0x0000e413      0xbfd src/ASF/sam/drivers/pio/pio_handler.o
 .debug_line    0x0000f010     0x10b4 src/ASF/sam/drivers/pmc/pmc.o
 .debug_line    0x000100c4      0xb23 src/ASF/sam/utils/cmsis/sam3x/source/templates/exceptions.o
 .debug_line    0x00010be7      0xb6c src/ASF/sam/utils/cmsis/sam3x/source/templates/gcc/startup_sam3x.o
 .debug_line    0x00011753      0xb9e src/ASF/sam/utils/cmsis/sam3x/source/templates/system_sam3x.o
 .debug_line    0x000122f1      0x40b src/ASF/sam/utils/syscalls/gcc/syscalls.o
 .debug_line    0x000126fc      0xf7a src/main.o

.debug_str      0x00000000    0x659a0
 .debug_str     0x00000000    0x606a0 src/ASF/common/services/serial/usart_serial.o
                              0x60a72 (size before relaxing)
 .debug_str     0x000606a0       0x3f src/ASF/common/utils/stdio/read.o
                              0x5c9b5 (size before relaxing)
 .debug_str     0x000606df       0x2e src/ASF/common/utils/stdio/write.o
                              0x5c9b6 (size before relaxing)
 .debug_str     0x0006070d      0x3cd src/ASF/sam/drivers/tc/tc.o
                              0x5cd64 (size before relaxing)
 .debug_str     0x00060ada      0x295 src/ASF/sam/drivers/uart/uart.o
                              0x5cd81 (size before relaxing)
 .debug_str     0x00060d6f      0xa18 src/ASF/sam/drivers/usart/usart.o
                              0x5d632 (size before relaxing)
 .debug_str     0x00061787      0xfa7 src/ASF/thirdparty/wireless/addons/sio2host/uart/sio2host.o
                              0x61b2a (size before relaxing)
 .debug_str     0x0006272e      0x19f src/ConsoleFunctions.o
                              0x61592 (size before relaxing)
 .debug_str     0x000628cd       0x46 src/DelayFunctions.o
                              0x610ba (size before relaxing)
 .debug_str     0x00062913      0x12f src/lcdApplication.o
                              0x610c8 (size before relaxing)
 .debug_str     0x00062a42     0x13b6 src/LCDFunctions.o
                              0x624d2 (size before relaxing)
 .debug_str     0x00063df8       0x3f src/createHamming.o
                               0x6cae (size before relaxing)
 .debug_str     0x00063e37      0x105 src/usart0.o
                              0x612cb (size before relaxing)
 .debug_str     0x00063f3c      0x364 src/ASF/common/services/clock/sam3x/sysclk.o
                              0x60959 (size before relaxing)
 .debug_str     0x000642a0       0x73 src/ASF/common/utils/interrupt/interrupt_sam_nvic.o
                              0x5ca0c (size before relaxing)
 .debug_str     0x00064313       0x9e src/ASF/sam/boards/arduino_due_x/init.o
                              0x6114a (size before relaxing)
 .debug_str     0x000643b1      0x3e4 src/ASF/sam/drivers/pio/pio.o
                              0x5d360 (size before relaxing)
 .debug_str     0x00064795      0x1bf src/ASF/sam/drivers/pio/pio_handler.o
                              0x5d459 (size before relaxing)
 .debug_str     0x00064954      0x578 src/ASF/sam/drivers/pmc/pmc.o
                              0x5d3d6 (size before relaxing)
 .debug_str     0x00064ecc       0x4d src/ASF/sam/utils/cmsis/sam3x/source/templates/exceptions.o
                              0x5c9d5 (size before relaxing)
 .debug_str     0x00064f19       0xd9 src/ASF/sam/utils/cmsis/sam3x/source/templates/gcc/startup_sam3x.o
                              0x5cad1 (size before relaxing)
 .debug_str     0x00064ff2      0x195 src/ASF/sam/utils/cmsis/sam3x/source/templates/system_sam3x.o
                              0x5ccad (size before relaxing)
 .debug_str     0x00065187      0x774 src/ASF/sam/utils/syscalls/gcc/syscalls.o
                               0x747b (size before relaxing)
 .debug_str     0x000658fb       0xa5 src/main.o
                              0x61573 (size before relaxing)

.debug_frame    0x00000000     0x2584
 .debug_frame   0x00000000       0x80 src/ASF/common/services/serial/usart_serial.o
 .debug_frame   0x00000080       0x30 src/ASF/common/utils/stdio/read.o
 .debug_frame   0x000000b0       0x48 src/ASF/common/utils/stdio/write.o
 .debug_frame   0x000000f8      0x1a8 src/ASF/sam/drivers/tc/tc.o
 .debug_frame   0x000002a0      0x1bc src/ASF/sam/drivers/uart/uart.o
 .debug_frame   0x0000045c      0x5cc src/ASF/sam/drivers/usart/usart.o
 .debug_frame   0x00000a28      0x134 src/ASF/thirdparty/wireless/addons/sio2host/uart/sio2host.o
 .debug_frame   0x00000b5c       0x74 src/ConsoleFunctions.o
 .debug_frame   0x00000bd0       0x48 src/DelayFunctions.o
 .debug_frame   0x00000c18       0x54 src/lcdApplication.o
 .debug_frame   0x00000c6c       0x74 src/LCDFunctions.o
 .debug_frame   0x00000ce0       0x2c src/createHamming.o
 .debug_frame   0x00000d0c       0x74 src/usart0.o
 .debug_frame   0x00000d80       0x88 src/ASF/common/services/clock/sam3x/sysclk.o
 .debug_frame   0x00000e08       0x30 src/ASF/common/utils/interrupt/interrupt_sam_nvic.o
 .debug_frame   0x00000e38       0x28 src/ASF/sam/boards/arduino_due_x/init.o
 .debug_frame   0x00000e60      0x2b8 src/ASF/sam/drivers/pio/pio.o
 .debug_frame   0x00001118       0xf8 src/ASF/sam/drivers/pio/pio_handler.o
 .debug_frame   0x00001210      0x3ec src/ASF/sam/drivers/pmc/pmc.o
 .debug_frame   0x000015fc       0x20 src/ASF/sam/utils/cmsis/sam3x/source/templates/exceptions.o
 .debug_frame   0x0000161c       0x28 src/ASF/sam/utils/cmsis/sam3x/source/templates/gcc/startup_sam3x.o
 .debug_frame   0x00001644       0x40 src/ASF/sam/utils/cmsis/sam3x/source/templates/system_sam3x.o
 .debug_frame   0x00001684       0xa8 src/ASF/sam/utils/syscalls/gcc/syscalls.o
 .debug_frame   0x0000172c       0x38 src/main.o
 .debug_frame   0x00001764       0x2c c:/program files (x86)/atmel/studio/7.0/toolchain/arm/arm-gnu-toolchain/bin/../lib/gcc/arm-none-eabi/6.3.1/../../../../arm-none-eabi/lib/thumb/v7-m\libc.a(lib_a-init.o)
 .debug_frame   0x00001790       0x78 c:/program files (x86)/atmel/studio/7.0/toolchain/arm/arm-gnu-toolchain/bin/../lib/gcc/arm-none-eabi/6.3.1/../../../../arm-none-eabi/lib/thumb/v7-m\libc.a(lib_a-iprintf.o)
 .debug_frame   0x00001808       0x3c c:/program files (x86)/atmel/studio/7.0/toolchain/arm/arm-gnu-toolchain/bin/../lib/gcc/arm-none-eabi/6.3.1/../../../../arm-none-eabi/lib/thumb/v7-m\libc.a(lib_a-itoa.o)
 .debug_frame   0x00001844       0x34 c:/program files (x86)/atmel/studio/7.0/toolchain/arm/arm-gnu-toolchain/bin/../lib/gcc/arm-none-eabi/6.3.1/../../../../arm-none-eabi/lib/thumb/v7-m\libc.a(lib_a-memset.o)
 .debug_frame   0x00001878       0x20 c:/program files (x86)/atmel/studio/7.0/toolchain/arm/arm-gnu-toolchain/bin/../lib/gcc/arm-none-eabi/6.3.1/../../../../arm-none-eabi/lib/thumb/v7-m\libc.a(lib_a-setbuf.o)
 .debug_frame   0x00001898       0x48 c:/program files (x86)/atmel/studio/7.0/toolchain/arm/arm-gnu-toolchain/bin/../lib/gcc/arm-none-eabi/6.3.1/../../../../arm-none-eabi/lib/thumb/v7-m\libc.a(lib_a-setvbuf.o)
 .debug_frame   0x000018e0       0x4c c:/program files (x86)/atmel/studio/7.0/toolchain/arm/arm-gnu-toolchain/bin/../lib/gcc/arm-none-eabi/6.3.1/../../../../arm-none-eabi/lib/thumb/v7-m\libc.a(lib_a-utoa.o)
 .debug_frame   0x0000192c       0xd8 c:/program files (x86)/atmel/studio/7.0/toolchain/arm/arm-gnu-toolchain/bin/../lib/gcc/arm-none-eabi/6.3.1/../../../../arm-none-eabi/lib/thumb/v7-m\libc.a(lib_a-vfiprintf.o)
 .debug_frame   0x00001a04       0x2c c:/program files (x86)/atmel/studio/7.0/toolchain/arm/arm-gnu-toolchain/bin/../lib/gcc/arm-none-eabi/6.3.1/../../../../arm-none-eabi/lib/thumb/v7-m\libc.a(lib_a-wsetup.o)
 .debug_frame   0x00001a30       0x5c c:/program files (x86)/atmel/studio/7.0/toolchain/arm/arm-gnu-toolchain/bin/../lib/gcc/arm-none-eabi/6.3.1/../../../../arm-none-eabi/lib/thumb/v7-m\libc.a(lib_a-__call_atexit.o)
 .debug_frame   0x00001a8c       0x20 c:/program files (x86)/atmel/studio/7.0/toolchain/arm/arm-gnu-toolchain/bin/../lib/gcc/arm-none-eabi/6.3.1/../../../../arm-none-eabi/lib/thumb/v7-m\libc.a(lib_a-atexit.o)