Archive member included to satisfy reference by file (symbol)

c:/program files (x86)/atmel/studio/7.0/toolchain/arm/arm-gnu-toolchain/bin/../lib/gcc/arm-none-eabi/6.3.1/../../../../arm-none-eabi/lib/thumb/v7-m\libm.a(lib_a-w_sqrt.o)
                              src/main.o (sqrt)
c:/program files (x86)/atmel/studio/7.0/toolchain/arm/arm-gnu-toolchain/bin/../lib/gcc/arm-none-eabi/6.3.1/../../../../arm-none-eabi/lib/thumb/v7-m\libm.a(lib_a-e_sqrt.o)
                              c:/program files (x86)/atmel/studio/7.0/toolchain/arm/arm-gnu-toolchain/bin/../lib/gcc/arm-none-eabi/6.3.1/../../../../arm-none-eabi/lib/thumb/v7-m\libm.a(lib_a-w_sqrt.o) (__ieee754_sqrt)
c:/program files (x86)/atmel/studio/7.0/toolchain/arm/arm-gnu-toolchain/bin/../lib/gcc/arm-none-eabi/6.3.1/../../../../arm-none-eabi/lib/thumb/v7-m\libm.a(lib_a-s_lib_ver.o)
                              c:/program files (x86)/atmel/studio/7.0/toolchain/arm/arm-gnu-toolchain/bin/../lib/gcc/arm-none-eabi/6.3.1/../../../../arm-none-eabi/lib/thumb/v7-m\libm.a(lib_a-w_sqrt.o) (__fdlib_version)
c:/program files (x86)/atmel/studio/7.0/toolchain/arm/arm-gnu-toolchain/bin/../lib/gcc/arm-none-eabi/6.3.1/../../../../arm-none-eabi/lib/thumb/v7-m\libm.a(lib_a-s_matherr.o)
                              c:/program files (x86)/atmel/studio/7.0/toolchain/arm/arm-gnu-toolchain/bin/../lib/gcc/arm-none-eabi/6.3.1/../../../../arm-none-eabi/lib/thumb/v7-m\libm.a(lib_a-w_sqrt.o) (matherr)
c:/program files (x86)/atmel/studio/7.0/toolchain/arm/arm-gnu-toolchain/bin/../lib/gcc/arm-none-eabi/6.3.1/thumb/v7-m\libgcc.a(_arm_addsubdf3.o)
                              c:/program files (x86)/atmel/studio/7.0/toolchain/arm/arm-gnu-toolchain/bin/../lib/gcc/arm-none-eabi/6.3.1/../../../../arm-none-eabi/lib/thumb/v7-m\libm.a(lib_a-e_sqrt.o) (__aeabi_dsub)
c:/program files (x86)/atmel/studio/7.0/toolchain/arm/arm-gnu-toolchain/bin/../lib/gcc/arm-none-eabi/6.3.1/thumb/v7-m\libgcc.a(_arm_muldivdf3.o)
                              src/main.o (__aeabi_dmul)
c:/program files (x86)/atmel/studio/7.0/toolchain/arm/arm-gnu-toolchain/bin/../lib/gcc/arm-none-eabi/6.3.1/thumb/v7-m\libgcc.a(_arm_cmpdf2.o)
                              c:/program files (x86)/atmel/studio/7.0/toolchain/arm/arm-gnu-toolchain/bin/../lib/gcc/arm-none-eabi/6.3.1/../../../../arm-none-eabi/lib/thumb/v7-m\libm.a(lib_a-w_sqrt.o) (__aeabi_dcmplt)
c:/program files (x86)/atmel/studio/7.0/toolchain/arm/arm-gnu-toolchain/bin/../lib/gcc/arm-none-eabi/6.3.1/thumb/v7-m\libgcc.a(_arm_unorddf2.o)
                              c:/program files (x86)/atmel/studio/7.0/toolchain/arm/arm-gnu-toolchain/bin/../lib/gcc/arm-none-eabi/6.3.1/../../../../arm-none-eabi/lib/thumb/v7-m\libm.a(lib_a-w_sqrt.o) (__aeabi_dcmpun)
c:/program files (x86)/atmel/studio/7.0/toolchain/arm/arm-gnu-toolchain/bin/../lib/gcc/arm-none-eabi/6.3.1/thumb/v7-m\libgcc.a(_arm_fixunsdfsi.o)
                              src/main.o (__aeabi_d2uiz)
c:/program files (x86)/atmel/studio/7.0/toolchain/arm/arm-gnu-toolchain/bin/../lib/gcc/arm-none-eabi/6.3.1/thumb/v7-m\libgcc.a(_arm_addsubsf3.o)
                              src/signalBehandling.o (__aeabi_fadd)
c:/program files (x86)/atmel/studio/7.0/toolchain/arm/arm-gnu-toolchain/bin/../lib/gcc/arm-none-eabi/6.3.1/thumb/v7-m\libgcc.a(_arm_muldivsf3.o)
                              src/signalBehandling.o (__aeabi_fmul)
c:/program files (x86)/atmel/studio/7.0/toolchain/arm/arm-gnu-toolchain/bin/../lib/gcc/arm-none-eabi/6.3.1/thumb/v7-m\libgcc.a(_arm_fixunssfsi.o)
                              src/signalBehandling.o (__aeabi_f2uiz)
c:/program files (x86)/atmel/studio/7.0/toolchain/arm/arm-gnu-toolchain/bin/../lib/gcc/arm-none-eabi/6.3.1/../../../../arm-none-eabi/lib/thumb/v7-m\libc.a(lib_a-errno.o)
                              c:/program files (x86)/atmel/studio/7.0/toolchain/arm/arm-gnu-toolchain/bin/../lib/gcc/arm-none-eabi/6.3.1/../../../../arm-none-eabi/lib/thumb/v7-m\libm.a(lib_a-w_sqrt.o) (__errno)
c:/program files (x86)/atmel/studio/7.0/toolchain/arm/arm-gnu-toolchain/bin/../lib/gcc/arm-none-eabi/6.3.1/../../../../arm-none-eabi/lib/thumb/v7-m\libc.a(lib_a-exit.o)
                              c:/program files (x86)/atmel/studio/7.0/toolchain/arm/arm-gnu-toolchain/bin/../lib/gcc/arm-none-eabi/6.3.1/../../../../arm-none-eabi/lib/thumb/v7-m/crt0.o (exit)
c:/program files (x86)/atmel/studio/7.0/toolchain/arm/arm-gnu-toolchain/bin/../lib/gcc/arm-none-eabi/6.3.1/../../../../arm-none-eabi/lib/thumb/v7-m\libc.a(lib_a-impure.o)
                              c:/program files (x86)/atmel/studio/7.0/toolchain/arm/arm-gnu-toolchain/bin/../lib/gcc/arm-none-eabi/6.3.1/../../../../arm-none-eabi/lib/thumb/v7-m\libc.a(lib_a-exit.o) (_global_impure_ptr)
c:/program files (x86)/atmel/studio/7.0/toolchain/arm/arm-gnu-toolchain/bin/../lib/gcc/arm-none-eabi/6.3.1/../../../../arm-none-eabi/lib/thumb/v7-m\libc.a(lib_a-init.o)
[...]
Memory Configuration

Name             Origin             Length             Attributes
rom              0x00080000         0x00080000         xr
sram0            0x20000000         0x00010000         xrw
sram1            0x20080000         0x00008000         xrw
ram              0x20070000         0x00018000         xrw
*default*        0x00000000         0xffffffff

Linker script and memory map

LOAD c:/program files (x86)/atmel/studio/7.0/toolchain/arm/arm-gnu-toolchain/bin/../lib/gcc/arm-none-eabi/6.3.1/thumb/v7-m/crti.o
LOAD c:/program files (x86)/atmel/studio/7.0/toolchain/arm/arm-gnu-toolchain/bin/../lib/gcc/arm-none-eabi/6.3.1/thumb/v7-m/crtbegin.o
LOAD c:/program files (x86)/atmel/studio/7.0/toolchain/arm/arm-gnu-toolchain/bin/../lib/gcc/arm-none-eabi/6.3.1/../../../../arm-none-eabi/lib/thumb/v7-m/crt0.o
LOAD src/adcdac.o
LOAD src/ASF/common/services/serial/usart_serial.o
LOAD src/ASF/common/utils/stdio/read.o
LOAD src/ASF/common/utils/stdio/write.o
LOAD src/ASF/sam/drivers/adc/adc.o
LOAD src/ASF/sam/drivers/adc/adc_sam3u.o
LOAD src/ASF/sam/drivers/dacc/dacc.o
LOAD src/ASF/sam/drivers/tc/tc.o
LOAD src/ASF/sam/drivers/uart/uart.o
LOAD src/ASF/sam/drivers/usart/usart.o
LOAD src/ASF/thirdparty/wireless/addons/sio2host/uart/sio2host.o
LOAD src/conf_tc.o
LOAD src/ConsoleFunctions.o
LOAD src/DelayFunctions.o
LOAD src/lcdApplication.o
LOAD src/LCDFunctions.o
LOAD src/createHamming.o
LOAD src/misc.o
LOAD src/signalBehandling.o
LOAD src/usart0.o
LOAD src/ASF/common/services/clock/sam3x/sysclk.o
LOAD src/ASF/common/utils/interrupt/interrupt_sam_nvic.o
LOAD src/ASF/sam/boards/arduino_due_x/init.o
LOAD src/ASF/sam/drivers/pio/pio.o
LOAD src/ASF/sam/drivers/pio/pio_handler.o
LOAD src/ASF/sam/drivers/pmc/pmc.o
LOAD src/ASF/sam/drivers/pmc/sleep.o
LOAD src/ASF/sam/utils/cmsis/sam3x/source/templates/exceptions.o
LOAD src/ASF/sam/utils/cmsis/sam3x/source/templates/gcc/startup_sam3x.o
LOAD src/ASF/sam/utils/cmsis/sam3x/source/templates/system_sam3x.o
LOAD src/ASF/sam/utils/syscalls/gcc/syscalls.o
LOAD src/main.o
START GROUP
LOAD ../src/ASF/thirdparty/CMSIS/Lib/GCC\libarm_cortexM3l_math.a
LOAD c:/program files (x86)/atmel/studio/7.0/toolchain/arm/arm-gnu-toolchain/bin/../lib/gcc/arm-none-eabi/6.3.1/../../../../arm-none-eabi/lib/thumb/v7-m\libm.a
END GROUP
START GROUP
LOAD c:/program files (x86)/atmel/studio/7.0/toolchain/arm/arm-gnu-toolchain/bin/../lib/gcc/arm-none-eabi/6.3.1/thumb/v7-m\libgcc.a
LOAD c:/program files (x86)/atmel/studio/7.0/toolchain/arm/arm-gnu-toolchain/bin/../lib/gcc/arm-none-eabi/6.3.1/../../../../arm-none-eabi/lib/thumb/v7-m\libc.a
END GROUP
LOAD c:/program files (x86)/atmel/studio/7.0/toolchain/arm/arm-gnu-toolchain/bin/../lib/gcc/arm-none-eabi/6.3.1/thumb/v7-m/crtend.o
LOAD c:/program files (x86)/atmel/studio/7.0/toolchain/arm/arm-gnu-toolchain/bin/../lib/gcc/arm-none-eabi/6.3.1/thumb/v7-m/crtn.o
                0x00002000                __stack_size__ = DEFINED (__stack_size__)?__stack_size__:0x2000
                0x20087ffc                __ram_end__ = ((ORIGIN (ram) + LENGTH (ram)) - 0x4)

.text           0x00080000     0x580c
                0x00080000                . = ALIGN (0x4)
                0x00080000                _sfixed = .
 *(.vectors .vectors.*)
 .vectors       0x00080000       0xf4 src/ASF/sam/utils/cmsis/sam3x/source/templates/gcc/startup_sam3x.o
                0x00080000                exception_table
 *(.text .text.* .gnu.linkonce.t.*)
 .text          0x000800f4       0x6c c:/program files (x86)/atmel/studio/7.0/toolchain/arm/arm-gnu-toolchain/bin/../lib/gcc/arm-none-eabi/6.3.1/thumb/v7-m/crtbegin.o
 .text.adc_setup
                0x00080160       0x64 src/adcdac.o
                0x00080160                adc_setup
 .text.dac_setup
                0x000801c4       0x54 src/adcdac.o
                0x000801c4                dac_setup
 .text.adc_get_value
                0x00080218       0x30 src/adcdac.o
                0x00080218                adc_get_value
 .text.usart_serial_read_packet
                0x00080248       0xc8 src/ASF/common/services/serial/usart_serial.o
                0x00080248                usart_serial_read_packet
 .text._read    0x00080310       0x3c src/ASF/common/utils/stdio/read.o
                0x00080310                _read
 .text._write   0x0008034c       0x50 src/ASF/common/utils/stdio/write.o
                0x0008034c                _write
 .text.adc_init
                0x0008039c       0x34 src/ASF/sam/drivers/adc/adc.o
                0x0008039c                adc_init
 .text.adc_set_resolution
                0x000803d0       0x10 src/ASF/sam/drivers/adc/adc.o
                0x000803d0                adc_set_resolution
 .text.adc_configure_trigger
                0x000803e0        0xe src/ASF/sam/drivers/adc/adc.o
                0x000803e0                adc_configure_trigger
 .text.adc_configure_timing
                0x000803ee       0x1c src/ASF/sam/drivers/adc/adc.o
                0x000803ee                adc_configure_timing
 .text.adc_start
                0x0008040a        0x6 src/ASF/sam/drivers/adc/adc.o
                0x0008040a                adc_start
 .text.adc_enable_channel
                0x00080410        0xa src/ASF/sam/drivers/adc/adc.o
                0x00080410                adc_enable_channel
 .text.adc_get_latest_value
                0x0008041a        0x4 src/ASF/sam/drivers/adc/adc.o
                0x0008041a                adc_get_latest_value
 .text.adc_get_status
                0x0008041e        0x4 src/ASF/sam/drivers/adc/adc.o
                0x0008041e                adc_get_status
 .text.dacc_reset
                0x00080422        0x6 src/ASF/sam/drivers/dacc/dacc.o
                0x00080422                dacc_reset
 .text.dacc_set_transfer_mode
                0x00080428       0x18 src/ASF/sam/drivers/dacc/dacc.o
                0x00080428                dacc_set_transfer_mode
 .text.dacc_write_conversion_data
                0x00080440        0x4 src/ASF/sam/drivers/dacc/dacc.o
                0x00080440                dacc_write_conversion_data
 .text.dacc_set_channel_selection
                0x00080444       0x18 src/ASF/sam/drivers/dacc/dacc.o
                0x00080444                dacc_set_channel_selection
 .text.dacc_set_timing
                0x0008045c       0x2e src/ASF/sam/drivers/dacc/dacc.o
                0x0008045c                dacc_set_timing
 .text.dacc_enable_channel
                0x0008048a       0x14 src/ASF/sam/drivers/dacc/dacc.o
                0x0008048a                dacc_enable_channel
 .text.tc_init  0x0008049e       0x18 src/ASF/sam/drivers/tc/tc.o
                0x0008049e                tc_init
 .text.tc_set_block_mode
                0x000804b6        0x6 src/ASF/sam/drivers/tc/tc.o
                0x000804b6                tc_set_block_mode
 .text.tc_start
                0x000804bc        0x8 src/ASF/sam/drivers/tc/tc.o
                0x000804bc                tc_start
 .text.tc_stop  0x000804c4        0x8 src/ASF/sam/drivers/tc/tc.o
                0x000804c4                tc_stop
 .text.tc_read_cv
                0x000804cc        0x8 src/ASF/sam/drivers/tc/tc.o
                0x000804cc                tc_read_cv
 .text.tc_write_rc
                0x000804d4        0x8 src/ASF/sam/drivers/tc/tc.o
                0x000804d4                tc_write_rc
 .text.tc_enable_interrupt
                0x000804dc        0x8 src/ASF/sam/drivers/tc/tc.o
                0x000804dc                tc_enable_interrupt
 .text.tc_get_status
                0x000804e4        0x8 src/ASF/sam/drivers/tc/tc.o
                0x000804e4                tc_get_status
 .text.uart_init
                0x000804ec       0x36 src/ASF/sam/drivers/uart/uart.o
                0x000804ec                uart_init
 .text.uart_write
                0x00080522       0x10 src/ASF/sam/drivers/uart/uart.o
                0x00080522                uart_write
 .text.uart_read
                0x00080532       0x12 src/ASF/sam/drivers/uart/uart.o
                0x00080532                uart_read
 .text.usart_write
                0x00080544       0x14 src/ASF/sam/drivers/usart/usart.o
                0x00080544                usart_write
 .text.usart_read
                0x00080558       0x18 src/ASF/sam/drivers/usart/usart.o
                0x00080558                usart_read
 .text.USART0_Handler
                0x00080570       0x60 src/ASF/thirdparty/wireless/addons/sio2host/uart/sio2host.o
                0x00080570                USART0_Handler
 .text.configure_tc
                0x000805d0       0x5c src/conf_tc.o
                0x000805d0                configure_tc
 .text.usart_serial_getchar
                0x0008062c       0xac src/ConsoleFunctions.o
 .text.usart_serial_putchar
                0x000806d8       0x9c src/ConsoleFunctions.o
 .text.configureConsole
                0x00080774       0x94 src/ConsoleFunctions.o
                0x00080774                configureConsole
 .text.delayInit
                0x00080808       0x3c src/DelayFunctions.o
                0x00080808                delayInit
 .text.delayMicroseconds
                0x00080844       0x3c src/DelayFunctions.o
                0x00080844                delayMicroseconds
 .text.lcdWrite
                0x00080880       0x94 src/LCDFunctions.o
                0x00080880                lcdWrite
 .text.lcdInit  0x00080914       0xe8 src/LCDFunctions.o
                0x00080914                lcdInit
 .text.createHammingCode
                0x000809fc       0x7c src/createHamming.o
                0x000809fc                createHammingCode
 .text.getHundreds
                0x00080a78       0xa0 src/misc.o
                0x00080a78                getHundreds
 .text.getSingles
                0x00080b18       0x90 src/misc.o
                0x00080b18                getSingles
 .text.getTens  0x00080ba8       0xb8 src/misc.o
                0x00080ba8                getTens
 .text.TC0_Handler
                0x00080c60      0x138 src/signalBehandling.o
                0x00080c60                TC0_Handler
 .text.getCounter
                0x00080d98        0xc src/signalBehandling.o
                0x00080d98                getCounter
 .text.getMvBuffer
                0x00080da4        0x8 src/signalBehandling.o
                0x00080da4                getMvBuffer
 .text.reset_counter
                0x00080dac        0xc src/signalBehandling.o
                0x00080dac                reset_counter
 .text.usart0_init
                0x00080db8       0x50 src/usart0.o
                0x00080db8                usart0_init
 .text.usart0_transmit
                0x00080e08       0x24 src/usart0.o
                0x00080e08                usart0_transmit
 .text.usart0_send_Packet
                0x00080e2c       0x24 src/usart0.o
                0x00080e2c                usart0_send_Packet
 .text.sysclk_init
                0x00080e50       0x64 src/ASF/common/services/clock/sam3x/sysclk.o
                0x00080e50                sysclk_init
 .text.board_init
                0x00080eb4       0x70 src/ASF/sam/boards/arduino_due_x/init.o
                0x00080eb4                board_init
 .text.pio_set_peripheral
                0x00080f24       0x3e src/ASF/sam/drivers/pio/pio.o
                0x00080f24                pio_set_peripheral
 .text.pio_set_input
                0x00080f62       0x32 src/ASF/sam/drivers/pio/pio.o
                0x00080f62                pio_set_input
 .text.pio_set_output
                0x00080f94       0x26 src/ASF/sam/drivers/pio/pio.o
                0x00080f94                pio_set_output
 .text.pio_get_interrupt_status
                0x00080fba        0x4 src/ASF/sam/drivers/pio/pio.o
                0x00080fba                pio_get_interrupt_status
 .text.pio_get_interrupt_mask
                0x00080fbe        0x4 src/ASF/sam/drivers/pio/pio.o
                0x00080fbe                pio_get_interrupt_mask
 *fill*         0x00080fc2        0x2 
 .text.pio_configure_pin
                0x00080fc4       0xd0 src/ASF/sam/drivers/pio/pio.o
                0x00080fc4                pio_configure_pin
 .text.pio_configure_pin_group
                0x00081094       0x9c src/ASF/sam/drivers/pio/pio.o
                0x00081094                pio_configure_pin_group
 .text.pio_handler_process
                0x00081130       0x50 src/ASF/sam/drivers/pio/pio_handler.o
                0x00081130                pio_handler_process
 .text.PIOA_Handler
                0x00081180       0x14 src/ASF/sam/drivers/pio/pio_handler.o
                0x00081180                PIOA_Handler
 .text.PIOB_Handler
                0x00081194       0x14 src/ASF/sam/drivers/pio/pio_handler.o
                0x00081194                PIOB_Handler
 .text.PIOC_Handler
                0x000811a8       0x14 src/ASF/sam/drivers/pio/pio_handler.o
                0x000811a8                PIOC_Handler
 .text.PIOD_Handler
                0x000811bc       0x14 src/ASF/sam/drivers/pio/pio_handler.o
                0x000811bc                PIOD_Handler
 .text.pmc_switch_mck_to_pllack
                0x000811d0       0x64 src/ASF/sam/drivers/pmc/pmc.o
                0x000811d0                pmc_switch_mck_to_pllack
 .text.pmc_switch_mainck_to_xtal
                0x00081234       0x54 src/ASF/sam/drivers/pmc/pmc.o
                0x00081234                pmc_switch_mainck_to_xtal
 .text.pmc_osc_is_ready_mainck
                0x00081288       0x10 src/ASF/sam/drivers/pmc/pmc.o
                0x00081288                pmc_osc_is_ready_mainck
 .text.pmc_disable_pllack
                0x00081298       0x10 src/ASF/sam/drivers/pmc/pmc.o
                0x00081298                pmc_disable_pllack
 .text.pmc_is_locked_pllack
                0x000812a8       0x10 src/ASF/sam/drivers/pmc/pmc.o
                0x000812a8                pmc_is_locked_pllack
 .text.pmc_enable_periph_clk
                0x000812b8       0x54 src/ASF/sam/drivers/pmc/pmc.o
                0x000812b8                pmc_enable_periph_clk
 .text.Dummy_Handler
                0x0008130c        0x2 src/ASF/sam/utils/cmsis/sam3x/source/templates/exceptions.o
                0x0008130c                DACC_Handler
                0x0008130c                DebugMon_Handler
                0x0008130c                DMAC_Handler
                0x0008130c                TRNG_Handler
                0x0008130c                HardFault_Handler
                0x0008130c                TC2_Handler
                0x0008130c                SysTick_Handler
                0x0008130c                USART3_Handler
                0x0008130c                TWI1_Handler
                0x0008130c                PendSV_Handler
                0x0008130c                NMI_Handler
                0x0008130c                TC7_Handler
                0x0008130c                ADC_Handler
                0x0008130c                SMC_Handler
                0x0008130c                RTT_Handler
                0x0008130c                EFC1_Handler
                0x0008130c                RTC_Handler
                0x0008130c                UsageFault_Handler
                0x0008130c                TC6_Handler
                0x0008130c                WDT_Handler
                0x0008130c                CAN0_Handler
                0x0008130c                TC4_Handler
                0x0008130c                TC1_Handler
                0x0008130c                HSMCI_Handler
                0x0008130c                TC3_Handler
                0x0008130c                Dummy_Handler
                0x0008130c                TWI0_Handler
                0x0008130c                USART1_Handler
                0x0008130c                SSC_Handler
                0x0008130c                EFC0_Handler
                0x0008130c                PMC_Handler
                0x0008130c                PWM_Handler
                0x0008130c                CAN1_Handler
                0x0008130c                MemManage_Handler
                0x0008130c                SUPC_Handler
                0x0008130c                SVC_Handler
                0x0008130c                TC8_Handler
                0x0008130c                USART2_Handler
                0x0008130c                EMAC_Handler
                0x0008130c                UART_Handler
                0x0008130c                BusFault_Handler
                0x0008130c                RSTC_Handler
                0x0008130c                TC5_Handler
                0x0008130c                UOTGHS_Handler
                0x0008130c                SPI0_Handler
 *fill*         0x0008130e        0x2 
 .text.Reset_Handler
                0x00081310       0x98 src/ASF/sam/utils/cmsis/sam3x/source/templates/gcc/startup_sam3x.o
                0x00081310                Reset_Handler
 .text.SystemCoreClockUpdate
                0x000813a8      0x118 src/ASF/sam/utils/cmsis/sam3x/source/templates/system_sam3x.o
                0x000813a8                SystemCoreClockUpdate
 .text._sbrk    0x000814c0       0x38 src/ASF/sam/utils/syscalls/gcc/syscalls.o
                0x000814c0                _sbrk
 .text._close   0x000814f8        0x6 src/ASF/sam/utils/syscalls/gcc/syscalls.o
                0x000814f8                _close
 .text._fstat   0x000814fe        0xa src/ASF/sam/utils/syscalls/gcc/syscalls.o
                0x000814fe                _fstat
 .text._isatty  0x00081508        0x4 src/ASF/sam/utils/syscalls/gcc/syscalls.o
                0x00081508                _isatty
 .text._lseek   0x0008150c        0x4 src/ASF/sam/utils/syscalls/gcc/syscalls.o
                0x0008150c                _lseek
 .text.main     0x00081510      0x1ac src/main.o
                0x00081510                main
 .text.sqrt     0x000816bc       0xbc c:/program files (x86)/atmel/studio/7.0/toolchain/arm/arm-gnu-toolchain/bin/../lib/gcc/arm-none-eabi/6.3.1/../../../../arm-none-eabi/lib/thumb/v7-m\libm.a(lib_a-w_sqrt.o)
                0x000816bc                sqrt
 .text.__ieee754_sqrt
                0x00081778      0x178 c:/program files (x86)/atmel/studio/7.0/toolchain/arm/arm-gnu-toolchain/bin/../lib/gcc/arm-none-eabi/6.3.1/../../../../arm-none-eabi/lib/thumb/v7-m\libm.a(lib_a-e_sqrt.o)
                0x00081778                __ieee754_sqrt
 .text.matherr  0x000818f0        0x4 c:/program files (x86)/atmel/studio/7.0/toolchain/arm/arm-gnu-toolchain/bin/../lib/gcc/arm-none-eabi/6.3.1/../../../../arm-none-eabi/lib/thumb/v7-m\libm.a(lib_a-s_matherr.o)
                0x000818f0                matherr
 .text          0x000818f4      0x370 c:/program files (x86)/atmel/studio/7.0/toolchain/arm/arm-gnu-toolchain/bin/../lib/gcc/arm-none-eabi/6.3.1/thumb/v7-m\libgcc.a(_arm_addsubdf3.o)
                0x000818f4                __aeabi_drsub
                0x000818fc                __aeabi_dsub
                0x000818fc                __subdf3
                0x00081900                __aeabi_dadd
                0x00081900                __adddf3
                0x00081b78                __floatunsidf
                0x00081b78                __aeabi_ui2d
                0x00081b98                __floatsidf
                0x00081b98                __aeabi_i2d
                0x00081bbc                __aeabi_f2d
                0x00081bbc                __extendsfdf2
                0x00081bf8                __floatundidf
                0x00081bf8                __aeabi_ul2d
                0x00081c08                __floatdidf
                0x00081c08                __aeabi_l2d
 .text          0x00081c64      0x424 c:/program files (x86)/atmel/studio/7.0/toolchain/arm/arm-gnu-toolchain/bin/../lib/gcc/arm-none-eabi/6.3.1/thumb/v7-m\libgcc.a(_arm_muldivdf3.o)
                0x00081c64                __aeabi_dmul
                0x00081c64                __muldf3
                0x00081eb8                __divdf3
                0x00081eb8                __aeabi_ddiv
 .text          0x00082088      0x110 c:/program files (x86)/atmel/studio/7.0/toolchain/arm/arm-gnu-toolchain/bin/../lib/gcc/arm-none-eabi/6.3.1/thumb/v7-m\libgcc.a(_arm_cmpdf2.o)
                0x00082088                __gtdf2
                0x00082088                __gedf2
                0x00082090                __ltdf2
                0x00082090                __ledf2
                0x00082098                __nedf2
                0x00082098                __eqdf2
                0x00082098                __cmpdf2
                0x00082114                __aeabi_cdrcmple
                0x00082124                __aeabi_cdcmpeq
                0x00082124                __aeabi_cdcmple
                0x00082134                __aeabi_dcmpeq
                0x00082148                __aeabi_dcmplt
                0x0008215c                __aeabi_dcmple
                0x00082170                __aeabi_dcmpge
                0x00082184                __aeabi_dcmpgt
 .text          0x00082198       0x2c c:/program files (x86)/atmel/studio/7.0/toolchain/arm/arm-gnu-toolchain/bin/../lib/gcc/arm-none-eabi/6.3.1/thumb/v7-m\libgcc.a(_arm_unorddf2.o)
                0x00082198                __unorddf2
                0x00082198                __aeabi_dcmpun
 .text          0x000821c4       0x40 c:/program files (x86)/atmel/studio/7.0/toolchain/arm/arm-gnu-toolchain/bin/../lib/gcc/arm-none-eabi/6.3.1/thumb/v7-m\libgcc.a(_arm_fixunsdfsi.o)
                0x000821c4                __aeabi_d2uiz
                0x000821c4                __fixunsdfsi
 .text          0x00082204      0x21c c:/program files (x86)/atmel/studio/7.0/toolchain/arm/arm-gnu-toolchain/bin/../lib/gcc/arm-none-eabi/6.3.1/thumb/v7-m\libgcc.a(_arm_addsubsf3.o)
                0x00082204                __aeabi_frsub
                0x0008220c                __subsf3
                0x0008220c                __aeabi_fsub
                0x00082210                __aeabi_fadd
                0x00082210                __addsf3
                0x00082370                __aeabi_ui2f
                0x00082370                __floatunsisf
                0x00082378                __aeabi_i2f
                0x00082378                __floatsisf
                0x00082394                __aeabi_ul2f
                0x00082394                __floatundisf
                0x000823a4                __aeabi_l2f
                0x000823a4                __floatdisf
 .text          0x00082420      0x2a0 c:/program files (x86)/atmel/studio/7.0/toolchain/arm/arm-gnu-toolchain/bin/../lib/gcc/arm-none-eabi/6.3.1/thumb/v7-m\libgcc.a(_arm_muldivsf3.o)
                0x00082420                __mulsf3
                0x00082420                __aeabi_fmul
                0x00082588                __aeabi_fdiv
                0x00082588                __divsf3
 .text          0x000826c0       0x40 c:/program files (x86)/atmel/studio/7.0/toolchain/arm/arm-gnu-toolchain/bin/../lib/gcc/arm-none-eabi/6.3.1/thumb/v7-m\libgcc.a(_arm_fixunssfsi.o)
                0x000826c0                __fixunssfsi
                0x000826c0                __aeabi_f2uiz
 .text.__errno  0x00082700        0xc c:/program files (x86)/atmel/studio/7.0/toolchain/arm/arm-gnu-toolchain/bin/../lib/gcc/arm-none-eabi/6.3.1/../../../../arm-none-eabi/lib/thumb/v7-m\libc.a(lib_a-errno.o)
                0x00082700                __errno
 .text.__libc_init_array
                0x0008270c       0x50 c:/program files (x86)/atmel/studio/7.0/toolchain/arm/arm-gnu-toolchain/bin/../lib/gcc/arm-none-eabi/6.3.1/../../../../arm-none-eabi/lib/thumb/v7-m\libc.a(lib_a-init.o)
                0x0008270c                __libc_init_array
 .text.iprintf  0x0008275c       0x28 c:/program files (x86)/atmel/studio/7.0/toolchain/arm/arm-gnu-toolchain/bin/../lib/gcc/arm-none-eabi/6.3.1/../../../../arm-none-eabi/lib/thumb/v7-m\libc.a(lib_a-iprintf.o)
                0x0008275c                iprintf
 .text.memset   0x00082784       0x9c c:/program files (x86)/atmel/studio/7.0/toolchain/arm/arm-gnu-toolchain/bin/../lib/gcc/arm-none-eabi/6.3.1/../../../../arm-none-eabi/lib/thumb/v7-m\libc.a(lib_a-memset.o)
                0x00082784                memset
 .text.setbuf   0x00082820       0x10 c:/program files (x86)/atmel/studio/7.0/toolchain/arm/arm-gnu-toolchain/bin/../lib/gcc/arm-none-eabi/6.3.1/../../../../arm-none-eabi/lib/thumb/v7-m\libc.a(lib_a-setbuf.o)
                0x00082820                setbuf
 .text.setvbuf  0x00082830      0x190 c:/program files (x86)/atmel/studio/7.0/toolchain/arm/arm-gnu-toolchain/bin/../lib/gcc/arm-none-eabi/6.3.1/../../../../arm-none-eabi/lib/thumb/v7-m\libc.a(lib_a-setvbuf.o)
                0x00082830                setvbuf
 .text.strlen   0x000829c0       0x5c c:/program files (x86)/atmel/studio/7.0/toolchain/arm/arm-gnu-toolchain/bin/../lib/gcc/arm-none-eabi/6.3.1/../../../../arm-none-eabi/lib/thumb/v7-m\libc.a(lib_a-strlen-stub.o)
                0x000829c0                strlen
 .text.__sprint_r.part.0
                0x00082a1c       0x80 c:/program files (x86)/atmel/studio/7.0/toolchain/arm/arm-gnu-toolchain/bin/../lib/gcc/arm-none-eabi/6.3.1/../../../../arm-none-eabi/lib/thumb/v7-m\libc.a(lib_a-vfiprintf.o)
 .text._vfiprintf_r
                0x00082a9c      0xc88 c:/program files (x86)/atmel/studio/7.0/toolchain/arm/arm-gnu-toolchain/bin/../lib/gcc/arm-none-eabi/6.3.1/../../../../arm-none-eabi/lib/thumb/v7-m\libc.a(lib_a-vfiprintf.o)
                0x00082a9c                _vfiprintf_r
 .text.__sbprintf
                0x00083724       0x88 c:/program files (x86)/atmel/studio/7.0/toolchain/arm/arm-gnu-toolchain/bin/../lib/gcc/arm-none-eabi/6.3.1/../../../../arm-none-eabi/lib/thumb/v7-m\libc.a(lib_a-vfiprintf.o)
 .text.__swsetup_r
                0x000837ac       0xc8 c:/program files (x86)/atmel/studio/7.0/toolchain/arm/arm-gnu-toolchain/bin/../lib/gcc/arm-none-eabi/6.3.1/../../../../arm-none-eabi/lib/thumb/v7-m\libc.a(lib_a-wsetup.o)
                0x000837ac                __swsetup_r
 .text.startup.register_fini
                0x00083874       0x14 c:/program files (x86)/atmel/studio/7.0/toolchain/arm/arm-gnu-toolchain/bin/../lib/gcc/arm-none-eabi/6.3.1/../../../../arm-none-eabi/lib/thumb/v7-m\libc.a(lib_a-__call_atexit.o)
 .text.atexit   0x00083888        0xc c:/program files (x86)/atmel/studio/7.0/toolchain/arm/arm-gnu-toolchain/bin/../lib/gcc/arm-none-eabi/6.3.1/../../../../arm-none-eabi/lib/thumb/v7-m\libc.a(lib_a-atexit.o)
                0x00083888                atexit
 .text.__sflush_r
                0x00083894      0x138 c:/program files (x86)/atmel/studio/7.0/toolchain/arm/arm-gnu-toolchain/bin/../lib/gcc/arm-none-eabi/6.3.1/../../../../arm-none-eabi/lib/thumb/v7-m\libc.a(lib_a-fflush.o)
                0x00083894                __sflush_r
 .text._fflush_r
                0x000839cc       0x54 c:/program files (x86)/atmel/studio/7.0/toolchain/arm/arm-gnu-toolchain/bin/../lib/gcc/arm-none-eabi/6.3.1/../../../../arm-none-eabi/lib/thumb/v7-m\libc.a(lib_a-fflush.o)
                0x000839cc                _fflush_r
 .text._cleanup_r
                0x00083a20        0xc c:/program files (x86)/atmel/studio/7.0/toolchain/arm/arm-gnu-toolchain/bin/../lib/gcc/arm-none-eabi/6.3.1/../../../../arm-none-eabi/lib/thumb/v7-m\libc.a(lib_a-findfp.o)
                0x00083a20                _cleanup_r
 .text.std.isra.0
                0x00083a2c       0x50 c:/program files (x86)/atmel/studio/7.0/toolchain/arm/arm-gnu-toolchain/bin/../lib/gcc/arm-none-eabi/6.3.1/../../../../arm-none-eabi/lib/thumb/v7-m\libc.a(lib_a-findfp.o)
 .text.__sinit  0x00083a7c       0x60 c:/program files (x86)/atmel/studio/7.0/toolchain/arm/arm-gnu-toolchain/bin/../lib/gcc/arm-none-eabi/6.3.1/../../../../arm-none-eabi/lib/thumb/v7-m\libc.a(lib_a-findfp.o)
                0x00083a7c                __sinit
 .text.__sfp_lock_acquire
                0x00083adc        0xc c:/program files (x86)/atmel/studio/7.0/toolchain/arm/arm-gnu-toolchain/bin/../lib/gcc/arm-none-eabi/6.3.1/../../../../arm-none-eabi/lib/thumb/v7-m\libc.a(lib_a-findfp.o)
                0x00083adc                __sfp_lock_acquire
 .text.__sfp_lock_release
                0x00083ae8        0xc c:/program files (x86)/atmel/studio/7.0/toolchain/arm/arm-gnu-toolchain/bin/../lib/gcc/arm-none-eabi/6.3.1/../../../../arm-none-eabi/lib/thumb/v7-m\libc.a(lib_a-findfp.o)
                0x00083ae8                __sfp_lock_release
 .text.__libc_fini_array
                0x00083af4       0x34 c:/program files (x86)/atmel/studio/7.0/toolchain/arm/arm-gnu-toolchain/bin/../lib/gcc/arm-none-eabi/6.3.1/../../../../arm-none-eabi/lib/thumb/v7-m\libc.a(lib_a-fini.o)
                0x00083af4                __libc_fini_array
 .text.__fputwc
                0x00083b28       0x98 c:/program files (x86)/atmel/studio/7.0/toolchain/arm/arm-gnu-toolchain/bin/../lib/gcc/arm-none-eabi/6.3.1/../../../../arm-none-eabi/lib/thumb/v7-m\libc.a(lib_a-fputwc.o)
                0x00083b28                __fputwc
 .text._fputwc_r
                0x00083bc0       0x68 c:/program files (x86)/atmel/studio/7.0/toolchain/arm/arm-gnu-toolchain/bin/../lib/gcc/arm-none-eabi/6.3.1/../../../../arm-none-eabi/lib/thumb/v7-m\libc.a(lib_a-fputwc.o)
                0x00083bc0                _fputwc_r
 .text._malloc_trim_r
                0x00083c28       0xa0 c:/program files (x86)/atmel/studio/7.0/toolchain/arm/arm-gnu-toolchain/bin/../lib/gcc/arm-none-eabi/6.3.1/../../../../arm-none-eabi/lib/thumb/v7-m\libc.a(lib_a-freer.o)
                0x00083c28                _malloc_trim_r
 .text._free_r  0x00083cc8      0x1cc c:/program files (x86)/atmel/studio/7.0/toolchain/arm/arm-gnu-toolchain/bin/../lib/gcc/arm-none-eabi/6.3.1/../../../../arm-none-eabi/lib/thumb/v7-m\libc.a(lib_a-freer.o)
                0x00083cc8                _free_r
 .text.__sfvwrite_r
                0x00083e94      0x2f4 c:/program files (x86)/atmel/studio/7.0/toolchain/arm/arm-gnu-toolchain/bin/../lib/gcc/arm-none-eabi/6.3.1/../../../../arm-none-eabi/lib/thumb/v7-m\libc.a(lib_a-fvwrite.o)
                0x00083e94                __sfvwrite_r
 .text._fwalk_reent
                0x00084188       0x50 c:/program files (x86)/atmel/studio/7.0/toolchain/arm/arm-gnu-toolchain/bin/../lib/gcc/arm-none-eabi/6.3.1/../../../../arm-none-eabi/lib/thumb/v7-m\libc.a(lib_a-fwalk.o)
                0x00084188                _fwalk_reent
 .text.__locale_mb_cur_max
                0x000841d8       0x1c c:/program files (x86)/atmel/studio/7.0/toolchain/arm/arm-gnu-toolchain/bin/../lib/gcc/arm-none-eabi/6.3.1/../../../../arm-none-eabi/lib/thumb/v7-m\libc.a(lib_a-locale.o)
                0x000841d8                __locale_mb_cur_max
 .text.__retarget_lock_init_recursive
                0x000841f4        0x4 c:/program files (x86)/atmel/studio/7.0/toolchain/arm/arm-gnu-toolchain/bin/../lib/gcc/arm-none-eabi/6.3.1/../../../../arm-none-eabi/lib/thumb/v7-m\libc.a(lib_a-lock.o)
                0x000841f4                __retarget_lock_init_recursive
 .text.__retarget_lock_close_recursive
                0x000841f8        0x4 c:/program files (x86)/atmel/studio/7.0/toolchain/arm/arm-gnu-toolchain/bin/../lib/gcc/arm-none-eabi/6.3.1/../../../../arm-none-eabi/lib/thumb/v7-m\libc.a(lib_a-lock.o)
                0x000841f8                __retarget_lock_close_recursive
 .text.__retarget_lock_acquire_recursive
                0x000841fc        0x4 c:/program files (x86)/atmel/studio/7.0/toolchain/arm/arm-gnu-toolchain/bin/../lib/gcc/arm-none-eabi/6.3.1/../../../../arm-none-eabi/lib/thumb/v7-m\libc.a(lib_a-lock.o)
                0x000841fc                __retarget_lock_acquire_recursive
 .text.__retarget_lock_release_recursive
                0x00084200        0x4 c:/program files (x86)/atmel/studio/7.0/toolchain/arm/arm-gnu-toolchain/bin/../lib/gcc/arm-none-eabi/6.3.1/../../../../arm-none-eabi/lib/thumb/v7-m\libc.a(lib_a-lock.o)
                0x00084200                __retarget_lock_release_recursive
 .text.__swhatbuf_r
                0x00084204       0x5c c:/program files (x86)/atmel/studio/7.0/toolchain/arm/arm-gnu-toolchain/bin/../lib/gcc/arm-none-eabi/6.3.1/../../../../arm-none-eabi/lib/thumb/v7-m\libc.a(lib_a-makebuf.o)
                0x00084204                __swhatbuf_r
 .text.__smakebuf_r
                0x00084260       0x94 c:/program files (x86)/atmel/studio/7.0/toolchain/arm/arm-gnu-toolchain/bin/../lib/gcc/arm-none-eabi/6.3.1/../../../../arm-none-eabi/lib/thumb/v7-m\libc.a(lib_a-makebuf.o)
                0x00084260                __smakebuf_r
 .text.malloc   0x000842f4       0x10 c:/program files (x86)/atmel/studio/7.0/toolchain/arm/arm-gnu-toolchain/bin/../lib/gcc/arm-none-eabi/6.3.1/../../../../arm-none-eabi/lib/thumb/v7-m\libc.a(lib_a-malloc.o)
                0x000842f4                malloc
 .text._malloc_r
                0x00084304      0x544 c:/program files (x86)/atmel/studio/7.0/toolchain/arm/arm-gnu-toolchain/bin/../lib/gcc/arm-none-eabi/6.3.1/../../../../arm-none-eabi/lib/thumb/v7-m\libc.a(lib_a-mallocr.o)
                0x00084304                _malloc_r
 .text.__ascii_mbtowc
                0x00084848       0x2c c:/program files (x86)/atmel/studio/7.0/toolchain/arm/arm-gnu-toolchain/bin/../lib/gcc/arm-none-eabi/6.3.1/../../../../arm-none-eabi/lib/thumb/v7-m\libc.a(lib_a-mbtowc_r.o)
                0x00084848                __ascii_mbtowc
 .text.memchr   0x00084874       0x8c c:/program files (x86)/atmel/studio/7.0/toolchain/arm/arm-gnu-toolchain/bin/../lib/gcc/arm-none-eabi/6.3.1/../../../../arm-none-eabi/lib/thumb/v7-m\libc.a(lib_a-memchr-stub.o)
                0x00084874                memchr
 .text          0x00084900       0xec c:/program files (x86)/atmel/studio/7.0/toolchain/arm/arm-gnu-toolchain/bin/../lib/gcc/arm-none-eabi/6.3.1/../../../../arm-none-eabi/lib/thumb/v7-m\libc.a(lib_a-memcpy.o)
                0x00084900                memcpy
 .text.memmove  0x000849ec       0xc8 c:/program files (x86)/atmel/studio/7.0/toolchain/arm/arm-gnu-toolchain/bin/../lib/gcc/arm-none-eabi/6.3.1/../../../../arm-none-eabi/lib/thumb/v7-m\libc.a(lib_a-memmove.o)
                0x000849ec                memmove
 .text.__malloc_lock
                0x00084ab4        0xc c:/program files (x86)/atmel/studio/7.0/toolchain/arm/arm-gnu-toolchain/bin/../lib/gcc/arm-none-eabi/6.3.1/../../../../arm-none-eabi/lib/thumb/v7-m\libc.a(lib_a-mlock.o)
                0x00084ab4                __malloc_lock
 .text.__malloc_unlock
                0x00084ac0        0xc c:/program files (x86)/atmel/studio/7.0/toolchain/arm/arm-gnu-toolchain/bin/../lib/gcc/arm-none-eabi/6.3.1/../../../../arm-none-eabi/lib/thumb/v7-m\libc.a(lib_a-mlock.o)
                0x00084ac0                __malloc_unlock
 .text._realloc_r
                0x00084acc      0x36c c:/program files (x86)/atmel/studio/7.0/toolchain/arm/arm-gnu-toolchain/bin/../lib/gcc/arm-none-eabi/6.3.1/../../../../arm-none-eabi/lib/thumb/v7-m\libc.a(lib_a-reallocr.o)
                0x00084acc                _realloc_r
 .text._sbrk_r  0x00084e38       0x24 c:/program files (x86)/atmel/studio/7.0/toolchain/arm/arm-gnu-toolchain/bin/../lib/gcc/arm-none-eabi/6.3.1/../../../../arm-none-eabi/lib/thumb/v7-m\libc.a(lib_a-sbrkr.o)
                0x00084e38                _sbrk_r
 .text.__sread  0x00084e5c       0x24 c:/program files (x86)/atmel/studio/7.0/toolchain/arm/arm-gnu-toolchain/bin/../lib/gcc/arm-none-eabi/6.3.1/../../../../arm-none-eabi/lib/thumb/v7-m\libc.a(lib_a-stdio.o)
                0x00084e5c                __sread
 .text.__swrite
                0x00084e80       0x3c c:/program files (x86)/atmel/studio/7.0/toolchain/arm/arm-gnu-toolchain/bin/../lib/gcc/arm-none-eabi/6.3.1/../../../../arm-none-eabi/lib/thumb/v7-m\libc.a(lib_a-stdio.o)
                0x00084e80                __swrite
 .text.__sseek  0x00084ebc       0x20 c:/program files (x86)/atmel/studio/7.0/toolchain/arm/arm-gnu-toolchain/bin/../lib/gcc/arm-none-eabi/6.3.1/../../../../arm-none-eabi/lib/thumb/v7-m\libc.a(lib_a-stdio.o)
                0x00084ebc                __sseek
 .text.__sclose
                0x00084edc        0x8 c:/program files (x86)/atmel/studio/7.0/toolchain/arm/arm-gnu-toolchain/bin/../lib/gcc/arm-none-eabi/6.3.1/../../../../arm-none-eabi/lib/thumb/v7-m\libc.a(lib_a-stdio.o)
                0x00084edc                __sclose
 .text.__swbuf_r
                0x00084ee4       0xb0 c:/program files (x86)/atmel/studio/7.0/toolchain/arm/arm-gnu-toolchain/bin/../lib/gcc/arm-none-eabi/6.3.1/../../../../arm-none-eabi/lib/thumb/v7-m\libc.a(lib_a-wbuf.o)
                0x00084ee4                __swbuf_r
 .text._wcrtomb_r
                0x00084f94       0x54 c:/program files (x86)/atmel/studio/7.0/toolchain/arm/arm-gnu-toolchain/bin/../lib/gcc/arm-none-eabi/6.3.1/../../../../arm-none-eabi/lib/thumb/v7-m\libc.a(lib_a-wcrtomb.o)
                0x00084f94                _wcrtomb_r
 .text.__ascii_wctomb
                0x00084fe8       0x18 c:/program files (x86)/atmel/studio/7.0/toolchain/arm/arm-gnu-toolchain/bin/../lib/gcc/arm-none-eabi/6.3.1/../../../../arm-none-eabi/lib/thumb/v7-m\libc.a(lib_a-wctomb_r.o)
                0x00084fe8                __ascii_wctomb
 .text._write_r
                0x00085000       0x2c c:/program files (x86)/atmel/studio/7.0/toolchain/arm/arm-gnu-toolchain/bin/../lib/gcc/arm-none-eabi/6.3.1/../../../../arm-none-eabi/lib/thumb/v7-m\libc.a(lib_a-writer.o)
                0x00085000                _write_r
 .text.__register_exitproc
                0x0008502c       0xc4 c:/program files (x86)/atmel/studio/7.0/toolchain/arm/arm-gnu-toolchain/bin/../lib/gcc/arm-none-eabi/6.3.1/../../../../arm-none-eabi/lib/thumb/v7-m\libc.a(lib_a-__atexit.o)
                0x0008502c                __register_exitproc
 .text._close_r
                0x000850f0       0x24 c:/program files (x86)/atmel/studio/7.0/toolchain/arm/arm-gnu-toolchain/bin/../lib/gcc/arm-none-eabi/6.3.1/../../../../arm-none-eabi/lib/thumb/v7-m\libc.a(lib_a-closer.o)
                0x000850f0                _close_r
 .text._fclose_r
                0x00085114       0xc4 c:/program files (x86)/atmel/studio/7.0/toolchain/arm/arm-gnu-toolchain/bin/../lib/gcc/arm-none-eabi/6.3.1/../../../../arm-none-eabi/lib/thumb/v7-m\libc.a(lib_a-fclose.o)
                0x00085114                _fclose_r
 .text._fstat_r
                0x000851d8       0x28 c:/program files (x86)/atmel/studio/7.0/toolchain/arm/arm-gnu-toolchain/bin/../lib/gcc/arm-none-eabi/6.3.1/../../../../arm-none-eabi/lib/thumb/v7-m\libc.a(lib_a-fstatr.o)
                0x000851d8                _fstat_r
 .text._isatty_r
                0x00085200       0x24 c:/program files (x86)/atmel/studio/7.0/toolchain/arm/arm-gnu-toolchain/bin/../lib/gcc/arm-none-eabi/6.3.1/../../../../arm-none-eabi/lib/thumb/v7-m\libc.a(lib_a-isattyr.o)
                0x00085200                _isatty_r
 .text._lseek_r
                0x00085224       0x2c c:/program files (x86)/atmel/studio/7.0/toolchain/arm/arm-gnu-toolchain/bin/../lib/gcc/arm-none-eabi/6.3.1/../../../../arm-none-eabi/lib/thumb/v7-m\libc.a(lib_a-lseekr.o)
                0x00085224                _lseek_r
 .text._read_r  0x00085250       0x2c c:/program files (x86)/atmel/studio/7.0/toolchain/arm/arm-gnu-toolchain/bin/../lib/gcc/arm-none-eabi/6.3.1/../../../../arm-none-eabi/lib/thumb/v7-m\libc.a(lib_a-readr.o)
                0x00085250                _read_r
 .text          0x0008527c       0x30 c:/program files (x86)/atmel/studio/7.0/toolchain/arm/arm-gnu-toolchain/bin/../lib/gcc/arm-none-eabi/6.3.1/thumb/v7-m\libgcc.a(_aeabi_uldivmod.o)
                0x0008527c                __aeabi_uldivmod
 .text          0x000852ac      0x2dc c:/program files (x86)/atmel/studio/7.0/toolchain/arm/arm-gnu-toolchain/bin/../lib/gcc/arm-none-eabi/6.3.1/thumb/v7-m\libgcc.a(_udivmoddi4.o)
                0x000852ac                __udivmoddi4
 .text          0x00085588        0x4 c:/program files (x86)/atmel/studio/7.0/toolchain/arm/arm-gnu-toolchain/bin/../lib/gcc/arm-none-eabi/6.3.1/thumb/v7-m\libgcc.a(_dvmd_tls.o)
                0x00085588                __aeabi_idiv0
                0x00085588                __aeabi_ldiv0
 *(.glue_7t)
 .glue_7t       0x0008558c        0x0 linker stubs
 *(.glue_7)
 .glue_7        0x0008558c        0x0 linker stubs
 *(.rodata .rodata* .gnu.linkonce.r.*)
 .rodata.configureConsole.str1.4
                0x0008558c       0x1f src/ConsoleFunctions.o
 *fill*         0x000855ab        0x1 
 .rodata        0x000855ac       0x10 src/LCDFunctions.o
 .rodata.b      0x000855bc       0xb0 src/signalBehandling.o
 .rodata.main.str1.4
                0x0008566c        0xb src/main.o
 *fill*         0x00085677        0x1 
 .rodata.sqrt.str1.4
                0x00085678        0x5 c:/program files (x86)/atmel/studio/7.0/toolchain/arm/arm-gnu-toolchain/bin/../lib/gcc/arm-none-eabi/6.3.1/../../../../arm-none-eabi/lib/thumb/v7-m\libm.a(lib_a-w_sqrt.o)
 *fill*         0x0008567d        0x3 
 .rodata._global_impure_ptr
                0x00085680        0x4 c:/program files (x86)/atmel/studio/7.0/toolchain/arm/arm-gnu-toolchain/bin/../lib/gcc/arm-none-eabi/6.3.1/../../../../arm-none-eabi/lib/thumb/v7-m\libc.a(lib_a-impure.o)
                0x00085680                _global_impure_ptr
 .rodata._vfiprintf_r.str1.4
                0x00085684       0x2f c:/program files (x86)/atmel/studio/7.0/toolchain/arm/arm-gnu-toolchain/bin/../lib/gcc/arm-none-eabi/6.3.1/../../../../arm-none-eabi/lib/thumb/v7-m\libc.a(lib_a-vfiprintf.o)
 *fill*         0x000856b3        0x1 
 .rodata.blanks.7217
                0x000856b4       0x10 c:/program files (x86)/atmel/studio/7.0/toolchain/arm/arm-gnu-toolchain/bin/../lib/gcc/arm-none-eabi/6.3.1/../../../../arm-none-eabi/lib/thumb/v7-m\libc.a(lib_a-vfiprintf.o)
 .rodata.zeroes.7218
                0x000856c4       0x10 c:/program files (x86)/atmel/studio/7.0/toolchain/arm/arm-gnu-toolchain/bin/../lib/gcc/arm-none-eabi/6.3.1/../../../../arm-none-eabi/lib/thumb/v7-m\libc.a(lib_a-vfiprintf.o)
 .rodata._setlocale_r.str1.4
                0x000856d4        0xa c:/program files (x86)/atmel/studio/7.0/toolchain/arm/arm-gnu-toolchain/bin/../lib/gcc/arm-none-eabi/6.3.1/../../../../arm-none-eabi/lib/thumb/v7-m\libc.a(lib_a-locale.o)
                                  0xd (size before relaxing)
 *fill*         0x000856de        0x2 
 .rodata.str1.4
                0x000856e0        0x4 c:/program files (x86)/atmel/studio/7.0/toolchain/arm/arm-gnu-toolchain/bin/../lib/gcc/arm-none-eabi/6.3.1/../../../../arm-none-eabi/lib/thumb/v7-m\libc.a(lib_a-locale.o)
                                  0x2 (size before relaxing)
 .rodata._ctype_
                0x000856e4      0x101 c:/program files (x86)/atmel/studio/7.0/toolchain/arm/arm-gnu-toolchain/bin/../lib/gcc/arm-none-eabi/6.3.1/../../../../arm-none-eabi/lib/thumb/v7-m\libc.a(lib_a-ctype_.o)
                0x000856e4                _ctype_
 *(.ARM.extab* .gnu.linkonce.armextab.*)
                0x000857e8                . = ALIGN (0x4)
 *fill*         0x000857e5        0x3 
 *(.init)
 .init          0x000857e8        0x4 c:/program files (x86)/atmel/studio/7.0/toolchain/arm/arm-gnu-toolchain/bin/../lib/gcc/arm-none-eabi/6.3.1/thumb/v7-m/crti.o
                0x000857e8                _init
 .init          0x000857ec        0x8 c:/program files (x86)/atmel/studio/7.0/toolchain/arm/arm-gnu-toolchain/bin/../lib/gcc/arm-none-eabi/6.3.1/thumb/v7-m/crtn.o
                0x000857f4                . = ALIGN (0x4)
                0x000857f4                __preinit_array_start = .
 *(.preinit_array)
                0x000857f4                __preinit_array_end = .
                0x000857f4                . = ALIGN (0x4)
                0x000857f4                __init_array_start = .
 *(SORT(.init_array.*))
 .init_array.00000
                0x000857f4        0x4 c:/program files (x86)/atmel/studio/7.0/toolchain/arm/arm-gnu-toolchain/bin/../lib/gcc/arm-none-eabi/6.3.1/../../../../arm-none-eabi/lib/thumb/v7-m\libc.a(lib_a-__call_atexit.o)
 *(.init_array)
 .init_array    0x000857f8        0x4 c:/program files (x86)/atmel/studio/7.0/toolchain/arm/arm-gnu-toolchain/bin/../lib/gcc/arm-none-eabi/6.3.1/thumb/v7-m/crtbegin.o
                0x000857fc                __init_array_end = .
                0x000857fc                . = ALIGN (0x4)
 *crtbegin.o(.ctors)
 *(EXCLUDE_FILE(*crtend.o) .ctors)
 *(SORT(.ctors.*))
 *crtend.o(.ctors)
                0x000857fc                . = ALIGN (0x4)
 *(.fini)
 .fini          0x000857fc        0x4 c:/program files (x86)/atmel/studio/7.0/toolchain/arm/arm-gnu-toolchain/bin/../lib/gcc/arm-none-eabi/6.3.1/thumb/v7-m/crti.o
                0x000857fc                _fini
 .fini          0x00085800        0x8 c:/program files (x86)/atmel/studio/7.0/toolchain/arm/arm-gnu-toolchain/bin/../lib/gcc/arm-none-eabi/6.3.1/thumb/v7-m/crtn.o
                0x00085808                . = ALIGN (0x4)
                0x00085808                __fini_array_start = .
 *(.fini_array)
 .fini_array    0x00085808        0x4 c:/program files (x86)/atmel/studio/7.0/toolchain/arm/arm-gnu-toolchain/bin/../lib/gcc/arm-none-eabi/6.3.1/thumb/v7-m/crtbegin.o
 *(SORT(.fini_array.*))
                0x0008580c                __fini_array_end = .
 *crtbegin.o(.dtors)
 *(EXCLUDE_FILE(*crtend.o) .dtors)
 *(SORT(.dtors.*))
 *crtend.o(.dtors)
                0x0008580c                . = ALIGN (0x4)
                0x0008580c                _efixed = .
                [!provide]                PROVIDE (__exidx_start, .)

.vfp11_veneer   0x0008580c        0x0
 .vfp11_veneer  0x0008580c        0x0 linker stubs

.v4_bx          0x0008580c        0x0
 .v4_bx         0x0008580c        0x0 linker stubs

.iplt           0x0008580c        0x0
 .iplt          0x0008580c        0x0 c:/program files (x86)/atmel/studio/7.0/toolchain/arm/arm-gnu-toolchain/bin/../lib/gcc/arm-none-eabi/6.3.1/thumb/v7-m/crtbegin.o

.ARM.exidx      0x0008580c        0x8
 *(.ARM.exidx* .gnu.linkonce.armexidx.*)
 .ARM.exidx     0x0008580c        0x8 c:/program files (x86)/atmel/studio/7.0/toolchain/arm/arm-gnu-toolchain/bin/../lib/gcc/arm-none-eabi/6.3.1/thumb/v7-m\libgcc.a(_udivmoddi4.o)
                [!provide]                PROVIDE (__exidx_end, .)

.eh_frame       0x00085814        0x0
 .eh_frame      0x00085814        0x0 c:/program files (x86)/atmel/studio/7.0/toolchain/arm/arm-gnu-toolchain/bin/../lib/gcc/arm-none-eabi/6.3.1/thumb/v7-m/crtbegin.o

.rel.dyn        0x00085814        0x0
 .rel.iplt      0x00085814        0x0 c:/program files (x86)/atmel/studio/7.0/toolchain/arm/arm-gnu-toolchain/bin/../lib/gcc/arm-none-eabi/6.3.1/thumb/v7-m/crtbegin.o

.jcr            0x00085814        0x0
 .jcr           0x00085814        0x0 c:/program files (x86)/atmel/studio/7.0/toolchain/arm/arm-gnu-toolchain/bin/../lib/gcc/arm-none-eabi/6.3.1/thumb/v7-m/crtbegin.o

.igot.plt       0x00085814        0x0
 .igot.plt      0x00085814        0x0 c:/program files (x86)/atmel/studio/7.0/toolchain/arm/arm-gnu-toolchain/bin/../lib/gcc/arm-none-eabi/6.3.1/thumb/v7-m/crtbegin.o
                0x00085814                . = ALIGN (0x4)
                0x00085814                _etext = .

.relocate       0x20070000      0xb10 load address 0x00085814
                0x20070000                . = ALIGN (0x4)
                0x20070000                _srelocate = .
 *(.ramfunc .ramfunc.*)
 .ramfunc       0x20070000      0x12c src/ASF/sam/utils/cmsis/sam3x/source/templates/system_sam3x.o
                0x20070000                SystemInit
                0x200700a4                system_init_flash
 *(.data .data.*)
 .data.eight    0x2007012c        0x4 src/misc.o
                0x2007012c                eight
 .data.five     0x20070130        0x4 src/misc.o
                0x20070130                five
 .data.four     0x20070134        0x4 src/misc.o
                0x20070134                four
 .data.nine     0x20070138        0x4 src/misc.o
                0x20070138                nine
 .data.one      0x2007013c        0x4 src/misc.o
                0x2007013c                one
 .data.seven    0x20070140        0x4 src/misc.o
                0x20070140                seven
 .data.six      0x20070144        0x4 src/misc.o
                0x20070144                six
 .data.three    0x20070148        0x4 src/misc.o
                0x20070148                three
 .data.two      0x2007014c        0x4 src/misc.o
                0x2007014c                two
 .data.g_interrupt_enabled
                0x20070150        0x1 src/ASF/common/utils/interrupt/interrupt_sam_nvic.o
                0x20070150                g_interrupt_enabled
 *fill*         0x20070151        0x3 
 .data.SystemCoreClock
                0x20070154        0x4 src/ASF/sam/utils/cmsis/sam3x/source/templates/system_sam3x.o
                0x20070154                SystemCoreClock
 .data.testaddr
                0x20070158        0x4 src/main.o
                0x20070158                testaddr
 .data.__fdlib_version
                0x2007015c        0x1 c:/program files (x86)/atmel/studio/7.0/toolchain/arm/arm-gnu-toolchain/bin/../lib/gcc/arm-none-eabi/6.3.1/../../../../arm-none-eabi/lib/thumb/v7-m\libm.a(lib_a-s_lib_ver.o)
                0x2007015c                __fdlib_version
 *fill*         0x2007015d        0x3 
 .data._impure_ptr
                0x20070160        0x4 c:/program files (x86)/atmel/studio/7.0/toolchain/arm/arm-gnu-toolchain/bin/../lib/gcc/arm-none-eabi/6.3.1/../../../../arm-none-eabi/lib/thumb/v7-m\libc.a(lib_a-impure.o)
                0x20070160                _impure_ptr
 *fill*         0x20070164        0x4 
 .data.impure_data
                0x20070168      0x428 c:/program files (x86)/atmel/studio/7.0/toolchain/arm/arm-gnu-toolchain/bin/../lib/gcc/arm-none-eabi/6.3.1/../../../../arm-none-eabi/lib/thumb/v7-m\libc.a(lib_a-impure.o)
 .data.__atexit_recursive_mutex
                0x20070590        0x4 c:/program files (x86)/atmel/studio/7.0/toolchain/arm/arm-gnu-toolchain/bin/../lib/gcc/arm-none-eabi/6.3.1/../../../../arm-none-eabi/lib/thumb/v7-m\libc.a(lib_a-__call_atexit.o)
                0x20070590                __atexit_recursive_mutex
 .data.__global_locale
                0x20070594      0x16c c:/program files (x86)/atmel/studio/7.0/toolchain/arm/arm-gnu-toolchain/bin/../lib/gcc/arm-none-eabi/6.3.1/../../../../arm-none-eabi/lib/thumb/v7-m\libc.a(lib_a-locale.o)
                0x20070594                __global_locale
 .data.__malloc_av_
                0x20070700      0x408 c:/program files (x86)/atmel/studio/7.0/toolchain/arm/arm-gnu-toolchain/bin/../lib/gcc/arm-none-eabi/6.3.1/../../../../arm-none-eabi/lib/thumb/v7-m\libc.a(lib_a-mallocr.o)
                0x20070700                __malloc_av_
 .data.__malloc_sbrk_base
                0x20070b08        0x4 c:/program files (x86)/atmel/studio/7.0/toolchain/arm/arm-gnu-toolchain/bin/../lib/gcc/arm-none-eabi/6.3.1/../../../../arm-none-eabi/lib/thumb/v7-m\libc.a(lib_a-mallocr.o)
                0x20070b08                __malloc_sbrk_base
 .data.__malloc_trim_threshold
                0x20070b0c        0x4 c:/program files (x86)/atmel/studio/7.0/toolchain/arm/arm-gnu-toolchain/bin/../lib/gcc/arm-none-eabi/6.3.1/../../../../arm-none-eabi/lib/thumb/v7-m\libc.a(lib_a-mallocr.o)
                0x20070b0c                __malloc_trim_threshold
                0x20070b10                . = ALIGN (0x4)
                0x20070b10                _erelocate = .

.bss            0x20070b10      0x4e4 load address 0x00086328
                0x20070b10                . = ALIGN (0x4)
                0x20070b10                _sbss = .
                0x20070b10                _szero = .
 *(.bss .bss.*)
 .bss           0x20070b10       0x1c c:/program files (x86)/atmel/studio/7.0/toolchain/arm/arm-gnu-toolchain/bin/../lib/gcc/arm-none-eabi/6.3.1/thumb/v7-m/crtbegin.o
 .bss.serial_rx_buf
                0x20070b2c       0x9c src/ASF/thirdparty/wireless/addons/sio2host/uart/sio2host.o
 .bss.serial_rx_buf_tail
                0x20070bc8        0x1 src/ASF/thirdparty/wireless/addons/sio2host/uart/sio2host.o
 *fill*         0x20070bc9        0x3 
 .bss.zero      0x20070bcc        0x4 src/misc.o
                0x20070bcc                zero
 .bss.dcOffset  0x20070bd0        0x2 src/signalBehandling.o
 *fill*         0x20070bd2        0x2 
 .bss.mvBuffer  0x20070bd4       0xc8 src/signalBehandling.o
 .bss.offsetBuff
                0x20070c9c      0x190 src/signalBehandling.o
 .bss.offsetCounter
                0x20070e2c        0x1 src/signalBehandling.o
 *fill*         0x20070e2d        0x3 
 .bss.offsetSum
                0x20070e30        0x4 src/signalBehandling.o
 .bss.sampleCounter
                0x20070e34        0x1 src/signalBehandling.o
 *fill*         0x20070e35        0x3 
 .bss.xbuff     0x20070e38       0xb0 src/signalBehandling.o
 .bss.gs_interrupt_sources
                0x20070ee8       0x70 src/ASF/sam/drivers/pio/pio_handler.o
 .bss.heap.5297
                0x20070f58        0x4 src/ASF/sam/utils/syscalls/gcc/syscalls.o
 .bss.effekt    0x20070f5c        0x4 src/main.o
                0x20070f5c                effekt
 .bss.rms       0x20070f60        0x8 src/main.o
                0x20070f60                rms
 .bss.sum       0x20070f68        0x4 src/main.o
                0x20070f68                sum
 .bss.__malloc_current_mallinfo
                0x20070f6c       0x28 c:/program files (x86)/atmel/studio/7.0/toolchain/arm/arm-gnu-toolchain/bin/../lib/gcc/arm-none-eabi/6.3.1/../../../../arm-none-eabi/lib/thumb/v7-m\libc.a(lib_a-mallocr.o)
                0x20070f6c                __malloc_current_mallinfo
 .bss.__malloc_max_sbrked_mem
                0x20070f94        0x4 c:/program files (x86)/atmel/studio/7.0/toolchain/arm/arm-gnu-toolchain/bin/../lib/gcc/arm-none-eabi/6.3.1/../../../../arm-none-eabi/lib/thumb/v7-m\libc.a(lib_a-mallocr.o)
                0x20070f94                __malloc_max_sbrked_mem
 .bss.__malloc_max_total_mem
                0x20070f98        0x4 c:/program files (x86)/atmel/studio/7.0/toolchain/arm/arm-gnu-toolchain/bin/../lib/gcc/arm-none-eabi/6.3.1/../../../../arm-none-eabi/lib/thumb/v7-m\libc.a(lib_a-mallocr.o)
                0x20070f98                __malloc_max_total_mem
 .bss.__malloc_top_pad
                0x20070f9c        0x4 c:/program files (x86)/atmel/studio/7.0/toolchain/arm/arm-gnu-toolchain/bin/../lib/gcc/arm-none-eabi/6.3.1/../../../../arm-none-eabi/lib/thumb/v7-m\libc.a(lib_a-mallocr.o)
                0x20070f9c                __malloc_top_pad
 *(COMMON)
 COMMON         0x20070fa0        0x4 src/ASF/common/utils/stdio/read.o
                0x20070fa0                ptr_get
 COMMON         0x20070fa4        0x8 src/ASF/common/utils/stdio/write.o
                0x20070fa4                ptr_put
                0x20070fa8                stdio_base
 COMMON         0x20070fac       0x20 src/createHamming.o
                0x20070fac                dataTosend
 COMMON         0x20070fcc       0x21 c:/program files (x86)/atmel/studio/7.0/toolchain/arm/arm-gnu-toolchain/bin/../lib/gcc/arm-none-eabi/6.3.1/../../../../arm-none-eabi/lib/thumb/v7-m\libc.a(lib_a-lock.o)
                0x20070fcc                __lock___atexit_recursive_mutex
                0x20070fd0                __lock___arc4random_mutex
                0x20070fd4                __lock___env_recursive_mutex
                0x20070fd8                __lock___sinit_recursive_mutex
                0x20070fdc                __lock___malloc_recursive_mutex
                0x20070fe0                __lock___at_quick_exit_mutex
                0x20070fe4                __lock___dd_hash_mutex
                0x20070fe8                __lock___tz_mutex
                0x20070fec                __lock___sfp_recursive_mutex
 *fill*         0x20070fed        0x3 
 COMMON         0x20070ff0        0x4 c:/program files (x86)/atmel/studio/7.0/toolchain/arm/arm-gnu-toolchain/bin/../lib/gcc/arm-none-eabi/6.3.1/../../../../arm-none-eabi/lib/thumb/v7-m\libc.a(lib_a-reent.o)
                0x20070ff0                errno
                0x20070ff4                . = ALIGN (0x4)
                0x20070ff4                _ebss = .
                0x20070ff4                _ezero = .

.stack          0x20070ff4     0x2004 load address 0x0008680c
                0x20070ff8                . = ALIGN (0x8)
 *fill*         0x20070ff4        0x4 
                0x20070ff8                _sstack = .
                0x20072ff8                . = (. + __stack_size__)
 *fill*         0x20070ff8     0x2000 
                0x20072ff8                . = ALIGN (0x8)
                0x20072ff8                _estack = .
                0x20072ff8                . = ALIGN (0x4)
                0x20072ff8                _end = .
OUTPUT(ExaminationsprojektDA264aDUE.elf elf32-littlearm)

.ARM.attributes
                0x00000000       0x29
 .ARM.attributes
                0x00000000       0x1d c:/program files (x86)/atmel/studio/7.0/toolchain/arm/arm-gnu-toolchain/bin/../lib/gcc/arm-none-eabi/6.3.1/thumb/v7-m/crti.o
 .ARM.attributes
                0x0000001d       0x2d c:/program files (x86)/atmel/studio/7.0/toolchain/arm/arm-gnu-toolchain/bin/../lib/gcc/arm-none-eabi/6.3.1/thumb/v7-m/crtbegin.o
 .ARM.attributes
                0x0000004a       0x33 src/adcdac.o
 .ARM.attributes
                0x0000007d       0x33 src/ASF/common/services/serial/usart_serial.o
 .ARM.attributes
                0x000000b0       0x33 src/ASF/common/utils/stdio/read.o
 .ARM.attributes
                0x000000e3       0x33 src/ASF/common/utils/stdio/write.o
 .ARM.attributes
                0x00000116       0x33 src/ASF/sam/drivers/adc/adc.o
 .ARM.attributes
                0x00000149       0x33 src/ASF/sam/drivers/dacc/dacc.o
 .ARM.attributes
                0x0000017c       0x33 src/ASF/sam/drivers/tc/tc.o
 .ARM.attributes
                0x000001af       0x33 src/ASF/sam/drivers/uart/uart.o
 .ARM.attributes
                0x000001e2       0x33 src/ASF/sam/drivers/usart/usart.o
 .ARM.attributes
                0x00000215       0x33 src/ASF/thirdparty/wireless/addons/sio2host/uart/sio2host.o
 .ARM.attributes
                0x00000248       0x33 src/conf_tc.o
 .ARM.attributes
                0x0000027b       0x33 src/ConsoleFunctions.o
 .ARM.attributes
                0x000002ae       0x33 src/DelayFunctions.o
 .ARM.attributes
                0x000002e1       0x33 src/LCDFunctions.o
 .ARM.attributes
                0x00000314       0x33 src/createHamming.o
 .ARM.attributes
                0x00000347       0x33 src/misc.o
 .ARM.attributes
                0x0000037a       0x33 src/signalBehandling.o
 .ARM.attributes
                0x000003ad       0x33 src/usart0.o
 .ARM.attributes
                0x000003e0       0x33 src/ASF/common/services/clock/sam3x/sysclk.o
 .ARM.attributes
                0x00000413       0x33 src/ASF/common/utils/interrupt/interrupt_sam_nvic.o
 .ARM.attributes
                0x00000446       0x33 src/ASF/sam/boards/arduino_due_x/init.o
 .ARM.attributes
                0x00000479       0x33 src/ASF/sam/drivers/pio/pio.o
 .ARM.attributes
                0x000004ac       0x33 src/ASF/sam/drivers/pio/pio_handler.o
 .ARM.attributes
                0x000004df       0x33 src/ASF/sam/drivers/pmc/pmc.o
 .ARM.attributes
                0x00000512       0x33 src/ASF/sam/utils/cmsis/sam3x/source/templates/exceptions.o
 .ARM.attributes
                0x00000545       0x33 src/ASF/sam/utils/cmsis/sam3x/source/templates/gcc/startup_sam3x.o
 .ARM.attributes
                0x00000578       0x33 src/ASF/sam/utils/cmsis/sam3x/source/templates/system_sam3x.o
 .ARM.attributes
                0x000005ab       0x33 src/ASF/sam/utils/syscalls/gcc/syscalls.o
 .ARM.attributes
                0x000005de       0x33 src/main.o
 .ARM.attributes
                0x00000611       0x2d c:/program files (x86)/atmel/studio/7.0/toolchain/arm/arm-gnu-toolchain/bin/../lib/gcc/arm-none-eabi/6.3.1/../../../../arm-none-eabi/lib/thumb/v7-m\libm.a(lib_a-w_sqrt.o)
 .ARM.attributes
                0x0000063e       0x2d c:/program files (x86)/atmel/studio/7.0/toolchain/arm/arm-gnu-toolchain/bin/../lib/gcc/arm-none-eabi/6.3.1/../../../../arm-none-eabi/lib/thumb/v7-m\libm.a(lib_a-e_sqrt.o)
 .ARM.attributes
                0x0000066b       0x2d c:/program files (x86)/atmel/studio/7.0/toolchain/arm/arm-gnu-toolchain/bin/../lib/gcc/arm-none-eabi/6.3.1/../../../../arm-none-eabi/lib/thumb/v7-m\libm.a(lib_a-s_lib_ver.o)
 .ARM.attributes
                0x00000698       0x2d c:/program files (x86)/atmel/studio/7.0/toolchain/arm/arm-gnu-toolchain/bin/../lib/gcc/arm-none-eabi/6.3.1/../../../../arm-none-eabi/lib/thumb/v7-m\libm.a(lib_a-s_matherr.o)
 .ARM.attributes
                0x000006c5       0x1d c:/program files (x86)/atmel/studio/7.0/toolchain/arm/arm-gnu-toolchain/bin/../lib/gcc/arm-none-eabi/6.3.1/thumb/v7-m\libgcc.a(_arm_addsubdf3.o)
 .ARM.attributes
                0x000006e2       0x1d c:/program files (x86)/atmel/studio/7.0/toolchain/arm/arm-gnu-toolchain/bin/../lib/gcc/arm-none-eabi/6.3.1/thumb/v7-m\libgcc.a(_arm_muldivdf3.o)
 .ARM.attributes
                0x000006ff       0x1d c:/program files (x86)/atmel/studio/7.0/toolchain/arm/arm-gnu-toolchain/bin/../lib/gcc/arm-none-eabi/6.3.1/thumb/v7-m\libgcc.a(_arm_cmpdf2.o)
 .ARM.attributes
                0x0000071c       0x1d c:/program files (x86)/atmel/studio/7.0/toolchain/arm/arm-gnu-toolchain/bin/../lib/gcc/arm-none-eabi/6.3.1/thumb/v7-m\libgcc.a(_arm_unorddf2.o)
 .ARM.attributes
                0x00000739       0x1d c:/program files (x86)/atmel/studio/7.0/toolchain/arm/arm-gnu-toolchain/bin/../lib/gcc/arm-none-eabi/6.3.1/thumb/v7-m\libgcc.a(_arm_fixunsdfsi.o)
 .ARM.attributes
                0x00000756       0x1d c:/program files (x86)/atmel/studio/7.0/toolchain/arm/arm-gnu-toolchain/bin/../lib/gcc/arm-none-eabi/6.3.1/thumb/v7-m\libgcc.a(_arm_addsubsf3.o)
 .ARM.attributes
                0x00000773       0x1d c:/program files (x86)/atmel/studio/7.0/toolchain/arm/arm-gnu-toolchain/bin/../lib/gcc/arm-none-eabi/6.3.1/thumb/v7-m\libgcc.a(_arm_muldivsf3.o)
 .ARM.attributes
                0x00000790       0x1d c:/program files (x86)/atmel/studio/7.0/toolchain/arm/arm-gnu-toolchain/bin/../lib/gcc/arm-none-eabi/6.3.1/thumb/v7-m\libgcc.a(_arm_fixunssfsi.o)
 .ARM.attributes
                0x000007ad       0x2d c:/program files (x86)/atmel/studio/7.0/toolchain/arm/arm-gnu-toolchain/bin/../lib/gcc/arm-none-eabi/6.3.1/../../../../arm-none-eabi/lib/thumb/v7-m\libc.a(lib_a-errno.o)
 .ARM.attributes
                0x000007da       0x2d c:/program files (x86)/atmel/studio/7.0/toolchain/arm/arm-gnu-toolchain/bin/../lib/gcc/arm-none-eabi/6.3.1/../../../../arm-none-eabi/lib/thumb/v7-m\libc.a(lib_a-impure.o)
 .ARM.attributes
                0x00000807       0x2d c:/program files (x86)/atmel/studio/7.0/toolchain/arm/arm-gnu-toolchain/bin/../lib/gcc/arm-none-eabi/6.3.1/../../../../arm-none-eabi/lib/thumb/v7-m\libc.a(lib_a-init.o)
 .ARM.attributes
                0x00000834       0x2d c:/program files (x86)/atmel/studio/7.0/toolchain/arm/arm-gnu-toolchain/bin/../lib/gcc/arm-none-eabi/6.3.1/../../../../arm-none-eabi/lib/thumb/v7-m\libc.a(lib_a-iprintf.o)
 .ARM.attributes
                0x00000861       0x2d c:/program files (x86)/atmel/studio/7.0/toolchain/arm/arm-gnu-toolchain/bin/../lib/gcc/arm-none-eabi/6.3.1/../../../../arm-none-eabi/lib/thumb/v7-m\libc.a(lib_a-memset.o)
 .ARM.attributes
                0x0000088e       0x2d c:/program files (x86)/atmel/studio/7.0/toolchain/arm/arm-gnu-toolchain/bin/../lib/gcc/arm-none-eabi/6.3.1/../../../../arm-none-eabi/lib/thumb/v7-m\libc.a(lib_a-setbuf.o)
 .ARM.attributes
                0x000008bb       0x2d c:/program files (x86)/atmel/studio/7.0/toolchain/arm/arm-gnu-toolchain/bin/../lib/gcc/arm-none-eabi/6.3.1/../../../../arm-none-eabi/lib/thumb/v7-m\libc.a(lib_a-setvbuf.o)
 .ARM.attributes
                0x000008e8       0x2d c:/program files (x86)/atmel/studio/7.0/toolchain/arm/arm-gnu-toolchain/bin/../lib/gcc/arm-none-eabi/6.3.1/../../../../arm-none-eabi/lib/thumb/v7-m\libc.a(lib_a-strlen-stub.o)
 .ARM.attributes
                0x00000915       0x2d c:/program files (x86)/atmel/studio/7.0/toolchain/arm/arm-gnu-toolchain/bin/../lib/gcc/arm-none-eabi/6.3.1/../../../../arm-none-eabi/lib/thumb/v7-m\libc.a(lib_a-vfiprintf.o)
 .ARM.attributes
                0x00000942       0x2d c:/program files (x86)/atmel/studio/7.0/toolchain/arm/arm-gnu-toolchain/bin/../lib/gcc/arm-none-eabi/6.3.1/../../../../arm-none-eabi/lib/thumb/v7-m\libc.a(lib_a-wsetup.o)
 .ARM.attributes
                0x0000096f       0x2d c:/program files (x86)/atmel/studio/7.0/toolchain/arm/arm-gnu-toolchain/bin/../lib/gcc/arm-none-eabi/6.3.1/../../../../arm-none-eabi/lib/thumb/v7-m\libc.a(lib_a-__call_atexit.o)
 .ARM.attributes
                0x0000099c       0x2d c:/program files (x86)/atmel/studio/7.0/toolchain/arm/arm-gnu-toolchain/bin/../lib/gcc/arm-none-eabi/6.3.1/../../../../arm-none-eabi/lib/thumb/v7-m\libc.a(lib_a-atexit.o)
 .ARM.attributes
                0x000009c9       0x2d c:/program files (x86)/atmel/studio/7.0/toolchain/arm/arm-gnu-toolchain/bin/../lib/gcc/arm-none-eabi/6.3.1/../../../../arm-none-eabi/lib/thumb/v7-m\libc.a(lib_a-fflush.o)
 .ARM.attributes
                0x000009f6       0x2d c:/program files (x86)/atmel/studio/7.0/toolchain/arm/arm-gnu-toolchain/bin/../lib/gcc/arm-none-eabi/6.3.1/../../../../arm-none-eabi/lib/thumb/v7-m\libc.a(lib_a-findfp.o)
 .ARM.attributes
                0x00000a23       0x2d c:/program files (x86)/atmel/studio/7.0/toolchain/arm/arm-gnu-toolchain/bin/../lib/gcc/arm-none-eabi/6.3.1/../../../../arm-none-eabi/lib/thumb/v7-m\libc.a(lib_a-fini.o)
 .ARM.attributes
                0x00000a50       0x2d c:/program files (x86)/atmel/studio/7.0/toolchain/arm/arm-gnu-toolchain/bin/../lib/gcc/arm-none-eabi/6.3.1/../../../../arm-none-eabi/lib/thumb/v7-m\libc.a(lib_a-fputwc.o)
 .ARM.attributes
                0x00000a7d       0x2d c:/program files (x86)/atmel/studio/7.0/toolchain/arm/arm-gnu-toolchain/bin/../lib/gcc/arm-none-eabi/6.3.1/../../../../arm-none-eabi/lib/thumb/v7-m\libc.a(lib_a-freer.o)
 .ARM.attributes
                0x00000aaa       0x2d c:/program files (x86)/atmel/studio/7.0/toolchain/arm/arm-gnu-toolchain/bin/../lib/gcc/arm-none-eabi/6.3.1/../../../../arm-none-eabi/lib/thumb/v7-m\libc.a(lib_a-fvwrite.o)
 .ARM.attributes
                0x00000ad7       0x2d c:/program files (x86)/atmel/studio/7.0/toolchain/arm/arm-gnu-toolchain/bin/../lib/gcc/arm-none-eabi/6.3.1/../../../../arm-none-eabi/lib/thumb/v7-m\libc.a(lib_a-fwalk.o)
 .ARM.attributes
                0x00000b04       0x2d c:/program files (x86)/atmel/studio/7.0/toolchain/arm/arm-gnu-toolchain/bin/../lib/gcc/arm-none-eabi/6.3.1/../../../../arm-none-eabi/lib/thumb/v7-m\libc.a(lib_a-locale.o)
 .ARM.attributes
                0x00000b31       0x2d c:/program files (x86)/atmel/studio/7.0/toolchain/arm/arm-gnu-toolchain/bin/../lib/gcc/arm-none-eabi/6.3.1/../../../../arm-none-eabi/lib/thumb/v7-m\libc.a(lib_a-lock.o)
 .ARM.attributes
                0x00000b5e       0x2d c:/program files (x86)/atmel/studio/7.0/toolchain/arm/arm-gnu-toolchain/bin/../lib/gcc/arm-none-eabi/6.3.1/../../../../arm-none-eabi/lib/thumb/v7-m\libc.a(lib_a-makebuf.o)
 .ARM.attributes
                0x00000b8b       0x2d c:/program files (x86)/atmel/studio/7.0/toolchain/arm/arm-gnu-toolchain/bin/../lib/gcc/arm-none-eabi/6.3.1/../../../../arm-none-eabi/lib/thumb/v7-m\libc.a(lib_a-malloc.o)
 .ARM.attributes
                0x00000bb8       0x2d c:/program files (x86)/atmel/studio/7.0/toolchain/arm/arm-gnu-toolchain/bin/../lib/gcc/arm-none-eabi/6.3.1/../../../../arm-none-eabi/lib/thumb/v7-m\libc.a(lib_a-mallocr.o)
 .ARM.attributes
                0x00000be5       0x2d c:/program files (x86)/atmel/studio/7.0/toolchain/arm/arm-gnu-toolchain/bin/../lib/gcc/arm-none-eabi/6.3.1/../../../../arm-none-eabi/lib/thumb/v7-m\libc.a(lib_a-mbtowc_r.o)
 .ARM.attributes
                0x00000c12       0x2d c:/program files (x86)/atmel/studio/7.0/toolchain/arm/arm-gnu-toolchain/bin/../lib/gcc/arm-none-eabi/6.3.1/../../../../arm-none-eabi/lib/thumb/v7-m\libc.a(lib_a-memchr-stub.o)
 .ARM.attributes
                0x00000c3f       0x1b c:/program files (x86)/atmel/studio/7.0/toolchain/arm/arm-gnu-toolchain/bin/../lib/gcc/arm-none-eabi/6.3.1/../../../../arm-none-eabi/lib/thumb/v7-m\libc.a(lib_a-memcpy.o)
 .ARM.attributes
                0x00000c5a       0x2d c:/program files (x86)/atmel/studio/7.0/toolchain/arm/arm-gnu-toolchain/bin/../lib/gcc/arm-none-eabi/6.3.1/../../../../arm-none-eabi/lib/thumb/v7-m\libc.a(lib_a-memmove.o)
 .ARM.attributes
                0x00000c87       0x2d c:/program files (x86)/atmel/studio/7.0/toolchain/arm/arm-gnu-toolchain/bin/../lib/gcc/arm-none-eabi/6.3.1/../../../../arm-none-eabi/lib/thumb/v7-m\libc.a(lib_a-mlock.o)
 .ARM.attributes
                0x00000cb4       0x2d c:/program files (x86)/atmel/studio/7.0/toolchain/arm/arm-gnu-toolchain/bin/../lib/gcc/arm-none-eabi/6.3.1/../../../../arm-none-eabi/lib/thumb/v7-m\libc.a(lib_a-reallocr.o)
 .ARM.attributes
                0x00000ce1       0x2d c:/program files (x86)/atmel/studio/7.0/toolchain/arm/arm-gnu-toolchain/bin/../lib/gcc/arm-none-eabi/6.3.1/../../../../arm-none-eabi/lib/thumb/v7-m\libc.a(lib_a-sbrkr.o)
 .ARM.attributes
                0x00000d0e       0x2d c:/program files (x86)/atmel/studio/7.0/toolchain/arm/arm-gnu-toolchain/bin/../lib/gcc/arm-none-eabi/6.3.1/../../../../arm-none-eabi/lib/thumb/v7-m\libc.a(lib_a-stdio.o)
 .ARM.attributes
                0x00000d3b       0x2d c:/program files (x86)/atmel/studio/7.0/toolchain/arm/arm-gnu-toolchain/bin/../lib/gcc/arm-none-eabi/6.3.1/../../../../arm-none-eabi/lib/thumb/v7-m\libc.a(lib_a-wbuf.o)
 .ARM.attributes
                0x00000d68       0x2d c:/program files (x86)/atmel/studio/7.0/toolchain/arm/arm-gnu-toolchain/bin/../lib/gcc/arm-none-eabi/6.3.1/../../../../arm-none-eabi/lib/thumb/v7-m\libc.a(lib_a-wcrtomb.o)
 .ARM.attributes
                0x00000d95       0x2d c:/program files (x86)/atmel/studio/7.0/toolchain/arm/arm-gnu-toolchain/bin/../lib/gcc/arm-none-eabi/6.3.1/../../../../arm-none-eabi/lib/thumb/v7-m\libc.a(lib_a-wctomb_r.o)
 .ARM.attributes
                0x00000dc2       0x2d c:/program files (x86)/atmel/studio/7.0/toolchain/arm/arm-gnu-toolchain/bin/../lib/gcc/arm-none-eabi/6.3.1/../../../../arm-none-eabi/lib/thumb/v7-m\libc.a(lib_a-writer.o)
 .ARM.attributes
                0x00000def       0x2d c:/program files (x86)/atmel/studio/7.0/toolchain/arm/arm-gnu-toolchain/bin/../lib/gcc/arm-none-eabi/6.3.1/../../../../arm-none-eabi/lib/thumb/v7-m\libc.a(lib_a-__atexit.o)
 .ARM.attributes
                0x00000e1c       0x2d c:/program files (x86)/atmel/studio/7.0/toolchain/arm/arm-gnu-toolchain/bin/../lib/gcc/arm-none-eabi/6.3.1/../../../../arm-none-eabi/lib/thumb/v7-m\libc.a(lib_a-closer.o)
 .ARM.attributes
                0x00000e49       0x2d c:/program files (x86)/atmel/studio/7.0/toolchain/arm/arm-gnu-toolchain/bin/../lib/gcc/arm-none-eabi/6.3.1/../../../../arm-none-eabi/lib/thumb/v7-m\libc.a(lib_a-ctype_.o)
 .ARM.attributes
                0x00000e76       0x2d c:/program files (x86)/atmel/studio/7.0/toolchain/arm/arm-gnu-toolchain/bin/../lib/gcc/arm-none-eabi/6.3.1/../../../../arm-none-eabi/lib/thumb/v7-m\libc.a(lib_a-fclose.o)
 .ARM.attributes
                0x00000ea3       0x2d c:/program files (x86)/atmel/studio/7.0/toolchain/arm/arm-gnu-toolchain/bin/../lib/gcc/arm-none-eabi/6.3.1/../../../../arm-none-eabi/lib/thumb/v7-m\libc.a(lib_a-fstatr.o)
 .ARM.attributes
                0x00000ed0       0x2d c:/program files (x86)/atmel/studio/7.0/toolchain/arm/arm-gnu-toolchain/bin/../lib/gcc/arm-none-eabi/6.3.1/../../../../arm-none-eabi/lib/thumb/v7-m\libc.a(lib_a-isattyr.o)
 .ARM.attributes
                0x00000efd       0x2d c:/program files (x86)/atmel/studio/7.0/toolchain/arm/arm-gnu-toolchain/bin/../lib/gcc/arm-none-eabi/6.3.1/../../../../arm-none-eabi/lib/thumb/v7-m\libc.a(lib_a-lseekr.o)
 .ARM.attributes
                0x00000f2a       0x2d c:/program files (x86)/atmel/studio/7.0/toolchain/arm/arm-gnu-toolchain/bin/../lib/gcc/arm-none-eabi/6.3.1/../../../../arm-none-eabi/lib/thumb/v7-m\libc.a(lib_a-readr.o)
 .ARM.attributes
                0x00000f57       0x2d c:/program files (x86)/atmel/studio/7.0/toolchain/arm/arm-gnu-toolchain/bin/../lib/gcc/arm-none-eabi/6.3.1/../../../../arm-none-eabi/lib/thumb/v7-m\libc.a(lib_a-reent.o)
 .ARM.attributes
                0x00000f84       0x1d c:/program files (x86)/atmel/studio/7.0/toolchain/arm/arm-gnu-toolchain/bin/../lib/gcc/arm-none-eabi/6.3.1/thumb/v7-m\libgcc.a(_aeabi_uldivmod.o)
 .ARM.attributes
                0x00000fa1       0x2d c:/program files (x86)/atmel/studio/7.0/toolchain/arm/arm-gnu-toolchain/bin/../lib/gcc/arm-none-eabi/6.3.1/thumb/v7-m\libgcc.a(_udivmoddi4.o)
 .ARM.attributes
                0x00000fce       0x1d c:/program files (x86)/atmel/studio/7.0/toolchain/arm/arm-gnu-toolchain/bin/../lib/gcc/arm-none-eabi/6.3.1/thumb/v7-m\libgcc.a(_dvmd_tls.o)
 .ARM.attributes
                0x00000feb       0x1d c:/program files (x86)/atmel/studio/7.0/toolchain/arm/arm-gnu-toolchain/bin/../lib/gcc/arm-none-eabi/6.3.1/thumb/v7-m/crtn.o

.comment        0x00000000       0x59
 .comment       0x00000000       0x59 src/adcdac.o
                                 0x5a (size before relaxing)
 .comment       0x00000059       0x5a src/ASF/common/services/serial/usart_serial.o
 .comment       0x00000059       0x5a src/ASF/common/utils/stdio/read.o
 .comment       0x00000059       0x5a src/ASF/common/utils/stdio/write.o
 .comment       0x00000059       0x5a src/ASF/sam/drivers/adc/adc.o
 .comment       0x00000059       0x5a src/ASF/sam/drivers/dacc/dacc.o
 .comment       0x00000059       0x5a src/ASF/sam/drivers/tc/tc.o
 .comment       0x00000059       0x5a src/ASF/sam/drivers/uart/uart.o
 .comment       0x00000059       0x5a src/ASF/sam/drivers/usart/usart.o
 .comment       0x00000059       0x5a src/ASF/thirdparty/wireless/addons/sio2host/uart/sio2host.o
 .comment       0x00000059       0x5a src/conf_tc.o
 .comment       0x00000059       0x5a src/ConsoleFunctions.o
 .comment       0x00000059       0x5a src/DelayFunctions.o
 .comment       0x00000059       0x5a src/LCDFunctions.o
 .comment       0x00000059       0x5a src/createHamming.o
 .comment       0x00000059       0x5a src/misc.o
 .comment       0x00000059       0x5a src/signalBehandling.o
 .comment       0x00000059       0x5a src/usart0.o
 .comment       0x00000059       0x5a src/ASF/common/services/clock/sam3x/sysclk.o
 .comment       0x00000059       0x5a src/ASF/common/utils/interrupt/interrupt_sam_nvic.o
 .comment       0x00000059       0x5a src/ASF/sam/boards/arduino_due_x/init.o
 .comment       0x00000059       0x5a src/ASF/sam/drivers/pio/pio.o
 .comment       0x00000059       0x5a src/ASF/sam/drivers/pio/pio_handler.o
 .comment       0x00000059       0x5a src/ASF/sam/drivers/pmc/pmc.o
 .comment       0x00000059       0x5a src/ASF/sam/utils/cmsis/sam3x/source/templates/exceptions.o
 .comment       0x00000059       0x5a src/ASF/sam/utils/cmsis/sam3x/source/templates/gcc/startup_sam3x.o
 .comment       0x00000059       0x5a src/ASF/sam/utils/cmsis/sam3x/source/templates/system_sam3x.o
 .comment       0x00000059       0x5a src/ASF/sam/utils/syscalls/gcc/syscalls.o
 .comment       0x00000059       0x5a src/main.o

.debug_info     0x00000000    0x21bdb
 .debug_info    0x00000000     0x12a2 src/adcdac.o
 .debug_info    0x000012a2     0x113c src/ASF/common/services/serial/usart_serial.o
 .debug_info    0x000023de      0xac9 src/ASF/common/utils/stdio/read.o
 .debug_info    0x00002ea7      0xac6 src/ASF/common/utils/stdio/write.o
 .debug_info    0x0000396d     0x1af7 src/ASF/sam/drivers/adc/adc.o
 .debug_info    0x00005464     0x11c6 src/ASF/sam/drivers/dacc/dacc.o
 .debug_info    0x0000662a     0x1260 src/ASF/sam/drivers/tc/tc.o
 .debug_info    0x0000788a     0x119e src/ASF/sam/drivers/uart/uart.o
 .debug_info    0x00008a28     0x24e6 src/ASF/sam/drivers/usart/usart.o
 .debug_info    0x0000af0e     0x19a3 src/ASF/thirdparty/wireless/addons/sio2host/uart/sio2host.o
 .debug_info    0x0000c8b1     0x103a src/conf_tc.o
 .debug_info    0x0000d8eb     0x13a7 src/ConsoleFunctions.o
 .debug_info    0x0000ec92      0xdc6 src/DelayFunctions.o
 .debug_info    0x0000fa58     0x1fea src/LCDFunctions.o
 .debug_info    0x00011a42      0xa35 src/createHamming.o
 .debug_info    0x00012477      0xc5c src/misc.o
 .debug_info    0x000130d3     0x1645 src/signalBehandling.o
 .debug_info    0x00014718     0x101e src/usart0.o
 .debug_info    0x00015736     0x11ad src/ASF/common/services/clock/sam3x/sysclk.o
 .debug_info    0x000168e3      0xb01 src/ASF/common/utils/interrupt/interrupt_sam_nvic.o
 .debug_info    0x000173e4     0x1054 src/ASF/sam/boards/arduino_due_x/init.o
 .debug_info    0x00018438     0x1c61 src/ASF/sam/drivers/pio/pio.o
 .debug_info    0x0001a099     0x17b0 src/ASF/sam/drivers/pio/pio_handler.o
 .debug_info    0x0001b849     0x1995 src/ASF/sam/drivers/pmc/pmc.o
 .debug_info    0x0001d1de      0xa39 src/ASF/sam/utils/cmsis/sam3x/source/templates/exceptions.o
 .debug_info    0x0001dc17      0xd1b src/ASF/sam/utils/cmsis/sam3x/source/templates/gcc/startup_sam3x.o
 .debug_info    0x0001e932      0xdc2 src/ASF/sam/utils/cmsis/sam3x/source/templates/system_sam3x.o
 .debug_info    0x0001f6f4      0xddf src/ASF/sam/utils/syscalls/gcc/syscalls.o
 .debug_info    0x000204d3     0x1708 src/main.o

.debug_abbrev   0x00000000     0x4d12
 .debug_abbrev  0x00000000      0x274 src/adcdac.o
 .debug_abbrev  0x00000274      0x2b1 src/ASF/common/services/serial/usart_serial.o
 .debug_abbrev  0x00000525      0x1fe src/ASF/common/utils/stdio/read.o
 .debug_abbrev  0x00000723      0x1e9 src/ASF/common/utils/stdio/write.o
 .debug_abbrev  0x0000090c      0x337 src/ASF/sam/drivers/adc/adc.o
 .debug_abbrev  0x00000c43      0x2ba src/ASF/sam/drivers/dacc/dacc.o
 .debug_abbrev  0x00000efd      0x293 src/ASF/sam/drivers/tc/tc.o
 .debug_abbrev  0x00001190      0x288 src/ASF/sam/drivers/uart/uart.o
 .debug_abbrev  0x00001418      0x406 src/ASF/sam/drivers/usart/usart.o
 .debug_abbrev  0x0000181e      0x3ea src/ASF/thirdparty/wireless/addons/sio2host/uart/sio2host.o
 .debug_abbrev  0x00001c08      0x26e src/conf_tc.o
 .debug_abbrev  0x00001e76      0x337 src/ConsoleFunctions.o
 .debug_abbrev  0x000021ad      0x219 src/DelayFunctions.o
 .debug_abbrev  0x000023c6      0x2fe src/LCDFunctions.o
 .debug_abbrev  0x000026c4      0x1c6 src/createHamming.o
 .debug_abbrev  0x0000288a      0x207 src/misc.o
 .debug_abbrev  0x00002a91      0x347 src/signalBehandling.o
 .debug_abbrev  0x00002dd8      0x251 src/usart0.o
 .debug_abbrev  0x00003029      0x330 src/ASF/common/services/clock/sam3x/sysclk.o
 .debug_abbrev  0x00003359      0x212 src/ASF/common/utils/interrupt/interrupt_sam_nvic.o
 .debug_abbrev  0x0000356b      0x262 src/ASF/sam/boards/arduino_due_x/init.o
 .debug_abbrev  0x000037cd      0x3c7 src/ASF/sam/drivers/pio/pio.o
 .debug_abbrev  0x00003b94      0x31a src/ASF/sam/drivers/pio/pio_handler.o
 .debug_abbrev  0x00003eae      0x306 src/ASF/sam/drivers/pmc/pmc.o
 .debug_abbrev  0x000041b4      0x1a4 src/ASF/sam/utils/cmsis/sam3x/source/templates/exceptions.o
 .debug_abbrev  0x00004358      0x1f2 src/ASF/sam/utils/cmsis/sam3x/source/templates/gcc/startup_sam3x.o
 .debug_abbrev  0x0000454a      0x1f4 src/ASF/sam/utils/cmsis/sam3x/source/templates/system_sam3x.o
 .debug_abbrev  0x0000473e      0x264 src/ASF/sam/utils/syscalls/gcc/syscalls.o
 .debug_abbrev  0x000049a2      0x370 src/main.o

.debug_loc      0x00000000     0x67dc
 .debug_loc     0x00000000       0x60 src/adcdac.o
 .debug_loc     0x00000060      0x2a7 src/ASF/common/services/serial/usart_serial.o
 .debug_loc     0x00000307       0xb3 src/ASF/common/utils/stdio/read.o
 .debug_loc     0x000003ba      0x12b src/ASF/common/utils/stdio/write.o
 .debug_loc     0x000004e5      0x9a4 src/ASF/sam/drivers/adc/adc.o
 .debug_loc     0x00000e89      0x3ca src/ASF/sam/drivers/dacc/dacc.o
 .debug_loc     0x00001253      0x5a4 src/ASF/sam/drivers/tc/tc.o
 .debug_loc     0x000017f7      0x241 src/ASF/sam/drivers/uart/uart.o
 .debug_loc     0x00001a38     0x1062 src/ASF/sam/drivers/usart/usart.o
 .debug_loc     0x00002a9a      0x5b0 src/ASF/thirdparty/wireless/addons/sio2host/uart/sio2host.o
 .debug_loc     0x0000304a       0x34 src/conf_tc.o
 .debug_loc     0x0000307e      0x34a src/ConsoleFunctions.o
 .debug_loc     0x000033c8       0x6c src/DelayFunctions.o
 .debug_loc     0x00003434      0x80c src/LCDFunctions.o
 .debug_loc     0x00003c40      0x205 src/createHamming.o
 .debug_loc     0x00003e45      0x74d src/misc.o
 .debug_loc     0x00004592      0x152 src/signalBehandling.o
 .debug_loc     0x000046e4       0xee src/usart0.o
 .debug_loc     0x000047d2      0x183 src/ASF/common/services/clock/sam3x/sysclk.o
 .debug_loc     0x00004955       0x70 src/ASF/sam/boards/arduino_due_x/init.o
 .debug_loc     0x000049c5      0xacc src/ASF/sam/drivers/pio/pio.o
 .debug_loc     0x00005491      0x525 src/ASF/sam/drivers/pio/pio_handler.o
 .debug_loc     0x000059b6      0xaeb src/ASF/sam/drivers/pmc/pmc.o
 .debug_loc     0x000064a1       0x6b src/ASF/sam/utils/cmsis/sam3x/source/templates/gcc/startup_sam3x.o
 .debug_loc     0x0000650c      0x149 src/ASF/sam/utils/syscalls/gcc/syscalls.o
 .debug_loc     0x00006655      0x187 src/main.o

.debug_aranges  0x00000000      0xe18
 .debug_aranges
                0x00000000       0x30 src/adcdac.o
 .debug_aranges
                0x00000030       0x28 src/ASF/common/services/serial/usart_serial.o
 .debug_aranges
                0x00000058       0x20 src/ASF/common/utils/stdio/read.o
 .debug_aranges
                0x00000078       0x20 src/ASF/common/utils/stdio/write.o
 .debug_aranges
                0x00000098      0x178 src/ASF/sam/drivers/adc/adc.o
 .debug_aranges
                0x00000210       0xc0 src/ASF/sam/drivers/dacc/dacc.o
 .debug_aranges
                0x000002d0       0xd0 src/ASF/sam/drivers/tc/tc.o
 .debug_aranges
                0x000003a0       0xe8 src/ASF/sam/drivers/uart/uart.o
 .debug_aranges
                0x00000488      0x2a8 src/ASF/sam/drivers/usart/usart.o
 .debug_aranges
                0x00000730       0x60 src/ASF/thirdparty/wireless/addons/sio2host/uart/sio2host.o
 .debug_aranges
                0x00000790       0x20 src/conf_tc.o
 .debug_aranges
                0x000007b0       0x30 src/ConsoleFunctions.o
 .debug_aranges
                0x000007e0       0x28 src/DelayFunctions.o
 .debug_aranges
                0x00000808       0x30 src/LCDFunctions.o
 .debug_aranges
                0x00000838       0x20 src/createHamming.o
 .debug_aranges
                0x00000858       0x30 src/misc.o
 .debug_aranges
                0x00000888       0x40 src/signalBehandling.o
 .debug_aranges
                0x000008c8       0x38 src/usart0.o
 .debug_aranges
                0x00000900       0x40 src/ASF/common/services/clock/sam3x/sysclk.o
 .debug_aranges
                0x00000940       0x28 src/ASF/common/utils/interrupt/interrupt_sam_nvic.o
 .debug_aranges
                0x00000968       0x20 src/ASF/sam/boards/arduino_due_x/init.o
 .debug_aranges
                0x00000988      0x148 src/ASF/sam/drivers/pio/pio.o
 .debug_aranges
                0x00000ad0       0x58 src/ASF/sam/drivers/pio/pio_handler.o
 .debug_aranges
                0x00000b28      0x200 src/ASF/sam/drivers/pmc/pmc.o
 .debug_aranges
                0x00000d28       0x20 src/ASF/sam/utils/cmsis/sam3x/source/templates/exceptions.o
 .debug_aranges
                0x00000d48       0x20 src/ASF/sam/utils/cmsis/sam3x/source/templates/gcc/startup_sam3x.o
 .debug_aranges
                0x00000d68       0x30 src/ASF/sam/utils/cmsis/sam3x/source/templates/system_sam3x.o
 .debug_aranges
                0x00000d98       0x60 src/ASF/sam/utils/syscalls/gcc/syscalls.o
 .debug_aranges
                0x00000df8       0x20 src/main.o

.debug_ranges   0x00000000      0xd08
 .debug_ranges  0x00000000       0x20 src/adcdac.o
 .debug_ranges  0x00000020       0x48 src/ASF/common/services/serial/usart_serial.o
 .debug_ranges  0x00000068       0x10 src/ASF/common/utils/stdio/read.o
 .debug_ranges  0x00000078       0x10 src/ASF/common/utils/stdio/write.o
 .debug_ranges  0x00000088      0x168 src/ASF/sam/drivers/adc/adc.o
 .debug_ranges  0x000001f0       0xb0 src/ASF/sam/drivers/dacc/dacc.o
 .debug_ranges  0x000002a0       0xc0 src/ASF/sam/drivers/tc/tc.o
 .debug_ranges  0x00000360       0xd8 src/ASF/sam/drivers/uart/uart.o
 .debug_ranges  0x00000438      0x298 src/ASF/sam/drivers/usart/usart.o
 .debug_ranges  0x000006d0       0x50 src/ASF/thirdparty/wireless/addons/sio2host/uart/sio2host.o
 .debug_ranges  0x00000720       0x10 src/conf_tc.o
 .debug_ranges  0x00000730       0x20 src/ConsoleFunctions.o
 .debug_ranges  0x00000750       0x18 src/DelayFunctions.o
 .debug_ranges  0x00000768       0x38 src/LCDFunctions.o
 .debug_ranges  0x000007a0       0x28 src/createHamming.o
 .debug_ranges  0x000007c8       0x20 src/misc.o
 .debug_ranges  0x000007e8       0x30 src/signalBehandling.o
 .debug_ranges  0x00000818       0x28 src/usart0.o
 .debug_ranges  0x00000840       0x30 src/ASF/common/services/clock/sam3x/sysclk.o
 .debug_ranges  0x00000870       0x18 src/ASF/common/utils/interrupt/interrupt_sam_nvic.o
 .debug_ranges  0x00000888       0x10 src/ASF/sam/boards/arduino_due_x/init.o
 .debug_ranges  0x00000898      0x150 src/ASF/sam/drivers/pio/pio.o
 .debug_ranges  0x000009e8       0x60 src/ASF/sam/drivers/pio/pio_handler.o
 .debug_ranges  0x00000a48      0x1f0 src/ASF/sam/drivers/pmc/pmc.o
 .debug_ranges  0x00000c38       0x10 src/ASF/sam/utils/cmsis/sam3x/source/templates/exceptions.o
 .debug_ranges  0x00000c48       0x10 src/ASF/sam/utils/cmsis/sam3x/source/templates/gcc/startup_sam3x.o
 .debug_ranges  0x00000c58       0x20 src/ASF/sam/utils/cmsis/sam3x/source/templates/system_sam3x.o
 .debug_ranges  0x00000c78       0x50 src/ASF/sam/utils/syscalls/gcc/syscalls.o
 .debug_ranges  0x00000cc8       0x40 src/main.o

.debug_macro    0x00000000    0x1dad5
 .debug_macro   0x00000000      0x6a6 src/adcdac.o
 .debug_macro   0x000006a6      0x8ce src/adcdac.o
 .debug_macro   0x00000f74      0x16d src/adcdac.o
 .debug_macro   0x000010e1      0x621 src/adcdac.o
 .debug_macro   0x00001702       0x76 src/adcdac.o
 .debug_macro   0x00001778       0x16 src/adcdac.o
 .debug_macro   0x0000178e      0x6e4 src/adcdac.o
 .debug_macro   0x00001e72       0x22 src/adcdac.o
 .debug_macro   0x00001e94       0x87 src/adcdac.o
 .debug_macro   0x00001f1b       0x51 src/adcdac.o
 .debug_macro   0x00001f6c       0xef src/adcdac.o
 .debug_macro   0x0000205b       0x6a src/adcdac.o
 .debug_macro   0x000020c5      0x1df src/adcdac.o
 .debug_macro   0x000022a4       0x20 src/adcdac.o
 .debug_macro   0x000022c4       0x3a src/adcdac.o
 .debug_macro   0x000022fe       0x2d src/adcdac.o
 .debug_macro   0x0000232b      0xbb1 src/adcdac.o
 .debug_macro   0x00002edc      0xab6 src/adcdac.o
 .debug_macro   0x00003992      0x569 src/adcdac.o
 .debug_macro   0x00003efb      0x2b5 src/adcdac.o
 .debug_macro   0x000041b0      0x31a src/adcdac.o
 .debug_macro   0x000044ca      0x74f src/adcdac.o
 .debug_macro   0x00004c19       0x82 src/adcdac.o
 .debug_macro   0x00004c9b      0x57b src/adcdac.o
 .debug_macro   0x00005216       0x1c src/adcdac.o
 .debug_macro   0x00005232      0x6b7 src/adcdac.o
 .debug_macro   0x000058e9      0x52d src/adcdac.o
 .debug_macro   0x00005e16       0xbe src/adcdac.o
 .debug_macro   0x00005ed4     0x2342 src/adcdac.o
 .debug_macro   0x00008216      0x85d src/adcdac.o
 .debug_macro   0x00008a73      0xdc9 src/adcdac.o
 .debug_macro   0x0000983c       0x7c src/adcdac.o
 .debug_macro   0x000098b8      0x263 src/adcdac.o
 .debug_macro   0x00009b1b       0x58 src/adcdac.o
 .debug_macro   0x00009b73      0x9a7 src/adcdac.o
 .debug_macro   0x0000a51a      0x248 src/adcdac.o
 .debug_macro   0x0000a762      0x4df src/adcdac.o
 .debug_macro   0x0000ac41      0x6b3 src/adcdac.o
 .debug_macro   0x0000b2f4      0x59f src/adcdac.o
 .debug_macro   0x0000b893       0x46 src/adcdac.o
 .debug_macro   0x0000b8d9      0x34d src/adcdac.o
 .debug_macro   0x0000bc26      0x28c src/adcdac.o
 .debug_macro   0x0000beb2     0x14d7 src/adcdac.o
 .debug_macro   0x0000d389      0x7ba src/adcdac.o
 .debug_macro   0x0000db43       0x76 src/adcdac.o
 .debug_macro   0x0000dbb9       0x82 src/adcdac.o
 .debug_macro   0x0000dc3b       0x76 src/adcdac.o
 .debug_macro   0x0000dcb1       0x4c src/adcdac.o
 .debug_macro   0x0000dcfd      0x105 src/adcdac.o
 .debug_macro   0x0000de02      0x105 src/adcdac.o
 .debug_macro   0x0000df07      0x105 src/adcdac.o
 .debug_macro   0x0000e00c       0x88 src/adcdac.o
 .debug_macro   0x0000e094       0x88 src/adcdac.o
 .debug_macro   0x0000e11c      0x3b4 src/adcdac.o
 .debug_macro   0x0000e4d0       0xb8 src/adcdac.o
 .debug_macro   0x0000e588       0xb8 src/adcdac.o
 .debug_macro   0x0000e640       0xb8 src/adcdac.o
 .debug_macro   0x0000e6f8       0xb8 src/adcdac.o
 .debug_macro   0x0000e7b0      0x2b8 src/adcdac.o
 .debug_macro   0x0000ea68      0x125 src/adcdac.o
 .debug_macro   0x0000eb8d      0x225 src/adcdac.o
 .debug_macro   0x0000edb2      0x225 src/adcdac.o
 .debug_macro   0x0000efd7       0x2e src/adcdac.o
 .debug_macro   0x0000f005       0xac src/adcdac.o
 .debug_macro   0x0000f0b1      0x14d src/adcdac.o
 .debug_macro   0x0000f1fe       0x7c src/adcdac.o
 .debug_macro   0x0000f27a      0x205 src/adcdac.o
 .debug_macro   0x0000f47f       0x64 src/adcdac.o
 .debug_macro   0x0000f4e3       0xa6 src/adcdac.o
 .debug_macro   0x0000f589       0x7c src/adcdac.o
 .debug_macro   0x0000f605       0x16 src/adcdac.o
 .debug_macro   0x0000f61b       0x22 src/adcdac.o
 .debug_macro   0x0000f63d       0x22 src/adcdac.o
 .debug_macro   0x0000f65f      0x115 src/adcdac.o
 .debug_macro   0x0000f774      0x115 src/adcdac.o
 .debug_macro   0x0000f889      0x115 src/adcdac.o
 .debug_macro   0x0000f99e      0x115 src/adcdac.o
 .debug_macro   0x0000fab3       0x1c src/adcdac.o
 .debug_macro   0x0000facf       0x2e src/adcdac.o
 .debug_macro   0x0000fafd       0x22 src/adcdac.o
 .debug_macro   0x0000fb1f       0x1c src/adcdac.o
 .debug_macro   0x0000fb3b       0x58 src/adcdac.o
 .debug_macro   0x0000fb93       0x10 src/adcdac.o
 .debug_macro   0x0000fba3      0x273 src/adcdac.o
 .debug_macro   0x0000fe16      0xd43 src/adcdac.o
 .debug_macro   0x00010b59      0x131 src/adcdac.o
 .debug_macro   0x00010c8a       0x58 src/adcdac.o
 .debug_macro   0x00010ce2       0x35 src/adcdac.o
 .debug_macro   0x00010d17       0x9c src/adcdac.o
 .debug_macro   0x00010db3       0x16 src/adcdac.o
 .debug_macro   0x00010dc9       0x35 src/adcdac.o
 .debug_macro   0x00010dfe      0x353 src/adcdac.o
 .debug_macro   0x00011151       0x10 src/adcdac.o
 .debug_macro   0x00011161       0x58 src/adcdac.o
 .debug_macro   0x000111b9       0x1f src/adcdac.o
 .debug_macro   0x000111d8       0x43 src/adcdac.o
 .debug_macro   0x0001121b       0x20 src/adcdac.o
 .debug_macro   0x0001123b      0x187 src/adcdac.o
 .debug_macro   0x000113c2       0x10 src/adcdac.o
 .debug_macro   0x000113d2       0x1c src/adcdac.o
 .debug_macro   0x000113ee       0x52 src/adcdac.o
 .debug_macro   0x00011440       0x40 src/adcdac.o
 .debug_macro   0x00011480       0x10 src/adcdac.o
 .debug_macro   0x00011490       0x40 src/adcdac.o
 .debug_macro   0x000114d0       0xd7 src/adcdac.o
 .debug_macro   0x000115a7       0x16 src/adcdac.o
 .debug_macro   0x000115bd      0x18b src/adcdac.o
 .debug_macro   0x00011748       0x22 src/adcdac.o
 .debug_macro   0x0001176a       0x16 src/adcdac.o
 .debug_macro   0x00011780       0x16 src/adcdac.o
 .debug_macro   0x00011796       0x29 src/adcdac.o
 .debug_macro   0x000117bf       0x6e src/adcdac.o
 .debug_macro   0x0001182d       0x45 src/adcdac.o
 .debug_macro   0x00011872      0x3ca src/adcdac.o
 .debug_macro   0x00011c3c       0x1c src/adcdac.o
 .debug_macro   0x00011c58       0x16 src/adcdac.o
 .debug_macro   0x00011c6e       0x94 src/adcdac.o
 .debug_macro   0x00011d02       0x40 src/adcdac.o
 .debug_macro   0x00011d42      0x279 src/adcdac.o
 .debug_macro   0x00011fbb      0x790 src/adcdac.o
 .debug_macro   0x0001274b       0x34 src/adcdac.o
 .debug_macro   0x0001277f       0x5e src/adcdac.o
 .debug_macro   0x000127dd       0x64 src/adcdac.o
 .debug_macro   0x00012841       0x5f src/adcdac.o
 .debug_macro   0x000128a0       0x90 src/adcdac.o
 .debug_macro   0x00012930       0x6a src/adcdac.o
 .debug_macro   0x0001299a       0x34 src/adcdac.o
 .debug_macro   0x000129ce       0x1c src/adcdac.o
 .debug_macro   0x000129ea       0x2e src/adcdac.o
 .debug_macro   0x00012a18       0x1c src/adcdac.o
 .debug_macro   0x00012a34      0x60a src/ASF/common/services/serial/usart_serial.o
 .debug_macro   0x0001303e      0x550 src/ASF/common/utils/stdio/read.o
 .debug_macro   0x0001358e      0x550 src/ASF/common/utils/stdio/write.o
 .debug_macro   0x00013ade      0x570 src/ASF/sam/drivers/adc/adc.o
 .debug_macro   0x0001404e      0x571 src/ASF/sam/drivers/dacc/dacc.o
 .debug_macro   0x000145bf       0x10 src/ASF/sam/drivers/dacc/dacc.o
 .debug_macro   0x000145cf      0x56c src/ASF/sam/drivers/tc/tc.o
 .debug_macro   0x00014b3b       0x52 src/ASF/sam/drivers/tc/tc.o
 .debug_macro   0x00014b8d       0x8d src/ASF/sam/drivers/tc/tc.o
 .debug_macro   0x00014c1a       0x16 src/ASF/sam/drivers/tc/tc.o
 .debug_macro   0x00014c30       0x57 src/ASF/sam/drivers/tc/tc.o
 .debug_macro   0x00014c87       0x1c src/ASF/sam/drivers/tc/tc.o
 .debug_macro   0x00014ca3      0x55f src/ASF/sam/drivers/uart/uart.o
 .debug_macro   0x00015202       0x16 src/ASF/sam/drivers/uart/uart.o
 .debug_macro   0x00015218      0x59b src/ASF/sam/drivers/usart/usart.o
 .debug_macro   0x000157b3       0x28 src/ASF/sam/drivers/usart/usart.o
 .debug_macro   0x000157db      0x6b0 src/ASF/thirdparty/wireless/addons/sio2host/uart/sio2host.o
 .debug_macro   0x00015e8b       0x40 src/ASF/thirdparty/wireless/addons/sio2host/uart/sio2host.o
 .debug_macro   0x00015ecb      0x6a6 src/conf_tc.o
 .debug_macro   0x00016571      0x69e src/ConsoleFunctions.o
 .debug_macro   0x00016c0f       0x97 src/ConsoleFunctions.o
 .debug_macro   0x00016ca6       0xf6 src/ConsoleFunctions.o
 .debug_macro   0x00016d9c       0x22 src/ConsoleFunctions.o
 .debug_macro   0x00016dbe       0x70 src/ConsoleFunctions.o
 .debug_macro   0x00016e2e       0x58 src/ConsoleFunctions.o
 .debug_macro   0x00016e86      0x6a6 src/DelayFunctions.o
 .debug_macro   0x0001752c      0x6c7 src/LCDFunctions.o
 .debug_macro   0x00017bf3       0x82 src/LCDFunctions.o
 .debug_macro   0x00017c75      0x45d src/LCDFunctions.o
 .debug_macro   0x000180d2       0xfd src/LCDFunctions.o